K200_S15 L=1 frames=50000 errors=0 MAX_FRAMES_REACHED
K200_S15 L=5 frames=1000 errors=974 TARGET_FRAME_ERRORS_REACHED
K200_S15 L=12 frames=1000 errors=990 TARGET_FRAME_ERRORS_REACHED
K200_S15 L=30 frames=1000 errors=1000 TARGET_FRAME_ERRORS_REACHED
K200_M255K207 L=1 frames=50000 errors=0 MAX_FRAMES_REACHED
K200_M255K207 L=5 frames=50000 errors=0 MAX_FRAMES_REACHED
K200_M255K207 L=12 frames=1000 errors=833 TARGET_FRAME_ERRORS_REACHED
K200_M255K207 L=30 frames=1000 errors=909 TARGET_FRAME_ERRORS_REACHED
K200_M511K421 L=1 frames=50000 errors=0 MAX_FRAMES_REACHED
K200_M511K421 L=5 frames=50000 errors=0 MAX_FRAMES_REACHED
K200_M511K421 L=12 frames=1000 errors=710 TARGET_FRAME_ERRORS_REACHED
K200_M511K421 L=30 frames=1000 errors=766 TARGET_FRAME_ERRORS_REACHED
K200_M511K385 L=1 frames=50000 errors=0 MAX_FRAMES_REACHED
K200_M511K385 L=5 frames=50000 errors=0 MAX_FRAMES_REACHED
K200_M511K385 L=12 frames=50000 errors=0 MAX_FRAMES_REACHED
K200_M511K385 L=30 frames=1000 errors=656 TARGET_FRAME_ERRORS_REACHED
K300_S15 L=1 frames=50000 errors=0 MAX_FRAMES_REACHED
K300_S15 L=5 frames=1000 errors=994 TARGET_FRAME_ERRORS_REACHED
K300_S15 L=12 frames=1000 errors=998 TARGET_FRAME_ERRORS_REACHED
K300_S15 L=30 frames=1000 errors=1000 TARGET_FRAME_ERRORS_REACHED
K300_M255K207 L=1 frames=50000 errors=0 MAX_FRAMES_REACHED
K300_M255K207 L=5 frames=50000 errors=0 MAX_FRAMES_REACHED
K300_M255K207 L=12 frames=1000 errors=775 TARGET_FRAME_ERRORS_REACHED
K300_M255K207 L=30 frames=1000 errors=893 TARGET_FRAME_ERRORS_REACHED
K300_M511K421 L=1 frames=50000 errors=0 MAX_FRAMES_REACHED
K300_M511K421 L=5 frames=50000 errors=0 MAX_FRAMES_REACHED
K300_M511K421 L=12 frames=1000 errors=800 TARGET_FRAME_ERRORS_REACHED
K300_M511K421 L=30 frames=1000 errors=809 TARGET_FRAME_ERRORS_REACHED
K300_M511K385 L=1 frames=50000 errors=0 MAX_FRAMES_REACHED
K300_M511K385 L=5 frames=50000 errors=0 MAX_FRAMES_REACHED
K300_M511K385 L=12 frames=50000 errors=0 MAX_FRAMES_REACHED
K300_M511K385 L=30 frames=1000 errors=738 TARGET_FRAME_ERRORS_REACHED
PASS_STAGE14_BURST_FORMAL_RUNNER
