K200_S15 L=0 frames=50000 errors=0 MAX_FRAMES_REACHED
K200_S15 L=4 frames=1000 errors=977 TARGET_FRAME_ERRORS_REACHED
K200_S15 L=10 frames=1000 errors=986 TARGET_FRAME_ERRORS_REACHED
K200_S15 L=25 frames=1000 errors=1000 TARGET_FRAME_ERRORS_REACHED
K200_M255K207 L=0 frames=50000 errors=0 MAX_FRAMES_REACHED
K200_M255K207 L=4 frames=50000 errors=0 MAX_FRAMES_REACHED
K200_M255K207 L=10 frames=1000 errors=829 TARGET_FRAME_ERRORS_REACHED
K200_M255K207 L=25 frames=1000 errors=889 TARGET_FRAME_ERRORS_REACHED
K200_M511K421 L=0 frames=50000 errors=0 MAX_FRAMES_REACHED
K200_M511K421 L=4 frames=50000 errors=0 MAX_FRAMES_REACHED
K200_M511K421 L=10 frames=50000 errors=0 MAX_FRAMES_REACHED
K200_M511K421 L=25 frames=1000 errors=767 TARGET_FRAME_ERRORS_REACHED
K200_M511K385 L=0 frames=50000 errors=0 MAX_FRAMES_REACHED
K200_M511K385 L=4 frames=50000 errors=0 MAX_FRAMES_REACHED
K200_M511K385 L=10 frames=50000 errors=0 MAX_FRAMES_REACHED
K200_M511K385 L=25 frames=1000 errors=629 TARGET_FRAME_ERRORS_REACHED
K300_S15 L=0 frames=50000 errors=0 MAX_FRAMES_REACHED
K300_S15 L=4 frames=1000 errors=988 TARGET_FRAME_ERRORS_REACHED
K300_S15 L=10 frames=1000 errors=994 TARGET_FRAME_ERRORS_REACHED
K300_S15 L=25 frames=1000 errors=1000 TARGET_FRAME_ERRORS_REACHED
K300_M255K207 L=0 frames=50000 errors=0 MAX_FRAMES_REACHED
K300_M255K207 L=4 frames=50000 errors=0 MAX_FRAMES_REACHED
K300_M255K207 L=10 frames=1000 errors=751 TARGET_FRAME_ERRORS_REACHED
K300_M255K207 L=25 frames=1000 errors=864 TARGET_FRAME_ERRORS_REACHED
K300_M511K421 L=0 frames=50000 errors=0 MAX_FRAMES_REACHED
K300_M511K421 L=4 frames=50000 errors=0 MAX_FRAMES_REACHED
K300_M511K421 L=10 frames=50000 errors=0 MAX_FRAMES_REACHED
K300_M511K421 L=25 frames=1000 errors=819 TARGET_FRAME_ERRORS_REACHED
K300_M511K385 L=0 frames=50000 errors=0 MAX_FRAMES_REACHED
K300_M511K385 L=4 frames=50000 errors=0 MAX_FRAMES_REACHED
K300_M511K385 L=10 frames=50000 errors=0 MAX_FRAMES_REACHED
K300_M511K385 L=25 frames=1000 errors=719 TARGET_FRAME_ERRORS_REACHED
PASS_STAGE14_BURST_FORMAL_RUNNER
