K200_S15 ROW_COLUMN D=4 L=5 frames=1000 errors=903 TARGET_FRAME_ERRORS_REACHED
K200_S15 ROW_COLUMN D=4 L=20 frames=1000 errors=1000 TARGET_FRAME_ERRORS_REACHED
K200_S15 ROW_COLUMN D=16 L=8 frames=50000 errors=0 MAX_FRAMES_REACHED
K200_S15 ROW_COLUMN D=16 L=30 frames=1000 errors=1000 TARGET_FRAME_ERRORS_REACHED
K200_M255K207 ROW_COLUMN D=4 L=10 frames=1000 errors=1000 TARGET_FRAME_ERRORS_REACHED
K200_M255K207 ROW_COLUMN D=16 L=3 frames=50000 errors=0 MAX_FRAMES_REACHED
K200_M255K207 ROW_COLUMN D=16 L=15 frames=1000 errors=1000 TARGET_FRAME_ERRORS_REACHED
K200_M511K421 ROW_COLUMN D=4 L=5 frames=50000 errors=0 MAX_FRAMES_REACHED
K200_M511K421 ROW_COLUMN D=4 L=20 frames=1000 errors=1000 TARGET_FRAME_ERRORS_REACHED
K200_M511K421 ROW_COLUMN D=16 L=8 frames=50000 errors=0 MAX_FRAMES_REACHED
K200_M511K421 ROW_COLUMN D=16 L=30 frames=1000 errors=1000 TARGET_FRAME_ERRORS_REACHED
K200_M511K385 ROW_COLUMN D=4 L=10 frames=50000 errors=0 MAX_FRAMES_REACHED
K200_M511K385 ROW_COLUMN D=16 L=3 frames=50000 errors=0 MAX_FRAMES_REACHED
K200_M511K385 ROW_COLUMN D=16 L=15 frames=1000 errors=1000 TARGET_FRAME_ERRORS_REACHED
K300_S15 ROW_COLUMN D=4 L=5 frames=1000 errors=930 TARGET_FRAME_ERRORS_REACHED
K300_S15 ROW_COLUMN D=4 L=20 frames=1000 errors=1000 TARGET_FRAME_ERRORS_REACHED
K300_S15 ROW_COLUMN D=16 L=8 frames=50000 errors=0 MAX_FRAMES_REACHED
K300_S15 ROW_COLUMN D=16 L=30 frames=1000 errors=1000 TARGET_FRAME_ERRORS_REACHED
K300_M255K207 ROW_COLUMN D=4 L=10 frames=50000 errors=0 MAX_FRAMES_REACHED
K300_M255K207 ROW_COLUMN D=16 L=3 frames=50000 errors=0 MAX_FRAMES_REACHED
K300_M255K207 ROW_COLUMN D=16 L=15 frames=1000 errors=1000 TARGET_FRAME_ERRORS_REACHED
K300_M511K421 ROW_COLUMN D=4 L=5 frames=50000 errors=0 MAX_FRAMES_REACHED
K300_M511K421 ROW_COLUMN D=4 L=20 frames=1000 errors=1000 TARGET_FRAME_ERRORS_REACHED
K300_M511K421 ROW_COLUMN D=16 L=8 frames=50000 errors=0 MAX_FRAMES_REACHED
K300_M511K421 ROW_COLUMN D=16 L=30 frames=1000 errors=1000 TARGET_FRAME_ERRORS_REACHED
K300_M511K385 PSEUDORANDOM D=4 L=10 frames=50000 errors=0 MAX_FRAMES_REACHED
K300_M511K385 PSEUDORANDOM D=16 L=3 frames=50000 errors=0 MAX_FRAMES_REACHED
K300_M511K385 PSEUDORANDOM D=16 L=15 frames=1000 errors=1000 TARGET_FRAME_ERRORS_REACHED
PASS_STAGE15_INTERLEAVING_FORMAL_RUNNER
