K200_S15 BLOCK D=8 L=1 frames=50000 errors=0 MAX_FRAMES_REACHED
K200_S15 BLOCK D=8 L=8 frames=1000 errors=774 TARGET_FRAME_ERRORS_REACHED
K200_S15 BLOCK D=8 L=30 frames=1000 errors=1000 TARGET_FRAME_ERRORS_REACHED
K200_S15 ROW_COLUMN D=8 L=5 frames=50000 errors=0 MAX_FRAMES_REACHED
K200_S15 ROW_COLUMN D=8 L=20 frames=1000 errors=1000 TARGET_FRAME_ERRORS_REACHED
K200_S15 PSEUDORANDOM D=8 L=3 frames=1069 errors=200 TARGET_FRAME_ERRORS_REACHED
K200_S15 PSEUDORANDOM D=8 L=15 frames=1000 errors=1000 TARGET_FRAME_ERRORS_REACHED
K200_M255K207 BLOCK D=8 L=2 frames=50000 errors=0 MAX_FRAMES_REACHED
K200_M255K207 BLOCK D=8 L=10 frames=1000 errors=1000 TARGET_FRAME_ERRORS_REACHED
K200_M255K207 ROW_COLUMN D=8 L=1 frames=50000 errors=0 MAX_FRAMES_REACHED
K200_M255K207 ROW_COLUMN D=8 L=8 frames=1000 errors=1000 TARGET_FRAME_ERRORS_REACHED
K200_M255K207 ROW_COLUMN D=8 L=30 frames=1000 errors=1000 TARGET_FRAME_ERRORS_REACHED
K200_M255K207 PSEUDORANDOM D=8 L=5 frames=50000 errors=0 MAX_FRAMES_REACHED
K200_M255K207 PSEUDORANDOM D=8 L=20 frames=1000 errors=1000 TARGET_FRAME_ERRORS_REACHED
K200_M511K421 BLOCK D=8 L=3 frames=50000 errors=0 MAX_FRAMES_REACHED
K200_M511K421 BLOCK D=8 L=15 frames=1000 errors=1000 TARGET_FRAME_ERRORS_REACHED
K200_M511K421 ROW_COLUMN D=8 L=2 frames=50000 errors=0 MAX_FRAMES_REACHED
K200_M511K421 ROW_COLUMN D=8 L=10 frames=50000 errors=0 MAX_FRAMES_REACHED
K200_M511K421 PSEUDORANDOM D=8 L=1 frames=50000 errors=0 MAX_FRAMES_REACHED
K200_M511K421 PSEUDORANDOM D=8 L=8 frames=50000 errors=0 MAX_FRAMES_REACHED
K200_M511K421 PSEUDORANDOM D=8 L=30 frames=1000 errors=1000 TARGET_FRAME_ERRORS_REACHED
K200_M511K385 BLOCK D=8 L=5 frames=50000 errors=0 MAX_FRAMES_REACHED
K200_M511K385 BLOCK D=8 L=20 frames=1000 errors=1000 TARGET_FRAME_ERRORS_REACHED
K200_M511K385 ROW_COLUMN D=8 L=3 frames=50000 errors=0 MAX_FRAMES_REACHED
K200_M511K385 ROW_COLUMN D=8 L=15 frames=1000 errors=1000 TARGET_FRAME_ERRORS_REACHED
K200_M511K385 PSEUDORANDOM D=8 L=2 frames=50000 errors=0 MAX_FRAMES_REACHED
K200_M511K385 PSEUDORANDOM D=8 L=10 frames=50000 errors=0 MAX_FRAMES_REACHED
K300_S15 BLOCK D=8 L=1 frames=50000 errors=0 MAX_FRAMES_REACHED
K300_S15 BLOCK D=8 L=8 frames=1000 errors=796 TARGET_FRAME_ERRORS_REACHED
K300_S15 BLOCK D=8 L=30 frames=1000 errors=1000 TARGET_FRAME_ERRORS_REACHED
K300_S15 ROW_COLUMN D=8 L=5 frames=50000 errors=0 MAX_FRAMES_REACHED
K300_S15 ROW_COLUMN D=8 L=20 frames=1000 errors=1000 TARGET_FRAME_ERRORS_REACHED
K300_S15 PSEUDORANDOM D=8 L=3 frames=1878 errors=200 TARGET_FRAME_ERRORS_REACHED
K300_S15 PSEUDORANDOM D=8 L=15 frames=1000 errors=973 TARGET_FRAME_ERRORS_REACHED
K300_M255K207 BLOCK D=8 L=2 frames=50000 errors=0 MAX_FRAMES_REACHED
K300_M255K207 BLOCK D=8 L=10 frames=1000 errors=263 TARGET_FRAME_ERRORS_REACHED
K300_M255K207 ROW_COLUMN D=8 L=1 frames=50000 errors=0 MAX_FRAMES_REACHED
K300_M255K207 ROW_COLUMN D=8 L=8 frames=50000 errors=0 MAX_FRAMES_REACHED
K300_M255K207 ROW_COLUMN D=8 L=30 frames=1000 errors=1000 TARGET_FRAME_ERRORS_REACHED
K300_M255K207 PSEUDORANDOM D=8 L=5 frames=50000 errors=0 MAX_FRAMES_REACHED
K300_M255K207 PSEUDORANDOM D=8 L=20 frames=1000 errors=1000 TARGET_FRAME_ERRORS_REACHED
K300_M511K421 BLOCK D=8 L=3 frames=50000 errors=0 MAX_FRAMES_REACHED
K300_M511K421 BLOCK D=8 L=15 frames=1000 errors=1000 TARGET_FRAME_ERRORS_REACHED
K300_M511K421 ROW_COLUMN D=8 L=2 frames=50000 errors=0 MAX_FRAMES_REACHED
K300_M511K421 ROW_COLUMN D=8 L=10 frames=50000 errors=0 MAX_FRAMES_REACHED
K300_M511K421 PSEUDORANDOM D=8 L=1 frames=50000 errors=0 MAX_FRAMES_REACHED
K300_M511K421 PSEUDORANDOM D=8 L=8 frames=50000 errors=0 MAX_FRAMES_REACHED
K300_M511K421 PSEUDORANDOM D=8 L=30 frames=1000 errors=1000 TARGET_FRAME_ERRORS_REACHED
K300_M511K385 BLOCK D=8 L=5 frames=50000 errors=0 MAX_FRAMES_REACHED
K300_M511K385 BLOCK D=8 L=20 frames=1000 errors=1000 TARGET_FRAME_ERRORS_REACHED
K300_M511K385 ROW_COLUMN D=8 L=3 frames=50000 errors=0 MAX_FRAMES_REACHED
K300_M511K385 ROW_COLUMN D=8 L=15 frames=1000 errors=1000 TARGET_FRAME_ERRORS_REACHED
K300_M511K385 PSEUDORANDOM D=8 L=2 frames=50000 errors=0 MAX_FRAMES_REACHED
K300_M511K385 PSEUDORANDOM D=8 L=10 frames=50000 errors=0 MAX_FRAMES_REACHED
PASS_STAGE15_INTERLEAVING_FORMAL_RUNNER
