reference R12 -4 frames=1000
reference R12 -2 frames=1000
reference R12 0 frames=10066
reference R12 2 frames=50000
reference R12 4 frames=50000
reference R12 6 frames=50000
reference R12 8 frames=50000
reference R12 10 frames=50000
reference R23 -3.5 frames=1000
reference R23 -1.5 frames=1000
reference R23 0.5 frames=1000
reference R23 2.5 frames=50000
reference R23 4.5 frames=50000
reference R23 6.5 frames=50000
reference R23 8.5 frames=50000
reference R34 -5 frames=1000
reference R34 -3 frames=1000
reference R34 -1 frames=1000
reference R34 1 frames=1000
reference R34 3 frames=34843
reference R34 5 frames=50000
reference R34 7 frames=50000
reference R34 9 frames=50000
PASS_STAGE13_REFERENCE_REPLAY rows=69 shard=2/4
