reference R12 -3.5 frames=1000
reference R12 -1.5 frames=1000
reference R12 0.5 frames=39747
reference R12 2.5 frames=50000
reference R12 4.5 frames=50000
reference R12 6.5 frames=50000
reference R12 8.5 frames=50000
reference R23 -5 frames=1000
reference R23 -3 frames=1000
reference R23 -1 frames=1000
reference R23 1 frames=2149
reference R23 3 frames=50000
reference R23 5 frames=50000
reference R23 7 frames=50000
reference R23 9 frames=50000
reference R34 -4.5 frames=1000
reference R34 -2.5 frames=1000
reference R34 -0.5 frames=1000
reference R34 1.5 frames=1000
reference R34 3.5 frames=50000
reference R34 5.5 frames=50000
reference R34 7.5 frames=50000
reference R34 9.5 frames=50000
PASS_STAGE13_REFERENCE_REPLAY rows=69 shard=3/4
