reference R12 -4.5 frames=1000
reference R12 -2.5 frames=1000
reference R12 -0.5 frames=2974
reference R12 1.5 frames=50000
reference R12 3.5 frames=50000
reference R12 5.5 frames=50000
reference R12 7.5 frames=50000
reference R12 9.5 frames=50000
reference R23 -4 frames=1000
reference R23 -2 frames=1000
reference R23 0 frames=1000
reference R23 2 frames=32464
reference R23 4 frames=50000
reference R23 6 frames=50000
reference R23 8 frames=50000
reference R23 10 frames=50000
reference R34 -3.5 frames=1000
reference R34 -1.5 frames=1000
reference R34 0.5 frames=1000
reference R34 2.5 frames=9238
reference R34 4.5 frames=50000
reference R34 6.5 frames=50000
reference R34 8.5 frames=50000
PASS_STAGE13_REFERENCE_REPLAY rows=69 shard=1/4
