reference R12 -5 frames=1000
reference R12 -3 frames=1000
reference R12 -1 frames=1240
reference R12 1 frames=50000
reference R12 3 frames=50000
reference R12 5 frames=50000
reference R12 7 frames=50000
reference R12 9 frames=50000
reference R23 -4.5 frames=1000
reference R23 -2.5 frames=1000
reference R23 -0.5 frames=1000
reference R23 1.5 frames=8299
reference R23 3.5 frames=50000
reference R23 5.5 frames=50000
reference R23 7.5 frames=50000
reference R23 9.5 frames=50000
reference R34 -4 frames=1000
reference R34 -2 frames=1000
reference R34 0 frames=1000
reference R34 2 frames=2793
reference R34 4 frames=50000
reference R34 6 frames=50000
reference R34 8 frames=50000
reference R34 10 frames=50000
PASS_STAGE13_REFERENCE_REPLAY rows=72 shard=0/4
