K200_S15 NONE_L0 SNR=0 frames=1000 errors=1000 TARGET_FRAME_ERRORS_REACHED
K200_S15 NONE_L0 SNR=2 frames=1000 errors=868 TARGET_FRAME_ERRORS_REACHED
K200_S15 NONE_L0 SNR=4 frames=1000 errors=238 TARGET_FRAME_ERRORS_REACHED
K200_S15 NONE_L0 SNR=6 frames=17613 errors=200 TARGET_FRAME_ERRORS_REACHED
K200_S15 NONE_L0 SNR=8 frames=50000 errors=1 MAX_FRAMES_REACHED
K200_S15 NONE_L0 SNR=10 frames=50000 errors=0 MAX_FRAMES_REACHED
K200_S15 NONE_L0 SNR=12 frames=50000 errors=0 MAX_FRAMES_REACHED
K200_S15 NONE_L0 SNR=14 frames=50000 errors=0 MAX_FRAMES_REACHED
K200_S15 NONE_L0 SNR=16 frames=50000 errors=0 MAX_FRAMES_REACHED
K200_S15 NONE_L0 SNR=18 frames=50000 errors=0 MAX_FRAMES_REACHED
K200_S15 NONE_LREP SNR=1.5 frames=1000 errors=1000 TARGET_FRAME_ERRORS_REACHED
K200_S15 NONE_LREP SNR=3.5 frames=1000 errors=997 TARGET_FRAME_ERRORS_REACHED
K200_S15 NONE_LREP SNR=5.5 frames=1000 errors=995 TARGET_FRAME_ERRORS_REACHED
K200_S15 NONE_LREP SNR=7.5 frames=1000 errors=995 TARGET_FRAME_ERRORS_REACHED
K200_S15 NONE_LREP SNR=9.5 frames=1000 errors=996 TARGET_FRAME_ERRORS_REACHED
K200_S15 NONE_LREP SNR=11.5 frames=1000 errors=997 TARGET_FRAME_ERRORS_REACHED
K200_S15 NONE_LREP SNR=13.5 frames=1000 errors=991 TARGET_FRAME_ERRORS_REACHED
K200_S15 NONE_LREP SNR=15.5 frames=1000 errors=991 TARGET_FRAME_ERRORS_REACHED
K200_S15 NONE_LREP SNR=17.5 frames=1000 errors=995 TARGET_FRAME_ERRORS_REACHED
K200_S15 BEST_LREP SNR=1 frames=1000 errors=1000 TARGET_FRAME_ERRORS_REACHED
K200_S15 BEST_LREP SNR=3 frames=1000 errors=979 TARGET_FRAME_ERRORS_REACHED
K200_S15 BEST_LREP SNR=5 frames=1000 errors=607 TARGET_FRAME_ERRORS_REACHED
K200_S15 BEST_LREP SNR=7 frames=1713 errors=200 TARGET_FRAME_ERRORS_REACHED
K200_S15 BEST_LREP SNR=9 frames=35581 errors=200 TARGET_FRAME_ERRORS_REACHED
K200_S15 BEST_LREP SNR=11 frames=50000 errors=1 MAX_FRAMES_REACHED
K200_S15 BEST_LREP SNR=13 frames=50000 errors=0 MAX_FRAMES_REACHED
K200_S15 BEST_LREP SNR=15 frames=50000 errors=0 MAX_FRAMES_REACHED
K200_S15 BEST_LREP SNR=17 frames=50000 errors=0 MAX_FRAMES_REACHED
K200_M255K207 NONE_L0 SNR=0.5 frames=1000 errors=998 TARGET_FRAME_ERRORS_REACHED
K200_M255K207 NONE_L0 SNR=2.5 frames=1000 errors=617 TARGET_FRAME_ERRORS_REACHED
K200_M255K207 NONE_L0 SNR=4.5 frames=29380 errors=200 TARGET_FRAME_ERRORS_REACHED
K200_M255K207 NONE_L0 SNR=6.5 frames=50000 errors=0 MAX_FRAMES_REACHED
K200_M255K207 NONE_L0 SNR=8.5 frames=50000 errors=0 MAX_FRAMES_REACHED
K200_M255K207 NONE_L0 SNR=10.5 frames=50000 errors=0 MAX_FRAMES_REACHED
K200_M255K207 NONE_L0 SNR=12.5 frames=50000 errors=0 MAX_FRAMES_REACHED
K200_M255K207 NONE_L0 SNR=14.5 frames=50000 errors=0 MAX_FRAMES_REACHED
K200_M255K207 NONE_L0 SNR=16.5 frames=50000 errors=0 MAX_FRAMES_REACHED
K200_M255K207 NONE_LREP SNR=0 frames=1000 errors=1000 TARGET_FRAME_ERRORS_REACHED
K200_M255K207 NONE_LREP SNR=2 frames=1000 errors=1000 TARGET_FRAME_ERRORS_REACHED
K200_M255K207 NONE_LREP SNR=4 frames=1000 errors=989 TARGET_FRAME_ERRORS_REACHED
K200_M255K207 NONE_LREP SNR=6 frames=1000 errors=904 TARGET_FRAME_ERRORS_REACHED
K200_M255K207 NONE_LREP SNR=8 frames=1000 errors=833 TARGET_FRAME_ERRORS_REACHED
K200_M255K207 NONE_LREP SNR=10 frames=1000 errors=858 TARGET_FRAME_ERRORS_REACHED
K200_M255K207 NONE_LREP SNR=12 frames=1000 errors=844 TARGET_FRAME_ERRORS_REACHED
K200_M255K207 NONE_LREP SNR=14 frames=1000 errors=849 TARGET_FRAME_ERRORS_REACHED
K200_M255K207 NONE_LREP SNR=16 frames=1000 errors=818 TARGET_FRAME_ERRORS_REACHED
K200_M255K207 NONE_LREP SNR=18 frames=1000 errors=838 TARGET_FRAME_ERRORS_REACHED
K200_M255K207 BEST_LREP SNR=1.5 frames=1000 errors=1000 TARGET_FRAME_ERRORS_REACHED
K200_M255K207 BEST_LREP SNR=3.5 frames=1000 errors=1000 TARGET_FRAME_ERRORS_REACHED
K200_M255K207 BEST_LREP SNR=5.5 frames=1000 errors=1000 TARGET_FRAME_ERRORS_REACHED
K200_M255K207 BEST_LREP SNR=7.5 frames=1000 errors=1000 TARGET_FRAME_ERRORS_REACHED
K200_M255K207 BEST_LREP SNR=9.5 frames=1000 errors=1000 TARGET_FRAME_ERRORS_REACHED
K200_M255K207 BEST_LREP SNR=11.5 frames=1000 errors=1000 TARGET_FRAME_ERRORS_REACHED
K200_M255K207 BEST_LREP SNR=13.5 frames=1000 errors=1000 TARGET_FRAME_ERRORS_REACHED
K200_M255K207 BEST_LREP SNR=15.5 frames=1000 errors=1000 TARGET_FRAME_ERRORS_REACHED
K200_M255K207 BEST_LREP SNR=17.5 frames=1000 errors=1000 TARGET_FRAME_ERRORS_REACHED
K200_M511K421 NONE_L0 SNR=1 frames=1000 errors=925 TARGET_FRAME_ERRORS_REACHED
K200_M511K421 NONE_L0 SNR=3 frames=2844 errors=200 TARGET_FRAME_ERRORS_REACHED
K200_M511K421 NONE_L0 SNR=5 frames=50000 errors=0 MAX_FRAMES_REACHED
K200_M511K421 NONE_L0 SNR=7 frames=50000 errors=0 MAX_FRAMES_REACHED
K200_M511K421 NONE_L0 SNR=9 frames=50000 errors=0 MAX_FRAMES_REACHED
K200_M511K421 NONE_L0 SNR=11 frames=50000 errors=0 MAX_FRAMES_REACHED
K200_M511K421 NONE_L0 SNR=13 frames=50000 errors=0 MAX_FRAMES_REACHED
K200_M511K421 NONE_L0 SNR=15 frames=50000 errors=0 MAX_FRAMES_REACHED
K200_M511K421 NONE_L0 SNR=17 frames=50000 errors=0 MAX_FRAMES_REACHED
K200_M511K421 NONE_LREP SNR=0.5 frames=1000 errors=1000 TARGET_FRAME_ERRORS_REACHED
K200_M511K421 NONE_LREP SNR=2.5 frames=1000 errors=1000 TARGET_FRAME_ERRORS_REACHED
K200_M511K421 NONE_LREP SNR=4.5 frames=1000 errors=945 TARGET_FRAME_ERRORS_REACHED
K200_M511K421 NONE_LREP SNR=6.5 frames=1000 errors=773 TARGET_FRAME_ERRORS_REACHED
K200_M511K421 NONE_LREP SNR=8.5 frames=1000 errors=725 TARGET_FRAME_ERRORS_REACHED
K200_M511K421 NONE_LREP SNR=10.5 frames=1000 errors=676 TARGET_FRAME_ERRORS_REACHED
K200_M511K421 NONE_LREP SNR=12.5 frames=1000 errors=709 TARGET_FRAME_ERRORS_REACHED
K200_M511K421 NONE_LREP SNR=14.5 frames=1000 errors=723 TARGET_FRAME_ERRORS_REACHED
K200_M511K421 NONE_LREP SNR=16.5 frames=1000 errors=688 TARGET_FRAME_ERRORS_REACHED
K200_M511K421 BEST_LREP SNR=0 frames=1000 errors=1000 TARGET_FRAME_ERRORS_REACHED
K200_M511K421 BEST_LREP SNR=2 frames=1000 errors=1000 TARGET_FRAME_ERRORS_REACHED
K200_M511K421 BEST_LREP SNR=4 frames=1000 errors=1000 TARGET_FRAME_ERRORS_REACHED
K200_M511K421 BEST_LREP SNR=6 frames=1000 errors=1000 TARGET_FRAME_ERRORS_REACHED
K200_M511K421 BEST_LREP SNR=8 frames=1000 errors=1000 TARGET_FRAME_ERRORS_REACHED
K200_M511K421 BEST_LREP SNR=10 frames=1000 errors=1000 TARGET_FRAME_ERRORS_REACHED
K200_M511K421 BEST_LREP SNR=12 frames=1000 errors=1000 TARGET_FRAME_ERRORS_REACHED
K200_M511K421 BEST_LREP SNR=14 frames=1000 errors=1000 TARGET_FRAME_ERRORS_REACHED
K200_M511K421 BEST_LREP SNR=16 frames=1000 errors=1000 TARGET_FRAME_ERRORS_REACHED
K200_M511K421 BEST_LREP SNR=18 frames=1000 errors=1000 TARGET_FRAME_ERRORS_REACHED
K200_M511K385 NONE_L0 SNR=1.5 frames=1000 errors=558 TARGET_FRAME_ERRORS_REACHED
K200_M511K385 NONE_L0 SNR=3.5 frames=50000 errors=31 MAX_FRAMES_REACHED
K200_M511K385 NONE_L0 SNR=5.5 frames=50000 errors=0 MAX_FRAMES_REACHED
K200_M511K385 NONE_L0 SNR=7.5 frames=50000 errors=0 MAX_FRAMES_REACHED
K200_M511K385 NONE_L0 SNR=9.5 frames=50000 errors=0 MAX_FRAMES_REACHED
K200_M511K385 NONE_L0 SNR=11.5 frames=50000 errors=0 MAX_FRAMES_REACHED
K200_M511K385 NONE_L0 SNR=13.5 frames=50000 errors=0 MAX_FRAMES_REACHED
K200_M511K385 NONE_L0 SNR=15.5 frames=50000 errors=0 MAX_FRAMES_REACHED
K200_M511K385 NONE_L0 SNR=17.5 frames=50000 errors=0 MAX_FRAMES_REACHED
K200_M511K385 NONE_LREP SNR=1 frames=1000 errors=1000 TARGET_FRAME_ERRORS_REACHED
K200_M511K385 NONE_LREP SNR=3 frames=1000 errors=965 TARGET_FRAME_ERRORS_REACHED
K200_M511K385 NONE_LREP SNR=5 frames=1000 errors=266 TARGET_FRAME_ERRORS_REACHED
K200_M511K385 NONE_LREP SNR=7 frames=50000 errors=98 MAX_FRAMES_REACHED
K200_M511K385 NONE_LREP SNR=9 frames=50000 errors=0 MAX_FRAMES_REACHED
K200_M511K385 NONE_LREP SNR=11 frames=50000 errors=0 MAX_FRAMES_REACHED
K200_M511K385 NONE_LREP SNR=13 frames=50000 errors=0 MAX_FRAMES_REACHED
K200_M511K385 NONE_LREP SNR=15 frames=50000 errors=0 MAX_FRAMES_REACHED
K200_M511K385 NONE_LREP SNR=17 frames=50000 errors=0 MAX_FRAMES_REACHED
K200_M511K385 BEST_LREP SNR=0.5 frames=1000 errors=1000 TARGET_FRAME_ERRORS_REACHED
K200_M511K385 BEST_LREP SNR=2.5 frames=1000 errors=987 TARGET_FRAME_ERRORS_REACHED
K200_M511K385 BEST_LREP SNR=4.5 frames=1000 errors=503 TARGET_FRAME_ERRORS_REACHED
K200_M511K385 BEST_LREP SNR=6.5 frames=18017 errors=200 TARGET_FRAME_ERRORS_REACHED
K200_M511K385 BEST_LREP SNR=8.5 frames=50000 errors=0 MAX_FRAMES_REACHED
K200_M511K385 BEST_LREP SNR=10.5 frames=50000 errors=0 MAX_FRAMES_REACHED
K200_M511K385 BEST_LREP SNR=12.5 frames=50000 errors=0 MAX_FRAMES_REACHED
K200_M511K385 BEST_LREP SNR=14.5 frames=50000 errors=0 MAX_FRAMES_REACHED
K200_M511K385 BEST_LREP SNR=16.5 frames=50000 errors=0 MAX_FRAMES_REACHED
K300_S15 NONE_L0 SNR=0 frames=1000 errors=1000 TARGET_FRAME_ERRORS_REACHED
K300_S15 NONE_L0 SNR=2 frames=1000 errors=957 TARGET_FRAME_ERRORS_REACHED
K300_S15 NONE_L0 SNR=4 frames=1000 errors=361 TARGET_FRAME_ERRORS_REACHED
K300_S15 NONE_L0 SNR=6 frames=14547 errors=200 TARGET_FRAME_ERRORS_REACHED
K300_S15 NONE_L0 SNR=8 frames=50000 errors=4 MAX_FRAMES_REACHED
K300_S15 NONE_L0 SNR=10 frames=50000 errors=0 MAX_FRAMES_REACHED
K300_S15 NONE_L0 SNR=12 frames=50000 errors=0 MAX_FRAMES_REACHED
K300_S15 NONE_L0 SNR=14 frames=50000 errors=0 MAX_FRAMES_REACHED
K300_S15 NONE_L0 SNR=16 frames=50000 errors=0 MAX_FRAMES_REACHED
K300_S15 NONE_L0 SNR=18 frames=50000 errors=0 MAX_FRAMES_REACHED
K300_S15 NONE_LREP SNR=1.5 frames=1000 errors=1000 TARGET_FRAME_ERRORS_REACHED
K300_S15 NONE_LREP SNR=3.5 frames=1000 errors=991 TARGET_FRAME_ERRORS_REACHED
K300_S15 NONE_LREP SNR=5.5 frames=1000 errors=993 TARGET_FRAME_ERRORS_REACHED
K300_S15 NONE_LREP SNR=7.5 frames=1000 errors=989 TARGET_FRAME_ERRORS_REACHED
K300_S15 NONE_LREP SNR=9.5 frames=1000 errors=989 TARGET_FRAME_ERRORS_REACHED
K300_S15 NONE_LREP SNR=11.5 frames=1000 errors=992 TARGET_FRAME_ERRORS_REACHED
K300_S15 NONE_LREP SNR=13.5 frames=1000 errors=992 TARGET_FRAME_ERRORS_REACHED
K300_S15 NONE_LREP SNR=15.5 frames=1000 errors=992 TARGET_FRAME_ERRORS_REACHED
K300_S15 NONE_LREP SNR=17.5 frames=1000 errors=995 TARGET_FRAME_ERRORS_REACHED
K300_S15 BEST_LREP SNR=1 frames=1000 errors=1000 TARGET_FRAME_ERRORS_REACHED
K300_S15 BEST_LREP SNR=3 frames=1000 errors=964 TARGET_FRAME_ERRORS_REACHED
K300_S15 BEST_LREP SNR=5 frames=1000 errors=499 TARGET_FRAME_ERRORS_REACHED
K300_S15 BEST_LREP SNR=7 frames=2295 errors=200 TARGET_FRAME_ERRORS_REACHED
K300_S15 BEST_LREP SNR=9 frames=50000 errors=172 MAX_FRAMES_REACHED
K300_S15 BEST_LREP SNR=11 frames=50000 errors=1 MAX_FRAMES_REACHED
K300_S15 BEST_LREP SNR=13 frames=50000 errors=0 MAX_FRAMES_REACHED
K300_S15 BEST_LREP SNR=15 frames=50000 errors=0 MAX_FRAMES_REACHED
K300_S15 BEST_LREP SNR=17 frames=50000 errors=0 MAX_FRAMES_REACHED
K300_M255K207 NONE_L0 SNR=0.5 frames=1000 errors=1000 TARGET_FRAME_ERRORS_REACHED
K300_M255K207 NONE_L0 SNR=2.5 frames=1000 errors=591 TARGET_FRAME_ERRORS_REACHED
K300_M255K207 NONE_L0 SNR=4.5 frames=47676 errors=200 TARGET_FRAME_ERRORS_REACHED
K300_M255K207 NONE_L0 SNR=6.5 frames=50000 errors=0 MAX_FRAMES_REACHED
K300_M255K207 NONE_L0 SNR=8.5 frames=50000 errors=0 MAX_FRAMES_REACHED
K300_M255K207 NONE_L0 SNR=10.5 frames=50000 errors=0 MAX_FRAMES_REACHED
K300_M255K207 NONE_L0 SNR=12.5 frames=50000 errors=0 MAX_FRAMES_REACHED
K300_M255K207 NONE_L0 SNR=14.5 frames=50000 errors=0 MAX_FRAMES_REACHED
K300_M255K207 NONE_L0 SNR=16.5 frames=50000 errors=0 MAX_FRAMES_REACHED
K300_M255K207 NONE_LREP SNR=0 frames=1000 errors=1000 TARGET_FRAME_ERRORS_REACHED
K300_M255K207 NONE_LREP SNR=2 frames=1000 errors=1000 TARGET_FRAME_ERRORS_REACHED
K300_M255K207 NONE_LREP SNR=4 frames=1000 errors=961 TARGET_FRAME_ERRORS_REACHED
K300_M255K207 NONE_LREP SNR=6 frames=1000 errors=828 TARGET_FRAME_ERRORS_REACHED
K300_M255K207 NONE_LREP SNR=8 frames=1000 errors=778 TARGET_FRAME_ERRORS_REACHED
K300_M255K207 NONE_LREP SNR=10 frames=1000 errors=770 TARGET_FRAME_ERRORS_REACHED
K300_M255K207 NONE_LREP SNR=12 frames=1000 errors=792 TARGET_FRAME_ERRORS_REACHED
K300_M255K207 NONE_LREP SNR=14 frames=1000 errors=768 TARGET_FRAME_ERRORS_REACHED
K300_M255K207 NONE_LREP SNR=16 frames=1000 errors=796 TARGET_FRAME_ERRORS_REACHED
K300_M255K207 NONE_LREP SNR=18 frames=1000 errors=791 TARGET_FRAME_ERRORS_REACHED
K300_M255K207 BEST_LREP SNR=1.5 frames=1000 errors=1000 TARGET_FRAME_ERRORS_REACHED
K300_M255K207 BEST_LREP SNR=3.5 frames=1000 errors=859 TARGET_FRAME_ERRORS_REACHED
K300_M255K207 BEST_LREP SNR=5.5 frames=2567 errors=200 TARGET_FRAME_ERRORS_REACHED
K300_M255K207 BEST_LREP SNR=7.5 frames=50000 errors=5 MAX_FRAMES_REACHED
K300_M255K207 BEST_LREP SNR=9.5 frames=50000 errors=0 MAX_FRAMES_REACHED
K300_M255K207 BEST_LREP SNR=11.5 frames=50000 errors=0 MAX_FRAMES_REACHED
K300_M255K207 BEST_LREP SNR=13.5 frames=50000 errors=0 MAX_FRAMES_REACHED
K300_M255K207 BEST_LREP SNR=15.5 frames=50000 errors=0 MAX_FRAMES_REACHED
K300_M255K207 BEST_LREP SNR=17.5 frames=50000 errors=0 MAX_FRAMES_REACHED
K300_M511K421 NONE_L0 SNR=1 frames=1000 errors=995 TARGET_FRAME_ERRORS_REACHED
K300_M511K421 NONE_L0 SNR=3 frames=1000 errors=251 TARGET_FRAME_ERRORS_REACHED
K300_M511K421 NONE_L0 SNR=5 frames=50000 errors=1 MAX_FRAMES_REACHED
K300_M511K421 NONE_L0 SNR=7 frames=50000 errors=0 MAX_FRAMES_REACHED
K300_M511K421 NONE_L0 SNR=9 frames=50000 errors=0 MAX_FRAMES_REACHED
K300_M511K421 NONE_L0 SNR=11 frames=50000 errors=0 MAX_FRAMES_REACHED
K300_M511K421 NONE_L0 SNR=13 frames=50000 errors=0 MAX_FRAMES_REACHED
K300_M511K421 NONE_L0 SNR=15 frames=50000 errors=0 MAX_FRAMES_REACHED
K300_M511K421 NONE_L0 SNR=17 frames=50000 errors=0 MAX_FRAMES_REACHED
K300_M511K421 NONE_LREP SNR=0.5 frames=1000 errors=1000 TARGET_FRAME_ERRORS_REACHED
K300_M511K421 NONE_LREP SNR=2.5 frames=1000 errors=999 TARGET_FRAME_ERRORS_REACHED
K300_M511K421 NONE_LREP SNR=4.5 frames=1000 errors=643 TARGET_FRAME_ERRORS_REACHED
K300_M511K421 NONE_LREP SNR=6.5 frames=11292 errors=200 TARGET_FRAME_ERRORS_REACHED
K300_M511K421 NONE_LREP SNR=8.5 frames=50000 errors=0 MAX_FRAMES_REACHED
K300_M511K421 NONE_LREP SNR=10.5 frames=50000 errors=0 MAX_FRAMES_REACHED
K300_M511K421 NONE_LREP SNR=12.5 frames=50000 errors=0 MAX_FRAMES_REACHED
K300_M511K421 NONE_LREP SNR=14.5 frames=50000 errors=0 MAX_FRAMES_REACHED
K300_M511K421 NONE_LREP SNR=16.5 frames=50000 errors=0 MAX_FRAMES_REACHED
K300_M511K421 BEST_LREP SNR=0 frames=1000 errors=1000 TARGET_FRAME_ERRORS_REACHED
K300_M511K421 BEST_LREP SNR=2 frames=1000 errors=1000 TARGET_FRAME_ERRORS_REACHED
K300_M511K421 BEST_LREP SNR=4 frames=1000 errors=848 TARGET_FRAME_ERRORS_REACHED
K300_M511K421 BEST_LREP SNR=6 frames=3067 errors=200 TARGET_FRAME_ERRORS_REACHED
K300_M511K421 BEST_LREP SNR=8 frames=50000 errors=3 MAX_FRAMES_REACHED
K300_M511K421 BEST_LREP SNR=10 frames=50000 errors=0 MAX_FRAMES_REACHED
K300_M511K421 BEST_LREP SNR=12 frames=50000 errors=0 MAX_FRAMES_REACHED
K300_M511K421 BEST_LREP SNR=14 frames=50000 errors=0 MAX_FRAMES_REACHED
K300_M511K421 BEST_LREP SNR=16 frames=50000 errors=0 MAX_FRAMES_REACHED
K300_M511K421 BEST_LREP SNR=18 frames=50000 errors=0 MAX_FRAMES_REACHED
K300_M511K385 NONE_L0 SNR=1.5 frames=1000 errors=902 TARGET_FRAME_ERRORS_REACHED
K300_M511K385 NONE_L0 SNR=3.5 frames=24258 errors=200 TARGET_FRAME_ERRORS_REACHED
K300_M511K385 NONE_L0 SNR=5.5 frames=50000 errors=0 MAX_FRAMES_REACHED
K300_M511K385 NONE_L0 SNR=7.5 frames=50000 errors=0 MAX_FRAMES_REACHED
K300_M511K385 NONE_L0 SNR=9.5 frames=50000 errors=0 MAX_FRAMES_REACHED
K300_M511K385 NONE_L0 SNR=11.5 frames=50000 errors=0 MAX_FRAMES_REACHED
K300_M511K385 NONE_L0 SNR=13.5 frames=50000 errors=0 MAX_FRAMES_REACHED
K300_M511K385 NONE_L0 SNR=15.5 frames=50000 errors=0 MAX_FRAMES_REACHED
K300_M511K385 NONE_L0 SNR=17.5 frames=50000 errors=0 MAX_FRAMES_REACHED
K300_M511K385 NONE_LREP SNR=1 frames=1000 errors=1000 TARGET_FRAME_ERRORS_REACHED
K300_M511K385 NONE_LREP SNR=3 frames=1000 errors=819 TARGET_FRAME_ERRORS_REACHED
K300_M511K385 NONE_LREP SNR=5 frames=15127 errors=200 TARGET_FRAME_ERRORS_REACHED
K300_M511K385 NONE_LREP SNR=7 frames=50000 errors=0 MAX_FRAMES_REACHED
K300_M511K385 NONE_LREP SNR=9 frames=50000 errors=0 MAX_FRAMES_REACHED
K300_M511K385 NONE_LREP SNR=11 frames=50000 errors=0 MAX_FRAMES_REACHED
K300_M511K385 NONE_LREP SNR=13 frames=50000 errors=0 MAX_FRAMES_REACHED
K300_M511K385 NONE_LREP SNR=15 frames=50000 errors=0 MAX_FRAMES_REACHED
K300_M511K385 NONE_LREP SNR=17 frames=50000 errors=0 MAX_FRAMES_REACHED
K300_M511K385 BEST_LREP SNR=0.5 frames=1000 errors=1000 TARGET_FRAME_ERRORS_REACHED
K300_M511K385 BEST_LREP SNR=2.5 frames=1000 errors=960 TARGET_FRAME_ERRORS_REACHED
K300_M511K385 BEST_LREP SNR=4.5 frames=2440 errors=200 TARGET_FRAME_ERRORS_REACHED
K300_M511K385 BEST_LREP SNR=6.5 frames=50000 errors=0 MAX_FRAMES_REACHED
K300_M511K385 BEST_LREP SNR=8.5 frames=50000 errors=0 MAX_FRAMES_REACHED
K300_M511K385 BEST_LREP SNR=10.5 frames=50000 errors=0 MAX_FRAMES_REACHED
K300_M511K385 BEST_LREP SNR=12.5 frames=50000 errors=0 MAX_FRAMES_REACHED
K300_M511K385 BEST_LREP SNR=14.5 frames=50000 errors=0 MAX_FRAMES_REACHED
K300_M511K385 BEST_LREP SNR=16.5 frames=50000 errors=0 MAX_FRAMES_REACHED
PASS_STAGE16_BURST_INTERLEAVING_COMPARISON_RUNNER
