K200_S15 NONE_L0 SNR=0.5 frames=1000 errors=996 TARGET_FRAME_ERRORS_REACHED
K200_S15 NONE_L0 SNR=2.5 frames=1000 errors=731 TARGET_FRAME_ERRORS_REACHED
K200_S15 NONE_L0 SNR=4.5 frames=1695 errors=200 TARGET_FRAME_ERRORS_REACHED
K200_S15 NONE_L0 SNR=6.5 frames=50000 errors=182 MAX_FRAMES_REACHED
K200_S15 NONE_L0 SNR=8.5 frames=50000 errors=1 MAX_FRAMES_REACHED
K200_S15 NONE_L0 SNR=10.5 frames=50000 errors=0 MAX_FRAMES_REACHED
K200_S15 NONE_L0 SNR=12.5 frames=50000 errors=0 MAX_FRAMES_REACHED
K200_S15 NONE_L0 SNR=14.5 frames=50000 errors=0 MAX_FRAMES_REACHED
K200_S15 NONE_L0 SNR=16.5 frames=50000 errors=0 MAX_FRAMES_REACHED
K200_S15 NONE_LREP SNR=0 frames=1000 errors=1000 TARGET_FRAME_ERRORS_REACHED
K200_S15 NONE_LREP SNR=2 frames=1000 errors=1000 TARGET_FRAME_ERRORS_REACHED
K200_S15 NONE_LREP SNR=4 frames=1000 errors=991 TARGET_FRAME_ERRORS_REACHED
K200_S15 NONE_LREP SNR=6 frames=1000 errors=994 TARGET_FRAME_ERRORS_REACHED
K200_S15 NONE_LREP SNR=8 frames=1000 errors=996 TARGET_FRAME_ERRORS_REACHED
K200_S15 NONE_LREP SNR=10 frames=1000 errors=994 TARGET_FRAME_ERRORS_REACHED
K200_S15 NONE_LREP SNR=12 frames=1000 errors=993 TARGET_FRAME_ERRORS_REACHED
K200_S15 NONE_LREP SNR=14 frames=1000 errors=991 TARGET_FRAME_ERRORS_REACHED
K200_S15 NONE_LREP SNR=16 frames=1000 errors=990 TARGET_FRAME_ERRORS_REACHED
K200_S15 NONE_LREP SNR=18 frames=1000 errors=994 TARGET_FRAME_ERRORS_REACHED
K200_S15 BEST_LREP SNR=1.5 frames=1000 errors=1000 TARGET_FRAME_ERRORS_REACHED
K200_S15 BEST_LREP SNR=3.5 frames=1000 errors=940 TARGET_FRAME_ERRORS_REACHED
K200_S15 BEST_LREP SNR=5.5 frames=1000 errors=449 TARGET_FRAME_ERRORS_REACHED
K200_S15 BEST_LREP SNR=7.5 frames=3004 errors=200 TARGET_FRAME_ERRORS_REACHED
K200_S15 BEST_LREP SNR=9.5 frames=50000 errors=98 MAX_FRAMES_REACHED
K200_S15 BEST_LREP SNR=11.5 frames=50000 errors=0 MAX_FRAMES_REACHED
K200_S15 BEST_LREP SNR=13.5 frames=50000 errors=0 MAX_FRAMES_REACHED
K200_S15 BEST_LREP SNR=15.5 frames=50000 errors=0 MAX_FRAMES_REACHED
K200_S15 BEST_LREP SNR=17.5 frames=50000 errors=0 MAX_FRAMES_REACHED
K200_M255K207 NONE_L0 SNR=1 frames=1000 errors=983 TARGET_FRAME_ERRORS_REACHED
K200_M255K207 NONE_L0 SNR=3 frames=1000 errors=337 TARGET_FRAME_ERRORS_REACHED
K200_M255K207 NONE_L0 SNR=5 frames=50000 errors=29 MAX_FRAMES_REACHED
K200_M255K207 NONE_L0 SNR=7 frames=50000 errors=0 MAX_FRAMES_REACHED
K200_M255K207 NONE_L0 SNR=9 frames=50000 errors=0 MAX_FRAMES_REACHED
K200_M255K207 NONE_L0 SNR=11 frames=50000 errors=0 MAX_FRAMES_REACHED
K200_M255K207 NONE_L0 SNR=13 frames=50000 errors=0 MAX_FRAMES_REACHED
K200_M255K207 NONE_L0 SNR=15 frames=50000 errors=0 MAX_FRAMES_REACHED
K200_M255K207 NONE_L0 SNR=17 frames=50000 errors=0 MAX_FRAMES_REACHED
K200_M255K207 NONE_LREP SNR=0.5 frames=1000 errors=1000 TARGET_FRAME_ERRORS_REACHED
K200_M255K207 NONE_LREP SNR=2.5 frames=1000 errors=1000 TARGET_FRAME_ERRORS_REACHED
K200_M255K207 NONE_LREP SNR=4.5 frames=1000 errors=981 TARGET_FRAME_ERRORS_REACHED
K200_M255K207 NONE_LREP SNR=6.5 frames=1000 errors=880 TARGET_FRAME_ERRORS_REACHED
K200_M255K207 NONE_LREP SNR=8.5 frames=1000 errors=840 TARGET_FRAME_ERRORS_REACHED
K200_M255K207 NONE_LREP SNR=10.5 frames=1000 errors=854 TARGET_FRAME_ERRORS_REACHED
K200_M255K207 NONE_LREP SNR=12.5 frames=1000 errors=844 TARGET_FRAME_ERRORS_REACHED
K200_M255K207 NONE_LREP SNR=14.5 frames=1000 errors=841 TARGET_FRAME_ERRORS_REACHED
K200_M255K207 NONE_LREP SNR=16.5 frames=1000 errors=868 TARGET_FRAME_ERRORS_REACHED
K200_M255K207 BEST_LREP SNR=0 frames=1000 errors=1000 TARGET_FRAME_ERRORS_REACHED
K200_M255K207 BEST_LREP SNR=2 frames=1000 errors=1000 TARGET_FRAME_ERRORS_REACHED
K200_M255K207 BEST_LREP SNR=4 frames=1000 errors=1000 TARGET_FRAME_ERRORS_REACHED
K200_M255K207 BEST_LREP SNR=6 frames=1000 errors=1000 TARGET_FRAME_ERRORS_REACHED
K200_M255K207 BEST_LREP SNR=8 frames=1000 errors=1000 TARGET_FRAME_ERRORS_REACHED
K200_M255K207 BEST_LREP SNR=10 frames=1000 errors=1000 TARGET_FRAME_ERRORS_REACHED
K200_M255K207 BEST_LREP SNR=12 frames=1000 errors=1000 TARGET_FRAME_ERRORS_REACHED
K200_M255K207 BEST_LREP SNR=14 frames=1000 errors=1000 TARGET_FRAME_ERRORS_REACHED
K200_M255K207 BEST_LREP SNR=16 frames=1000 errors=1000 TARGET_FRAME_ERRORS_REACHED
K200_M255K207 BEST_LREP SNR=18 frames=1000 errors=1000 TARGET_FRAME_ERRORS_REACHED
K200_M511K421 NONE_L0 SNR=1.5 frames=1000 errors=790 TARGET_FRAME_ERRORS_REACHED
K200_M511K421 NONE_L0 SNR=3.5 frames=14120 errors=200 TARGET_FRAME_ERRORS_REACHED
K200_M511K421 NONE_L0 SNR=5.5 frames=50000 errors=0 MAX_FRAMES_REACHED
K200_M511K421 NONE_L0 SNR=7.5 frames=50000 errors=0 MAX_FRAMES_REACHED
K200_M511K421 NONE_L0 SNR=9.5 frames=50000 errors=0 MAX_FRAMES_REACHED
K200_M511K421 NONE_L0 SNR=11.5 frames=50000 errors=0 MAX_FRAMES_REACHED
K200_M511K421 NONE_L0 SNR=13.5 frames=50000 errors=0 MAX_FRAMES_REACHED
K200_M511K421 NONE_L0 SNR=15.5 frames=50000 errors=0 MAX_FRAMES_REACHED
K200_M511K421 NONE_L0 SNR=17.5 frames=50000 errors=0 MAX_FRAMES_REACHED
K200_M511K421 NONE_LREP SNR=1 frames=1000 errors=1000 TARGET_FRAME_ERRORS_REACHED
K200_M511K421 NONE_LREP SNR=3 frames=1000 errors=996 TARGET_FRAME_ERRORS_REACHED
K200_M511K421 NONE_LREP SNR=5 frames=1000 errors=926 TARGET_FRAME_ERRORS_REACHED
K200_M511K421 NONE_LREP SNR=7 frames=1000 errors=747 TARGET_FRAME_ERRORS_REACHED
K200_M511K421 NONE_LREP SNR=9 frames=1000 errors=730 TARGET_FRAME_ERRORS_REACHED
K200_M511K421 NONE_LREP SNR=11 frames=1000 errors=709 TARGET_FRAME_ERRORS_REACHED
K200_M511K421 NONE_LREP SNR=13 frames=1000 errors=706 TARGET_FRAME_ERRORS_REACHED
K200_M511K421 NONE_LREP SNR=15 frames=1000 errors=716 TARGET_FRAME_ERRORS_REACHED
K200_M511K421 NONE_LREP SNR=17 frames=1000 errors=670 TARGET_FRAME_ERRORS_REACHED
K200_M511K421 BEST_LREP SNR=0.5 frames=1000 errors=1000 TARGET_FRAME_ERRORS_REACHED
K200_M511K421 BEST_LREP SNR=2.5 frames=1000 errors=1000 TARGET_FRAME_ERRORS_REACHED
K200_M511K421 BEST_LREP SNR=4.5 frames=1000 errors=1000 TARGET_FRAME_ERRORS_REACHED
K200_M511K421 BEST_LREP SNR=6.5 frames=1000 errors=1000 TARGET_FRAME_ERRORS_REACHED
K200_M511K421 BEST_LREP SNR=8.5 frames=1000 errors=1000 TARGET_FRAME_ERRORS_REACHED
K200_M511K421 BEST_LREP SNR=10.5 frames=1000 errors=1000 TARGET_FRAME_ERRORS_REACHED
K200_M511K421 BEST_LREP SNR=12.5 frames=1000 errors=1000 TARGET_FRAME_ERRORS_REACHED
K200_M511K421 BEST_LREP SNR=14.5 frames=1000 errors=1000 TARGET_FRAME_ERRORS_REACHED
K200_M511K421 BEST_LREP SNR=16.5 frames=1000 errors=1000 TARGET_FRAME_ERRORS_REACHED
K200_M511K385 NONE_L0 SNR=0 frames=1000 errors=996 TARGET_FRAME_ERRORS_REACHED
K200_M511K385 NONE_L0 SNR=2 frames=1000 errors=223 TARGET_FRAME_ERRORS_REACHED
K200_M511K385 NONE_L0 SNR=4 frames=50000 errors=1 MAX_FRAMES_REACHED
K200_M511K385 NONE_L0 SNR=6 frames=50000 errors=0 MAX_FRAMES_REACHED
K200_M511K385 NONE_L0 SNR=8 frames=50000 errors=0 MAX_FRAMES_REACHED
K200_M511K385 NONE_L0 SNR=10 frames=50000 errors=0 MAX_FRAMES_REACHED
K200_M511K385 NONE_L0 SNR=12 frames=50000 errors=0 MAX_FRAMES_REACHED
K200_M511K385 NONE_L0 SNR=14 frames=50000 errors=0 MAX_FRAMES_REACHED
K200_M511K385 NONE_L0 SNR=16 frames=50000 errors=0 MAX_FRAMES_REACHED
K200_M511K385 NONE_L0 SNR=18 frames=50000 errors=0 MAX_FRAMES_REACHED
K200_M511K385 NONE_LREP SNR=1.5 frames=1000 errors=999 TARGET_FRAME_ERRORS_REACHED
K200_M511K385 NONE_LREP SNR=3.5 frames=1000 errors=878 TARGET_FRAME_ERRORS_REACHED
K200_M511K385 NONE_LREP SNR=5.5 frames=1726 errors=200 TARGET_FRAME_ERRORS_REACHED
K200_M511K385 NONE_LREP SNR=7.5 frames=50000 errors=17 MAX_FRAMES_REACHED
K200_M511K385 NONE_LREP SNR=9.5 frames=50000 errors=0 MAX_FRAMES_REACHED
K200_M511K385 NONE_LREP SNR=11.5 frames=50000 errors=0 MAX_FRAMES_REACHED
K200_M511K385 NONE_LREP SNR=13.5 frames=50000 errors=0 MAX_FRAMES_REACHED
K200_M511K385 NONE_LREP SNR=15.5 frames=50000 errors=0 MAX_FRAMES_REACHED
K200_M511K385 NONE_LREP SNR=17.5 frames=50000 errors=0 MAX_FRAMES_REACHED
K200_M511K385 BEST_LREP SNR=1 frames=1000 errors=1000 TARGET_FRAME_ERRORS_REACHED
K200_M511K385 BEST_LREP SNR=3 frames=1000 errors=959 TARGET_FRAME_ERRORS_REACHED
K200_M511K385 BEST_LREP SNR=5 frames=1000 errors=273 TARGET_FRAME_ERRORS_REACHED
K200_M511K385 BEST_LREP SNR=7 frames=50000 errors=111 MAX_FRAMES_REACHED
K200_M511K385 BEST_LREP SNR=9 frames=50000 errors=0 MAX_FRAMES_REACHED
K200_M511K385 BEST_LREP SNR=11 frames=50000 errors=0 MAX_FRAMES_REACHED
K200_M511K385 BEST_LREP SNR=13 frames=50000 errors=0 MAX_FRAMES_REACHED
K200_M511K385 BEST_LREP SNR=15 frames=50000 errors=0 MAX_FRAMES_REACHED
K200_M511K385 BEST_LREP SNR=17 frames=50000 errors=0 MAX_FRAMES_REACHED
K300_S15 NONE_L0 SNR=0.5 frames=1000 errors=998 TARGET_FRAME_ERRORS_REACHED
K300_S15 NONE_L0 SNR=2.5 frames=1000 errors=872 TARGET_FRAME_ERRORS_REACHED
K300_S15 NONE_L0 SNR=4.5 frames=1076 errors=200 TARGET_FRAME_ERRORS_REACHED
K300_S15 NONE_L0 SNR=6.5 frames=44257 errors=200 TARGET_FRAME_ERRORS_REACHED
K300_S15 NONE_L0 SNR=8.5 frames=50000 errors=0 MAX_FRAMES_REACHED
K300_S15 NONE_L0 SNR=10.5 frames=50000 errors=0 MAX_FRAMES_REACHED
K300_S15 NONE_L0 SNR=12.5 frames=50000 errors=0 MAX_FRAMES_REACHED
K300_S15 NONE_L0 SNR=14.5 frames=50000 errors=0 MAX_FRAMES_REACHED
K300_S15 NONE_L0 SNR=16.5 frames=50000 errors=0 MAX_FRAMES_REACHED
K300_S15 NONE_LREP SNR=0 frames=1000 errors=1000 TARGET_FRAME_ERRORS_REACHED
K300_S15 NONE_LREP SNR=2 frames=1000 errors=999 TARGET_FRAME_ERRORS_REACHED
K300_S15 NONE_LREP SNR=4 frames=1000 errors=998 TARGET_FRAME_ERRORS_REACHED
K300_S15 NONE_LREP SNR=6 frames=1000 errors=993 TARGET_FRAME_ERRORS_REACHED
K300_S15 NONE_LREP SNR=8 frames=1000 errors=991 TARGET_FRAME_ERRORS_REACHED
K300_S15 NONE_LREP SNR=10 frames=1000 errors=994 TARGET_FRAME_ERRORS_REACHED
K300_S15 NONE_LREP SNR=12 frames=1000 errors=993 TARGET_FRAME_ERRORS_REACHED
K300_S15 NONE_LREP SNR=14 frames=1000 errors=996 TARGET_FRAME_ERRORS_REACHED
K300_S15 NONE_LREP SNR=16 frames=1000 errors=993 TARGET_FRAME_ERRORS_REACHED
K300_S15 NONE_LREP SNR=18 frames=1000 errors=989 TARGET_FRAME_ERRORS_REACHED
K300_S15 BEST_LREP SNR=1.5 frames=1000 errors=1000 TARGET_FRAME_ERRORS_REACHED
K300_S15 BEST_LREP SNR=3.5 frames=1000 errors=918 TARGET_FRAME_ERRORS_REACHED
K300_S15 BEST_LREP SNR=5.5 frames=1000 errors=361 TARGET_FRAME_ERRORS_REACHED
K300_S15 BEST_LREP SNR=7.5 frames=4377 errors=200 TARGET_FRAME_ERRORS_REACHED
K300_S15 BEST_LREP SNR=9.5 frames=50000 errors=64 MAX_FRAMES_REACHED
K300_S15 BEST_LREP SNR=11.5 frames=50000 errors=0 MAX_FRAMES_REACHED
K300_S15 BEST_LREP SNR=13.5 frames=50000 errors=0 MAX_FRAMES_REACHED
K300_S15 BEST_LREP SNR=15.5 frames=50000 errors=0 MAX_FRAMES_REACHED
K300_S15 BEST_LREP SNR=17.5 frames=50000 errors=0 MAX_FRAMES_REACHED
K300_M255K207 NONE_L0 SNR=1 frames=1000 errors=994 TARGET_FRAME_ERRORS_REACHED
K300_M255K207 NONE_L0 SNR=3 frames=1000 errors=312 TARGET_FRAME_ERRORS_REACHED
K300_M255K207 NONE_L0 SNR=5 frames=50000 errors=17 MAX_FRAMES_REACHED
K300_M255K207 NONE_L0 SNR=7 frames=50000 errors=0 MAX_FRAMES_REACHED
K300_M255K207 NONE_L0 SNR=9 frames=50000 errors=0 MAX_FRAMES_REACHED
K300_M255K207 NONE_L0 SNR=11 frames=50000 errors=0 MAX_FRAMES_REACHED
K300_M255K207 NONE_L0 SNR=13 frames=50000 errors=0 MAX_FRAMES_REACHED
K300_M255K207 NONE_L0 SNR=15 frames=50000 errors=0 MAX_FRAMES_REACHED
K300_M255K207 NONE_L0 SNR=17 frames=50000 errors=0 MAX_FRAMES_REACHED
K300_M255K207 NONE_LREP SNR=0.5 frames=1000 errors=1000 TARGET_FRAME_ERRORS_REACHED
K300_M255K207 NONE_LREP SNR=2.5 frames=1000 errors=999 TARGET_FRAME_ERRORS_REACHED
K300_M255K207 NONE_LREP SNR=4.5 frames=1000 errors=927 TARGET_FRAME_ERRORS_REACHED
K300_M255K207 NONE_LREP SNR=6.5 frames=1000 errors=818 TARGET_FRAME_ERRORS_REACHED
K300_M255K207 NONE_LREP SNR=8.5 frames=1000 errors=778 TARGET_FRAME_ERRORS_REACHED
K300_M255K207 NONE_LREP SNR=10.5 frames=1000 errors=780 TARGET_FRAME_ERRORS_REACHED
K300_M255K207 NONE_LREP SNR=12.5 frames=1000 errors=791 TARGET_FRAME_ERRORS_REACHED
K300_M255K207 NONE_LREP SNR=14.5 frames=1000 errors=765 TARGET_FRAME_ERRORS_REACHED
K300_M255K207 NONE_LREP SNR=16.5 frames=1000 errors=761 TARGET_FRAME_ERRORS_REACHED
K300_M255K207 BEST_LREP SNR=0 frames=1000 errors=1000 TARGET_FRAME_ERRORS_REACHED
K300_M255K207 BEST_LREP SNR=2 frames=1000 errors=999 TARGET_FRAME_ERRORS_REACHED
K300_M255K207 BEST_LREP SNR=4 frames=1000 errors=677 TARGET_FRAME_ERRORS_REACHED
K300_M255K207 BEST_LREP SNR=6 frames=8024 errors=200 TARGET_FRAME_ERRORS_REACHED
K300_M255K207 BEST_LREP SNR=8 frames=50000 errors=1 MAX_FRAMES_REACHED
K300_M255K207 BEST_LREP SNR=10 frames=50000 errors=0 MAX_FRAMES_REACHED
K300_M255K207 BEST_LREP SNR=12 frames=50000 errors=0 MAX_FRAMES_REACHED
K300_M255K207 BEST_LREP SNR=14 frames=50000 errors=0 MAX_FRAMES_REACHED
K300_M255K207 BEST_LREP SNR=16 frames=50000 errors=0 MAX_FRAMES_REACHED
K300_M255K207 BEST_LREP SNR=18 frames=50000 errors=0 MAX_FRAMES_REACHED
K300_M511K421 NONE_L0 SNR=1.5 frames=1000 errors=966 TARGET_FRAME_ERRORS_REACHED
K300_M511K421 NONE_L0 SNR=3.5 frames=2852 errors=200 TARGET_FRAME_ERRORS_REACHED
K300_M511K421 NONE_L0 SNR=5.5 frames=50000 errors=0 MAX_FRAMES_REACHED
K300_M511K421 NONE_L0 SNR=7.5 frames=50000 errors=0 MAX_FRAMES_REACHED
K300_M511K421 NONE_L0 SNR=9.5 frames=50000 errors=0 MAX_FRAMES_REACHED
K300_M511K421 NONE_L0 SNR=11.5 frames=50000 errors=0 MAX_FRAMES_REACHED
K300_M511K421 NONE_L0 SNR=13.5 frames=50000 errors=0 MAX_FRAMES_REACHED
K300_M511K421 NONE_L0 SNR=15.5 frames=50000 errors=0 MAX_FRAMES_REACHED
K300_M511K421 NONE_L0 SNR=17.5 frames=50000 errors=0 MAX_FRAMES_REACHED
K300_M511K421 NONE_LREP SNR=1 frames=1000 errors=1000 TARGET_FRAME_ERRORS_REACHED
K300_M511K421 NONE_LREP SNR=3 frames=1000 errors=989 TARGET_FRAME_ERRORS_REACHED
K300_M511K421 NONE_LREP SNR=5 frames=1000 errors=377 TARGET_FRAME_ERRORS_REACHED
K300_M511K421 NONE_LREP SNR=7 frames=50000 errors=175 MAX_FRAMES_REACHED
K300_M511K421 NONE_LREP SNR=9 frames=50000 errors=0 MAX_FRAMES_REACHED
K300_M511K421 NONE_LREP SNR=11 frames=50000 errors=0 MAX_FRAMES_REACHED
K300_M511K421 NONE_LREP SNR=13 frames=50000 errors=0 MAX_FRAMES_REACHED
K300_M511K421 NONE_LREP SNR=15 frames=50000 errors=0 MAX_FRAMES_REACHED
K300_M511K421 NONE_LREP SNR=17 frames=50000 errors=0 MAX_FRAMES_REACHED
K300_M511K421 BEST_LREP SNR=0.5 frames=1000 errors=1000 TARGET_FRAME_ERRORS_REACHED
K300_M511K421 BEST_LREP SNR=2.5 frames=1000 errors=1000 TARGET_FRAME_ERRORS_REACHED
K300_M511K421 BEST_LREP SNR=4.5 frames=1000 errors=649 TARGET_FRAME_ERRORS_REACHED
K300_M511K421 BEST_LREP SNR=6.5 frames=12592 errors=200 TARGET_FRAME_ERRORS_REACHED
K300_M511K421 BEST_LREP SNR=8.5 frames=50000 errors=0 MAX_FRAMES_REACHED
K300_M511K421 BEST_LREP SNR=10.5 frames=50000 errors=0 MAX_FRAMES_REACHED
K300_M511K421 BEST_LREP SNR=12.5 frames=50000 errors=0 MAX_FRAMES_REACHED
K300_M511K421 BEST_LREP SNR=14.5 frames=50000 errors=0 MAX_FRAMES_REACHED
K300_M511K421 BEST_LREP SNR=16.5 frames=50000 errors=0 MAX_FRAMES_REACHED
K300_M511K385 NONE_L0 SNR=0 frames=1000 errors=999 TARGET_FRAME_ERRORS_REACHED
K300_M511K385 NONE_L0 SNR=2 frames=1000 errors=637 TARGET_FRAME_ERRORS_REACHED
K300_M511K385 NONE_L0 SNR=4 frames=50000 errors=23 MAX_FRAMES_REACHED
K300_M511K385 NONE_L0 SNR=6 frames=50000 errors=0 MAX_FRAMES_REACHED
K300_M511K385 NONE_L0 SNR=8 frames=50000 errors=0 MAX_FRAMES_REACHED
K300_M511K385 NONE_L0 SNR=10 frames=50000 errors=0 MAX_FRAMES_REACHED
K300_M511K385 NONE_L0 SNR=12 frames=50000 errors=0 MAX_FRAMES_REACHED
K300_M511K385 NONE_L0 SNR=14 frames=50000 errors=0 MAX_FRAMES_REACHED
K300_M511K385 NONE_L0 SNR=16 frames=50000 errors=0 MAX_FRAMES_REACHED
K300_M511K385 NONE_L0 SNR=18 frames=50000 errors=0 MAX_FRAMES_REACHED
K300_M511K385 NONE_LREP SNR=1.5 frames=1000 errors=1000 TARGET_FRAME_ERRORS_REACHED
K300_M511K385 NONE_LREP SNR=3.5 frames=1000 errors=564 TARGET_FRAME_ERRORS_REACHED
K300_M511K385 NONE_LREP SNR=5.5 frames=50000 errors=57 MAX_FRAMES_REACHED
K300_M511K385 NONE_LREP SNR=7.5 frames=50000 errors=0 MAX_FRAMES_REACHED
K300_M511K385 NONE_LREP SNR=9.5 frames=50000 errors=0 MAX_FRAMES_REACHED
K300_M511K385 NONE_LREP SNR=11.5 frames=50000 errors=0 MAX_FRAMES_REACHED
K300_M511K385 NONE_LREP SNR=13.5 frames=50000 errors=0 MAX_FRAMES_REACHED
K300_M511K385 NONE_LREP SNR=15.5 frames=50000 errors=0 MAX_FRAMES_REACHED
K300_M511K385 NONE_LREP SNR=17.5 frames=50000 errors=0 MAX_FRAMES_REACHED
K300_M511K385 BEST_LREP SNR=1 frames=1000 errors=1000 TARGET_FRAME_ERRORS_REACHED
K300_M511K385 BEST_LREP SNR=3 frames=1000 errors=802 TARGET_FRAME_ERRORS_REACHED
K300_M511K385 BEST_LREP SNR=5 frames=16346 errors=200 TARGET_FRAME_ERRORS_REACHED
K300_M511K385 BEST_LREP SNR=7 frames=50000 errors=0 MAX_FRAMES_REACHED
K300_M511K385 BEST_LREP SNR=9 frames=50000 errors=0 MAX_FRAMES_REACHED
K300_M511K385 BEST_LREP SNR=11 frames=50000 errors=0 MAX_FRAMES_REACHED
K300_M511K385 BEST_LREP SNR=13 frames=50000 errors=0 MAX_FRAMES_REACHED
K300_M511K385 BEST_LREP SNR=15 frames=50000 errors=0 MAX_FRAMES_REACHED
K300_M511K385 BEST_LREP SNR=17 frames=50000 errors=0 MAX_FRAMES_REACHED
PASS_STAGE16_BURST_INTERLEAVING_COMPARISON_RUNNER
