K200_S15 NONE_L0 SNR=1.5 frames=1000 errors=960 TARGET_FRAME_ERRORS_REACHED
K200_S15 NONE_L0 SNR=3.5 frames=1000 errors=387 TARGET_FRAME_ERRORS_REACHED
K200_S15 NONE_L0 SNR=5.5 frames=7046 errors=200 TARGET_FRAME_ERRORS_REACHED
K200_S15 NONE_L0 SNR=7.5 frames=50000 errors=22 MAX_FRAMES_REACHED
K200_S15 NONE_L0 SNR=9.5 frames=50000 errors=0 MAX_FRAMES_REACHED
K200_S15 NONE_L0 SNR=11.5 frames=50000 errors=0 MAX_FRAMES_REACHED
K200_S15 NONE_L0 SNR=13.5 frames=50000 errors=0 MAX_FRAMES_REACHED
K200_S15 NONE_L0 SNR=15.5 frames=50000 errors=0 MAX_FRAMES_REACHED
K200_S15 NONE_L0 SNR=17.5 frames=50000 errors=0 MAX_FRAMES_REACHED
K200_S15 NONE_LREP SNR=1 frames=1000 errors=1000 TARGET_FRAME_ERRORS_REACHED
K200_S15 NONE_LREP SNR=3 frames=1000 errors=993 TARGET_FRAME_ERRORS_REACHED
K200_S15 NONE_LREP SNR=5 frames=1000 errors=994 TARGET_FRAME_ERRORS_REACHED
K200_S15 NONE_LREP SNR=7 frames=1000 errors=988 TARGET_FRAME_ERRORS_REACHED
K200_S15 NONE_LREP SNR=9 frames=1000 errors=993 TARGET_FRAME_ERRORS_REACHED
K200_S15 NONE_LREP SNR=11 frames=1000 errors=990 TARGET_FRAME_ERRORS_REACHED
K200_S15 NONE_LREP SNR=13 frames=1000 errors=991 TARGET_FRAME_ERRORS_REACHED
K200_S15 NONE_LREP SNR=15 frames=1000 errors=996 TARGET_FRAME_ERRORS_REACHED
K200_S15 NONE_LREP SNR=17 frames=1000 errors=987 TARGET_FRAME_ERRORS_REACHED
K200_S15 BEST_LREP SNR=0.5 frames=1000 errors=1000 TARGET_FRAME_ERRORS_REACHED
K200_S15 BEST_LREP SNR=2.5 frames=1000 errors=994 TARGET_FRAME_ERRORS_REACHED
K200_S15 BEST_LREP SNR=4.5 frames=1000 errors=772 TARGET_FRAME_ERRORS_REACHED
K200_S15 BEST_LREP SNR=6.5 frames=1000 errors=200 TARGET_FRAME_ERRORS_REACHED
K200_S15 BEST_LREP SNR=8.5 frames=14179 errors=200 TARGET_FRAME_ERRORS_REACHED
K200_S15 BEST_LREP SNR=10.5 frames=50000 errors=9 MAX_FRAMES_REACHED
K200_S15 BEST_LREP SNR=12.5 frames=50000 errors=0 MAX_FRAMES_REACHED
K200_S15 BEST_LREP SNR=14.5 frames=50000 errors=0 MAX_FRAMES_REACHED
K200_S15 BEST_LREP SNR=16.5 frames=50000 errors=0 MAX_FRAMES_REACHED
K200_M255K207 NONE_L0 SNR=0 frames=1000 errors=998 TARGET_FRAME_ERRORS_REACHED
K200_M255K207 NONE_L0 SNR=2 frames=1000 errors=803 TARGET_FRAME_ERRORS_REACHED
K200_M255K207 NONE_L0 SNR=4 frames=5639 errors=200 TARGET_FRAME_ERRORS_REACHED
K200_M255K207 NONE_L0 SNR=6 frames=50000 errors=0 MAX_FRAMES_REACHED
K200_M255K207 NONE_L0 SNR=8 frames=50000 errors=0 MAX_FRAMES_REACHED
K200_M255K207 NONE_L0 SNR=10 frames=50000 errors=0 MAX_FRAMES_REACHED
K200_M255K207 NONE_L0 SNR=12 frames=50000 errors=0 MAX_FRAMES_REACHED
K200_M255K207 NONE_L0 SNR=14 frames=50000 errors=0 MAX_FRAMES_REACHED
K200_M255K207 NONE_L0 SNR=16 frames=50000 errors=0 MAX_FRAMES_REACHED
K200_M255K207 NONE_L0 SNR=18 frames=50000 errors=0 MAX_FRAMES_REACHED
K200_M255K207 NONE_LREP SNR=1.5 frames=1000 errors=1000 TARGET_FRAME_ERRORS_REACHED
K200_M255K207 NONE_LREP SNR=3.5 frames=1000 errors=996 TARGET_FRAME_ERRORS_REACHED
K200_M255K207 NONE_LREP SNR=5.5 frames=1000 errors=935 TARGET_FRAME_ERRORS_REACHED
K200_M255K207 NONE_LREP SNR=7.5 frames=1000 errors=847 TARGET_FRAME_ERRORS_REACHED
K200_M255K207 NONE_LREP SNR=9.5 frames=1000 errors=852 TARGET_FRAME_ERRORS_REACHED
K200_M255K207 NONE_LREP SNR=11.5 frames=1000 errors=856 TARGET_FRAME_ERRORS_REACHED
K200_M255K207 NONE_LREP SNR=13.5 frames=1000 errors=842 TARGET_FRAME_ERRORS_REACHED
K200_M255K207 NONE_LREP SNR=15.5 frames=1000 errors=843 TARGET_FRAME_ERRORS_REACHED
K200_M255K207 NONE_LREP SNR=17.5 frames=1000 errors=823 TARGET_FRAME_ERRORS_REACHED
K200_M255K207 BEST_LREP SNR=1 frames=1000 errors=1000 TARGET_FRAME_ERRORS_REACHED
K200_M255K207 BEST_LREP SNR=3 frames=1000 errors=1000 TARGET_FRAME_ERRORS_REACHED
K200_M255K207 BEST_LREP SNR=5 frames=1000 errors=1000 TARGET_FRAME_ERRORS_REACHED
K200_M255K207 BEST_LREP SNR=7 frames=1000 errors=1000 TARGET_FRAME_ERRORS_REACHED
K200_M255K207 BEST_LREP SNR=9 frames=1000 errors=1000 TARGET_FRAME_ERRORS_REACHED
K200_M255K207 BEST_LREP SNR=11 frames=1000 errors=1000 TARGET_FRAME_ERRORS_REACHED
K200_M255K207 BEST_LREP SNR=13 frames=1000 errors=1000 TARGET_FRAME_ERRORS_REACHED
K200_M255K207 BEST_LREP SNR=15 frames=1000 errors=1000 TARGET_FRAME_ERRORS_REACHED
K200_M255K207 BEST_LREP SNR=17 frames=1000 errors=1000 TARGET_FRAME_ERRORS_REACHED
K200_M511K421 NONE_L0 SNR=0.5 frames=1000 errors=984 TARGET_FRAME_ERRORS_REACHED
K200_M511K421 NONE_L0 SNR=2.5 frames=1000 errors=243 TARGET_FRAME_ERRORS_REACHED
K200_M511K421 NONE_L0 SNR=4.5 frames=50000 errors=4 MAX_FRAMES_REACHED
K200_M511K421 NONE_L0 SNR=6.5 frames=50000 errors=0 MAX_FRAMES_REACHED
K200_M511K421 NONE_L0 SNR=8.5 frames=50000 errors=0 MAX_FRAMES_REACHED
K200_M511K421 NONE_L0 SNR=10.5 frames=50000 errors=0 MAX_FRAMES_REACHED
K200_M511K421 NONE_L0 SNR=12.5 frames=50000 errors=0 MAX_FRAMES_REACHED
K200_M511K421 NONE_L0 SNR=14.5 frames=50000 errors=0 MAX_FRAMES_REACHED
K200_M511K421 NONE_L0 SNR=16.5 frames=50000 errors=0 MAX_FRAMES_REACHED
K200_M511K421 NONE_LREP SNR=0 frames=1000 errors=1000 TARGET_FRAME_ERRORS_REACHED
K200_M511K421 NONE_LREP SNR=2 frames=1000 errors=999 TARGET_FRAME_ERRORS_REACHED
K200_M511K421 NONE_LREP SNR=4 frames=1000 errors=979 TARGET_FRAME_ERRORS_REACHED
K200_M511K421 NONE_LREP SNR=6 frames=1000 errors=814 TARGET_FRAME_ERRORS_REACHED
K200_M511K421 NONE_LREP SNR=8 frames=1000 errors=713 TARGET_FRAME_ERRORS_REACHED
K200_M511K421 NONE_LREP SNR=10 frames=1000 errors=714 TARGET_FRAME_ERRORS_REACHED
K200_M511K421 NONE_LREP SNR=12 frames=1000 errors=711 TARGET_FRAME_ERRORS_REACHED
K200_M511K421 NONE_LREP SNR=14 frames=1000 errors=700 TARGET_FRAME_ERRORS_REACHED
K200_M511K421 NONE_LREP SNR=16 frames=1000 errors=728 TARGET_FRAME_ERRORS_REACHED
K200_M511K421 NONE_LREP SNR=18 frames=1000 errors=720 TARGET_FRAME_ERRORS_REACHED
K200_M511K421 BEST_LREP SNR=1.5 frames=1000 errors=1000 TARGET_FRAME_ERRORS_REACHED
K200_M511K421 BEST_LREP SNR=3.5 frames=1000 errors=1000 TARGET_FRAME_ERRORS_REACHED
K200_M511K421 BEST_LREP SNR=5.5 frames=1000 errors=1000 TARGET_FRAME_ERRORS_REACHED
K200_M511K421 BEST_LREP SNR=7.5 frames=1000 errors=1000 TARGET_FRAME_ERRORS_REACHED
K200_M511K421 BEST_LREP SNR=9.5 frames=1000 errors=1000 TARGET_FRAME_ERRORS_REACHED
K200_M511K421 BEST_LREP SNR=11.5 frames=1000 errors=1000 TARGET_FRAME_ERRORS_REACHED
K200_M511K421 BEST_LREP SNR=13.5 frames=1000 errors=1000 TARGET_FRAME_ERRORS_REACHED
K200_M511K421 BEST_LREP SNR=15.5 frames=1000 errors=1000 TARGET_FRAME_ERRORS_REACHED
K200_M511K421 BEST_LREP SNR=17.5 frames=1000 errors=1000 TARGET_FRAME_ERRORS_REACHED
K200_M511K385 NONE_L0 SNR=1 frames=1000 errors=832 TARGET_FRAME_ERRORS_REACHED
K200_M511K385 NONE_L0 SNR=3 frames=20955 errors=200 TARGET_FRAME_ERRORS_REACHED
K200_M511K385 NONE_L0 SNR=5 frames=50000 errors=0 MAX_FRAMES_REACHED
K200_M511K385 NONE_L0 SNR=7 frames=50000 errors=0 MAX_FRAMES_REACHED
K200_M511K385 NONE_L0 SNR=9 frames=50000 errors=0 MAX_FRAMES_REACHED
K200_M511K385 NONE_L0 SNR=11 frames=50000 errors=0 MAX_FRAMES_REACHED
K200_M511K385 NONE_L0 SNR=13 frames=50000 errors=0 MAX_FRAMES_REACHED
K200_M511K385 NONE_L0 SNR=15 frames=50000 errors=0 MAX_FRAMES_REACHED
K200_M511K385 NONE_L0 SNR=17 frames=50000 errors=0 MAX_FRAMES_REACHED
K200_M511K385 NONE_LREP SNR=0.5 frames=1000 errors=1000 TARGET_FRAME_ERRORS_REACHED
K200_M511K385 NONE_LREP SNR=2.5 frames=1000 errors=994 TARGET_FRAME_ERRORS_REACHED
K200_M511K385 NONE_LREP SNR=4.5 frames=1000 errors=476 TARGET_FRAME_ERRORS_REACHED
K200_M511K385 NONE_LREP SNR=6.5 frames=18655 errors=200 TARGET_FRAME_ERRORS_REACHED
K200_M511K385 NONE_LREP SNR=8.5 frames=50000 errors=0 MAX_FRAMES_REACHED
K200_M511K385 NONE_LREP SNR=10.5 frames=50000 errors=0 MAX_FRAMES_REACHED
K200_M511K385 NONE_LREP SNR=12.5 frames=50000 errors=0 MAX_FRAMES_REACHED
K200_M511K385 NONE_LREP SNR=14.5 frames=50000 errors=0 MAX_FRAMES_REACHED
K200_M511K385 NONE_LREP SNR=16.5 frames=50000 errors=0 MAX_FRAMES_REACHED
K200_M511K385 BEST_LREP SNR=0 frames=1000 errors=1000 TARGET_FRAME_ERRORS_REACHED
K200_M511K385 BEST_LREP SNR=2 frames=1000 errors=997 TARGET_FRAME_ERRORS_REACHED
K200_M511K385 BEST_LREP SNR=4 frames=1000 errors=722 TARGET_FRAME_ERRORS_REACHED
K200_M511K385 BEST_LREP SNR=6 frames=5164 errors=200 TARGET_FRAME_ERRORS_REACHED
K200_M511K385 BEST_LREP SNR=8 frames=50000 errors=2 MAX_FRAMES_REACHED
K200_M511K385 BEST_LREP SNR=10 frames=50000 errors=0 MAX_FRAMES_REACHED
K200_M511K385 BEST_LREP SNR=12 frames=50000 errors=0 MAX_FRAMES_REACHED
K200_M511K385 BEST_LREP SNR=14 frames=50000 errors=0 MAX_FRAMES_REACHED
K200_M511K385 BEST_LREP SNR=16 frames=50000 errors=0 MAX_FRAMES_REACHED
K200_M511K385 BEST_LREP SNR=18 frames=50000 errors=0 MAX_FRAMES_REACHED
K300_S15 NONE_L0 SNR=1.5 frames=1000 errors=992 TARGET_FRAME_ERRORS_REACHED
K300_S15 NONE_L0 SNR=3.5 frames=1000 errors=518 TARGET_FRAME_ERRORS_REACHED
K300_S15 NONE_L0 SNR=5.5 frames=5152 errors=200 TARGET_FRAME_ERRORS_REACHED
K300_S15 NONE_L0 SNR=7.5 frames=50000 errors=18 MAX_FRAMES_REACHED
K300_S15 NONE_L0 SNR=9.5 frames=50000 errors=0 MAX_FRAMES_REACHED
K300_S15 NONE_L0 SNR=11.5 frames=50000 errors=0 MAX_FRAMES_REACHED
K300_S15 NONE_L0 SNR=13.5 frames=50000 errors=0 MAX_FRAMES_REACHED
K300_S15 NONE_L0 SNR=15.5 frames=50000 errors=0 MAX_FRAMES_REACHED
K300_S15 NONE_L0 SNR=17.5 frames=50000 errors=0 MAX_FRAMES_REACHED
K300_S15 NONE_LREP SNR=1 frames=1000 errors=1000 TARGET_FRAME_ERRORS_REACHED
K300_S15 NONE_LREP SNR=3 frames=1000 errors=999 TARGET_FRAME_ERRORS_REACHED
K300_S15 NONE_LREP SNR=5 frames=1000 errors=990 TARGET_FRAME_ERRORS_REACHED
K300_S15 NONE_LREP SNR=7 frames=1000 errors=994 TARGET_FRAME_ERRORS_REACHED
K300_S15 NONE_LREP SNR=9 frames=1000 errors=996 TARGET_FRAME_ERRORS_REACHED
K300_S15 NONE_LREP SNR=11 frames=1000 errors=991 TARGET_FRAME_ERRORS_REACHED
K300_S15 NONE_LREP SNR=13 frames=1000 errors=995 TARGET_FRAME_ERRORS_REACHED
K300_S15 NONE_LREP SNR=15 frames=1000 errors=986 TARGET_FRAME_ERRORS_REACHED
K300_S15 NONE_LREP SNR=17 frames=1000 errors=996 TARGET_FRAME_ERRORS_REACHED
K300_S15 BEST_LREP SNR=0.5 frames=1000 errors=1000 TARGET_FRAME_ERRORS_REACHED
K300_S15 BEST_LREP SNR=2.5 frames=1000 errors=989 TARGET_FRAME_ERRORS_REACHED
K300_S15 BEST_LREP SNR=4.5 frames=1000 errors=691 TARGET_FRAME_ERRORS_REACHED
K300_S15 BEST_LREP SNR=6.5 frames=1393 errors=200 TARGET_FRAME_ERRORS_REACHED
K300_S15 BEST_LREP SNR=8.5 frames=21181 errors=200 TARGET_FRAME_ERRORS_REACHED
K300_S15 BEST_LREP SNR=10.5 frames=50000 errors=6 MAX_FRAMES_REACHED
K300_S15 BEST_LREP SNR=12.5 frames=50000 errors=0 MAX_FRAMES_REACHED
K300_S15 BEST_LREP SNR=14.5 frames=50000 errors=0 MAX_FRAMES_REACHED
K300_S15 BEST_LREP SNR=16.5 frames=50000 errors=0 MAX_FRAMES_REACHED
K300_M255K207 NONE_L0 SNR=0 frames=1000 errors=1000 TARGET_FRAME_ERRORS_REACHED
K300_M255K207 NONE_L0 SNR=2 frames=1000 errors=846 TARGET_FRAME_ERRORS_REACHED
K300_M255K207 NONE_L0 SNR=4 frames=7616 errors=200 TARGET_FRAME_ERRORS_REACHED
K300_M255K207 NONE_L0 SNR=6 frames=50000 errors=0 MAX_FRAMES_REACHED
K300_M255K207 NONE_L0 SNR=8 frames=50000 errors=0 MAX_FRAMES_REACHED
K300_M255K207 NONE_L0 SNR=10 frames=50000 errors=0 MAX_FRAMES_REACHED
K300_M255K207 NONE_L0 SNR=12 frames=50000 errors=0 MAX_FRAMES_REACHED
K300_M255K207 NONE_L0 SNR=14 frames=50000 errors=0 MAX_FRAMES_REACHED
K300_M255K207 NONE_L0 SNR=16 frames=50000 errors=0 MAX_FRAMES_REACHED
K300_M255K207 NONE_L0 SNR=18 frames=50000 errors=0 MAX_FRAMES_REACHED
K300_M255K207 NONE_LREP SNR=1.5 frames=1000 errors=1000 TARGET_FRAME_ERRORS_REACHED
K300_M255K207 NONE_LREP SNR=3.5 frames=1000 errors=990 TARGET_FRAME_ERRORS_REACHED
K300_M255K207 NONE_LREP SNR=5.5 frames=1000 errors=897 TARGET_FRAME_ERRORS_REACHED
K300_M255K207 NONE_LREP SNR=7.5 frames=1000 errors=798 TARGET_FRAME_ERRORS_REACHED
K300_M255K207 NONE_LREP SNR=9.5 frames=1000 errors=795 TARGET_FRAME_ERRORS_REACHED
K300_M255K207 NONE_LREP SNR=11.5 frames=1000 errors=782 TARGET_FRAME_ERRORS_REACHED
K300_M255K207 NONE_LREP SNR=13.5 frames=1000 errors=761 TARGET_FRAME_ERRORS_REACHED
K300_M255K207 NONE_LREP SNR=15.5 frames=1000 errors=775 TARGET_FRAME_ERRORS_REACHED
K300_M255K207 NONE_LREP SNR=17.5 frames=1000 errors=784 TARGET_FRAME_ERRORS_REACHED
K300_M255K207 BEST_LREP SNR=1 frames=1000 errors=1000 TARGET_FRAME_ERRORS_REACHED
K300_M255K207 BEST_LREP SNR=3 frames=1000 errors=963 TARGET_FRAME_ERRORS_REACHED
K300_M255K207 BEST_LREP SNR=5 frames=1000 errors=205 TARGET_FRAME_ERRORS_REACHED
K300_M255K207 BEST_LREP SNR=7 frames=50000 errors=40 MAX_FRAMES_REACHED
K300_M255K207 BEST_LREP SNR=9 frames=50000 errors=0 MAX_FRAMES_REACHED
K300_M255K207 BEST_LREP SNR=11 frames=50000 errors=0 MAX_FRAMES_REACHED
K300_M255K207 BEST_LREP SNR=13 frames=50000 errors=0 MAX_FRAMES_REACHED
K300_M255K207 BEST_LREP SNR=15 frames=50000 errors=0 MAX_FRAMES_REACHED
K300_M255K207 BEST_LREP SNR=17 frames=50000 errors=0 MAX_FRAMES_REACHED
K300_M511K421 NONE_L0 SNR=0.5 frames=1000 errors=1000 TARGET_FRAME_ERRORS_REACHED
K300_M511K421 NONE_L0 SNR=2.5 frames=1000 errors=645 TARGET_FRAME_ERRORS_REACHED
K300_M511K421 NONE_L0 SNR=4.5 frames=50000 errors=37 MAX_FRAMES_REACHED
K300_M511K421 NONE_L0 SNR=6.5 frames=50000 errors=0 MAX_FRAMES_REACHED
K300_M511K421 NONE_L0 SNR=8.5 frames=50000 errors=0 MAX_FRAMES_REACHED
K300_M511K421 NONE_L0 SNR=10.5 frames=50000 errors=0 MAX_FRAMES_REACHED
K300_M511K421 NONE_L0 SNR=12.5 frames=50000 errors=0 MAX_FRAMES_REACHED
K300_M511K421 NONE_L0 SNR=14.5 frames=50000 errors=0 MAX_FRAMES_REACHED
K300_M511K421 NONE_L0 SNR=16.5 frames=50000 errors=0 MAX_FRAMES_REACHED
K300_M511K421 NONE_LREP SNR=0 frames=1000 errors=1000 TARGET_FRAME_ERRORS_REACHED
K300_M511K421 NONE_LREP SNR=2 frames=1000 errors=1000 TARGET_FRAME_ERRORS_REACHED
K300_M511K421 NONE_LREP SNR=4 frames=1000 errors=855 TARGET_FRAME_ERRORS_REACHED
K300_M511K421 NONE_LREP SNR=6 frames=3269 errors=200 TARGET_FRAME_ERRORS_REACHED
K300_M511K421 NONE_LREP SNR=8 frames=50000 errors=3 MAX_FRAMES_REACHED
K300_M511K421 NONE_LREP SNR=10 frames=50000 errors=0 MAX_FRAMES_REACHED
K300_M511K421 NONE_LREP SNR=12 frames=50000 errors=0 MAX_FRAMES_REACHED
K300_M511K421 NONE_LREP SNR=14 frames=50000 errors=0 MAX_FRAMES_REACHED
K300_M511K421 NONE_LREP SNR=16 frames=50000 errors=0 MAX_FRAMES_REACHED
K300_M511K421 NONE_LREP SNR=18 frames=50000 errors=0 MAX_FRAMES_REACHED
K300_M511K421 BEST_LREP SNR=1.5 frames=1000 errors=1000 TARGET_FRAME_ERRORS_REACHED
K300_M511K421 BEST_LREP SNR=3.5 frames=1000 errors=949 TARGET_FRAME_ERRORS_REACHED
K300_M511K421 BEST_LREP SNR=5.5 frames=1058 errors=200 TARGET_FRAME_ERRORS_REACHED
K300_M511K421 BEST_LREP SNR=7.5 frames=50000 errors=29 MAX_FRAMES_REACHED
K300_M511K421 BEST_LREP SNR=9.5 frames=50000 errors=0 MAX_FRAMES_REACHED
K300_M511K421 BEST_LREP SNR=11.5 frames=50000 errors=0 MAX_FRAMES_REACHED
K300_M511K421 BEST_LREP SNR=13.5 frames=50000 errors=0 MAX_FRAMES_REACHED
K300_M511K421 BEST_LREP SNR=15.5 frames=50000 errors=0 MAX_FRAMES_REACHED
K300_M511K421 BEST_LREP SNR=17.5 frames=50000 errors=0 MAX_FRAMES_REACHED
K300_M511K385 NONE_L0 SNR=1 frames=1000 errors=976 TARGET_FRAME_ERRORS_REACHED
K300_M511K385 NONE_L0 SNR=3 frames=2991 errors=200 TARGET_FRAME_ERRORS_REACHED
K300_M511K385 NONE_L0 SNR=5 frames=50000 errors=0 MAX_FRAMES_REACHED
K300_M511K385 NONE_L0 SNR=7 frames=50000 errors=0 MAX_FRAMES_REACHED
K300_M511K385 NONE_L0 SNR=9 frames=50000 errors=0 MAX_FRAMES_REACHED
K300_M511K385 NONE_L0 SNR=11 frames=50000 errors=0 MAX_FRAMES_REACHED
K300_M511K385 NONE_L0 SNR=13 frames=50000 errors=0 MAX_FRAMES_REACHED
K300_M511K385 NONE_L0 SNR=15 frames=50000 errors=0 MAX_FRAMES_REACHED
K300_M511K385 NONE_L0 SNR=17 frames=50000 errors=0 MAX_FRAMES_REACHED
K300_M511K385 NONE_LREP SNR=0.5 frames=1000 errors=1000 TARGET_FRAME_ERRORS_REACHED
K300_M511K385 NONE_LREP SNR=2.5 frames=1000 errors=953 TARGET_FRAME_ERRORS_REACHED
K300_M511K385 NONE_LREP SNR=4.5 frames=2523 errors=200 TARGET_FRAME_ERRORS_REACHED
K300_M511K385 NONE_LREP SNR=6.5 frames=50000 errors=0 MAX_FRAMES_REACHED
K300_M511K385 NONE_LREP SNR=8.5 frames=50000 errors=0 MAX_FRAMES_REACHED
K300_M511K385 NONE_LREP SNR=10.5 frames=50000 errors=0 MAX_FRAMES_REACHED
K300_M511K385 NONE_LREP SNR=12.5 frames=50000 errors=0 MAX_FRAMES_REACHED
K300_M511K385 NONE_LREP SNR=14.5 frames=50000 errors=0 MAX_FRAMES_REACHED
K300_M511K385 NONE_LREP SNR=16.5 frames=50000 errors=0 MAX_FRAMES_REACHED
K300_M511K385 BEST_LREP SNR=0 frames=1000 errors=1000 TARGET_FRAME_ERRORS_REACHED
K300_M511K385 BEST_LREP SNR=2 frames=1000 errors=994 TARGET_FRAME_ERRORS_REACHED
K300_M511K385 BEST_LREP SNR=4 frames=1000 errors=240 TARGET_FRAME_ERRORS_REACHED
K300_M511K385 BEST_LREP SNR=6 frames=50000 errors=3 MAX_FRAMES_REACHED
K300_M511K385 BEST_LREP SNR=8 frames=50000 errors=0 MAX_FRAMES_REACHED
K300_M511K385 BEST_LREP SNR=10 frames=50000 errors=0 MAX_FRAMES_REACHED
K300_M511K385 BEST_LREP SNR=12 frames=50000 errors=0 MAX_FRAMES_REACHED
K300_M511K385 BEST_LREP SNR=14 frames=50000 errors=0 MAX_FRAMES_REACHED
K300_M511K385 BEST_LREP SNR=16 frames=50000 errors=0 MAX_FRAMES_REACHED
K300_M511K385 BEST_LREP SNR=18 frames=50000 errors=0 MAX_FRAMES_REACHED
PASS_STAGE16_BURST_INTERLEAVING_COMPARISON_RUNNER
