K200_S15 NONE_L0 SNR=1 frames=1000 errors=985 TARGET_FRAME_ERRORS_REACHED
K200_S15 NONE_L0 SNR=3 frames=1000 errors=581 TARGET_FRAME_ERRORS_REACHED
K200_S15 NONE_L0 SNR=5 frames=3086 errors=200 TARGET_FRAME_ERRORS_REACHED
K200_S15 NONE_L0 SNR=7 frames=50000 errors=70 MAX_FRAMES_REACHED
K200_S15 NONE_L0 SNR=9 frames=50000 errors=0 MAX_FRAMES_REACHED
K200_S15 NONE_L0 SNR=11 frames=50000 errors=0 MAX_FRAMES_REACHED
K200_S15 NONE_L0 SNR=13 frames=50000 errors=0 MAX_FRAMES_REACHED
K200_S15 NONE_L0 SNR=15 frames=50000 errors=0 MAX_FRAMES_REACHED
K200_S15 NONE_L0 SNR=17 frames=50000 errors=0 MAX_FRAMES_REACHED
K200_S15 NONE_LREP SNR=0.5 frames=1000 errors=1000 TARGET_FRAME_ERRORS_REACHED
K200_S15 NONE_LREP SNR=2.5 frames=1000 errors=998 TARGET_FRAME_ERRORS_REACHED
K200_S15 NONE_LREP SNR=4.5 frames=1000 errors=993 TARGET_FRAME_ERRORS_REACHED
K200_S15 NONE_LREP SNR=6.5 frames=1000 errors=991 TARGET_FRAME_ERRORS_REACHED
K200_S15 NONE_LREP SNR=8.5 frames=1000 errors=987 TARGET_FRAME_ERRORS_REACHED
K200_S15 NONE_LREP SNR=10.5 frames=1000 errors=996 TARGET_FRAME_ERRORS_REACHED
K200_S15 NONE_LREP SNR=12.5 frames=1000 errors=991 TARGET_FRAME_ERRORS_REACHED
K200_S15 NONE_LREP SNR=14.5 frames=1000 errors=989 TARGET_FRAME_ERRORS_REACHED
K200_S15 NONE_LREP SNR=16.5 frames=1000 errors=994 TARGET_FRAME_ERRORS_REACHED
K200_S15 BEST_LREP SNR=0 frames=1000 errors=1000 TARGET_FRAME_ERRORS_REACHED
K200_S15 BEST_LREP SNR=2 frames=1000 errors=1000 TARGET_FRAME_ERRORS_REACHED
K200_S15 BEST_LREP SNR=4 frames=1000 errors=872 TARGET_FRAME_ERRORS_REACHED
K200_S15 BEST_LREP SNR=6 frames=1000 errors=305 TARGET_FRAME_ERRORS_REACHED
K200_S15 BEST_LREP SNR=8 frames=6232 errors=200 TARGET_FRAME_ERRORS_REACHED
K200_S15 BEST_LREP SNR=10 frames=50000 errors=24 MAX_FRAMES_REACHED
K200_S15 BEST_LREP SNR=12 frames=50000 errors=0 MAX_FRAMES_REACHED
K200_S15 BEST_LREP SNR=14 frames=50000 errors=0 MAX_FRAMES_REACHED
K200_S15 BEST_LREP SNR=16 frames=50000 errors=0 MAX_FRAMES_REACHED
K200_S15 BEST_LREP SNR=18 frames=50000 errors=0 MAX_FRAMES_REACHED
K200_M255K207 NONE_L0 SNR=1.5 frames=1000 errors=947 TARGET_FRAME_ERRORS_REACHED
K200_M255K207 NONE_L0 SNR=3.5 frames=1463 errors=200 TARGET_FRAME_ERRORS_REACHED
K200_M255K207 NONE_L0 SNR=5.5 frames=50000 errors=1 MAX_FRAMES_REACHED
K200_M255K207 NONE_L0 SNR=7.5 frames=50000 errors=0 MAX_FRAMES_REACHED
K200_M255K207 NONE_L0 SNR=9.5 frames=50000 errors=0 MAX_FRAMES_REACHED
K200_M255K207 NONE_L0 SNR=11.5 frames=50000 errors=0 MAX_FRAMES_REACHED
K200_M255K207 NONE_L0 SNR=13.5 frames=50000 errors=0 MAX_FRAMES_REACHED
K200_M255K207 NONE_L0 SNR=15.5 frames=50000 errors=0 MAX_FRAMES_REACHED
K200_M255K207 NONE_L0 SNR=17.5 frames=50000 errors=0 MAX_FRAMES_REACHED
K200_M255K207 NONE_LREP SNR=1 frames=1000 errors=1000 TARGET_FRAME_ERRORS_REACHED
K200_M255K207 NONE_LREP SNR=3 frames=1000 errors=997 TARGET_FRAME_ERRORS_REACHED
K200_M255K207 NONE_LREP SNR=5 frames=1000 errors=963 TARGET_FRAME_ERRORS_REACHED
K200_M255K207 NONE_LREP SNR=7 frames=1000 errors=863 TARGET_FRAME_ERRORS_REACHED
K200_M255K207 NONE_LREP SNR=9 frames=1000 errors=846 TARGET_FRAME_ERRORS_REACHED
K200_M255K207 NONE_LREP SNR=11 frames=1000 errors=846 TARGET_FRAME_ERRORS_REACHED
K200_M255K207 NONE_LREP SNR=13 frames=1000 errors=834 TARGET_FRAME_ERRORS_REACHED
K200_M255K207 NONE_LREP SNR=15 frames=1000 errors=859 TARGET_FRAME_ERRORS_REACHED
K200_M255K207 NONE_LREP SNR=17 frames=1000 errors=831 TARGET_FRAME_ERRORS_REACHED
K200_M255K207 BEST_LREP SNR=0.5 frames=1000 errors=1000 TARGET_FRAME_ERRORS_REACHED
K200_M255K207 BEST_LREP SNR=2.5 frames=1000 errors=1000 TARGET_FRAME_ERRORS_REACHED
K200_M255K207 BEST_LREP SNR=4.5 frames=1000 errors=1000 TARGET_FRAME_ERRORS_REACHED
K200_M255K207 BEST_LREP SNR=6.5 frames=1000 errors=1000 TARGET_FRAME_ERRORS_REACHED
K200_M255K207 BEST_LREP SNR=8.5 frames=1000 errors=1000 TARGET_FRAME_ERRORS_REACHED
K200_M255K207 BEST_LREP SNR=10.5 frames=1000 errors=1000 TARGET_FRAME_ERRORS_REACHED
K200_M255K207 BEST_LREP SNR=12.5 frames=1000 errors=1000 TARGET_FRAME_ERRORS_REACHED
K200_M255K207 BEST_LREP SNR=14.5 frames=1000 errors=1000 TARGET_FRAME_ERRORS_REACHED
K200_M255K207 BEST_LREP SNR=16.5 frames=1000 errors=1000 TARGET_FRAME_ERRORS_REACHED
K200_M511K421 NONE_L0 SNR=0 frames=1000 errors=1000 TARGET_FRAME_ERRORS_REACHED
K200_M511K421 NONE_L0 SNR=2 frames=1000 errors=514 TARGET_FRAME_ERRORS_REACHED
K200_M511K421 NONE_L0 SNR=4 frames=50000 errors=69 MAX_FRAMES_REACHED
K200_M511K421 NONE_L0 SNR=6 frames=50000 errors=0 MAX_FRAMES_REACHED
K200_M511K421 NONE_L0 SNR=8 frames=50000 errors=0 MAX_FRAMES_REACHED
K200_M511K421 NONE_L0 SNR=10 frames=50000 errors=0 MAX_FRAMES_REACHED
K200_M511K421 NONE_L0 SNR=12 frames=50000 errors=0 MAX_FRAMES_REACHED
K200_M511K421 NONE_L0 SNR=14 frames=50000 errors=0 MAX_FRAMES_REACHED
K200_M511K421 NONE_L0 SNR=16 frames=50000 errors=0 MAX_FRAMES_REACHED
K200_M511K421 NONE_L0 SNR=18 frames=50000 errors=0 MAX_FRAMES_REACHED
K200_M511K421 NONE_LREP SNR=1.5 frames=1000 errors=1000 TARGET_FRAME_ERRORS_REACHED
K200_M511K421 NONE_LREP SNR=3.5 frames=1000 errors=991 TARGET_FRAME_ERRORS_REACHED
K200_M511K421 NONE_LREP SNR=5.5 frames=1000 errors=868 TARGET_FRAME_ERRORS_REACHED
K200_M511K421 NONE_LREP SNR=7.5 frames=1000 errors=743 TARGET_FRAME_ERRORS_REACHED
K200_M511K421 NONE_LREP SNR=9.5 frames=1000 errors=725 TARGET_FRAME_ERRORS_REACHED
K200_M511K421 NONE_LREP SNR=11.5 frames=1000 errors=699 TARGET_FRAME_ERRORS_REACHED
K200_M511K421 NONE_LREP SNR=13.5 frames=1000 errors=707 TARGET_FRAME_ERRORS_REACHED
K200_M511K421 NONE_LREP SNR=15.5 frames=1000 errors=704 TARGET_FRAME_ERRORS_REACHED
K200_M511K421 NONE_LREP SNR=17.5 frames=1000 errors=711 TARGET_FRAME_ERRORS_REACHED
K200_M511K421 BEST_LREP SNR=1 frames=1000 errors=1000 TARGET_FRAME_ERRORS_REACHED
K200_M511K421 BEST_LREP SNR=3 frames=1000 errors=1000 TARGET_FRAME_ERRORS_REACHED
K200_M511K421 BEST_LREP SNR=5 frames=1000 errors=1000 TARGET_FRAME_ERRORS_REACHED
K200_M511K421 BEST_LREP SNR=7 frames=1000 errors=1000 TARGET_FRAME_ERRORS_REACHED
K200_M511K421 BEST_LREP SNR=9 frames=1000 errors=1000 TARGET_FRAME_ERRORS_REACHED
K200_M511K421 BEST_LREP SNR=11 frames=1000 errors=1000 TARGET_FRAME_ERRORS_REACHED
K200_M511K421 BEST_LREP SNR=13 frames=1000 errors=1000 TARGET_FRAME_ERRORS_REACHED
K200_M511K421 BEST_LREP SNR=15 frames=1000 errors=1000 TARGET_FRAME_ERRORS_REACHED
K200_M511K421 BEST_LREP SNR=17 frames=1000 errors=1000 TARGET_FRAME_ERRORS_REACHED
K200_M511K385 NONE_L0 SNR=0.5 frames=1000 errors=949 TARGET_FRAME_ERRORS_REACHED
K200_M511K385 NONE_L0 SNR=2.5 frames=3238 errors=200 TARGET_FRAME_ERRORS_REACHED
K200_M511K385 NONE_L0 SNR=4.5 frames=50000 errors=0 MAX_FRAMES_REACHED
K200_M511K385 NONE_L0 SNR=6.5 frames=50000 errors=0 MAX_FRAMES_REACHED
K200_M511K385 NONE_L0 SNR=8.5 frames=50000 errors=0 MAX_FRAMES_REACHED
K200_M511K385 NONE_L0 SNR=10.5 frames=50000 errors=0 MAX_FRAMES_REACHED
K200_M511K385 NONE_L0 SNR=12.5 frames=50000 errors=0 MAX_FRAMES_REACHED
K200_M511K385 NONE_L0 SNR=14.5 frames=50000 errors=0 MAX_FRAMES_REACHED
K200_M511K385 NONE_L0 SNR=16.5 frames=50000 errors=0 MAX_FRAMES_REACHED
K200_M511K385 NONE_LREP SNR=0 frames=1000 errors=1000 TARGET_FRAME_ERRORS_REACHED
K200_M511K385 NONE_LREP SNR=2 frames=1000 errors=998 TARGET_FRAME_ERRORS_REACHED
K200_M511K385 NONE_LREP SNR=4 frames=1000 errors=699 TARGET_FRAME_ERRORS_REACHED
K200_M511K385 NONE_LREP SNR=6 frames=4958 errors=200 TARGET_FRAME_ERRORS_REACHED
K200_M511K385 NONE_LREP SNR=8 frames=50000 errors=3 MAX_FRAMES_REACHED
K200_M511K385 NONE_LREP SNR=10 frames=50000 errors=0 MAX_FRAMES_REACHED
K200_M511K385 NONE_LREP SNR=12 frames=50000 errors=0 MAX_FRAMES_REACHED
K200_M511K385 NONE_LREP SNR=14 frames=50000 errors=0 MAX_FRAMES_REACHED
K200_M511K385 NONE_LREP SNR=16 frames=50000 errors=0 MAX_FRAMES_REACHED
K200_M511K385 NONE_LREP SNR=18 frames=50000 errors=0 MAX_FRAMES_REACHED
K200_M511K385 BEST_LREP SNR=1.5 frames=1000 errors=1000 TARGET_FRAME_ERRORS_REACHED
K200_M511K385 BEST_LREP SNR=3.5 frames=1000 errors=883 TARGET_FRAME_ERRORS_REACHED
K200_M511K385 BEST_LREP SNR=5.5 frames=1516 errors=200 TARGET_FRAME_ERRORS_REACHED
K200_M511K385 BEST_LREP SNR=7.5 frames=50000 errors=15 MAX_FRAMES_REACHED
K200_M511K385 BEST_LREP SNR=9.5 frames=50000 errors=0 MAX_FRAMES_REACHED
K200_M511K385 BEST_LREP SNR=11.5 frames=50000 errors=0 MAX_FRAMES_REACHED
K200_M511K385 BEST_LREP SNR=13.5 frames=50000 errors=0 MAX_FRAMES_REACHED
K200_M511K385 BEST_LREP SNR=15.5 frames=50000 errors=0 MAX_FRAMES_REACHED
K200_M511K385 BEST_LREP SNR=17.5 frames=50000 errors=0 MAX_FRAMES_REACHED
K300_S15 NONE_L0 SNR=1 frames=1000 errors=996 TARGET_FRAME_ERRORS_REACHED
K300_S15 NONE_L0 SNR=3 frames=1000 errors=731 TARGET_FRAME_ERRORS_REACHED
K300_S15 NONE_L0 SNR=5 frames=2161 errors=200 TARGET_FRAME_ERRORS_REACHED
K300_S15 NONE_L0 SNR=7 frames=50000 errors=95 MAX_FRAMES_REACHED
K300_S15 NONE_L0 SNR=9 frames=50000 errors=0 MAX_FRAMES_REACHED
K300_S15 NONE_L0 SNR=11 frames=50000 errors=0 MAX_FRAMES_REACHED
K300_S15 NONE_L0 SNR=13 frames=50000 errors=0 MAX_FRAMES_REACHED
K300_S15 NONE_L0 SNR=15 frames=50000 errors=0 MAX_FRAMES_REACHED
K300_S15 NONE_L0 SNR=17 frames=50000 errors=0 MAX_FRAMES_REACHED
K300_S15 NONE_LREP SNR=0.5 frames=1000 errors=1000 TARGET_FRAME_ERRORS_REACHED
K300_S15 NONE_LREP SNR=2.5 frames=1000 errors=1000 TARGET_FRAME_ERRORS_REACHED
K300_S15 NONE_LREP SNR=4.5 frames=1000 errors=993 TARGET_FRAME_ERRORS_REACHED
K300_S15 NONE_LREP SNR=6.5 frames=1000 errors=992 TARGET_FRAME_ERRORS_REACHED
K300_S15 NONE_LREP SNR=8.5 frames=1000 errors=995 TARGET_FRAME_ERRORS_REACHED
K300_S15 NONE_LREP SNR=10.5 frames=1000 errors=991 TARGET_FRAME_ERRORS_REACHED
K300_S15 NONE_LREP SNR=12.5 frames=1000 errors=992 TARGET_FRAME_ERRORS_REACHED
K300_S15 NONE_LREP SNR=14.5 frames=1000 errors=989 TARGET_FRAME_ERRORS_REACHED
K300_S15 NONE_LREP SNR=16.5 frames=1000 errors=993 TARGET_FRAME_ERRORS_REACHED
K300_S15 BEST_LREP SNR=0 frames=1000 errors=1000 TARGET_FRAME_ERRORS_REACHED
K300_S15 BEST_LREP SNR=2 frames=1000 errors=997 TARGET_FRAME_ERRORS_REACHED
K300_S15 BEST_LREP SNR=4 frames=1000 errors=813 TARGET_FRAME_ERRORS_REACHED
K300_S15 BEST_LREP SNR=6 frames=1000 errors=235 TARGET_FRAME_ERRORS_REACHED
K300_S15 BEST_LREP SNR=8 frames=10352 errors=200 TARGET_FRAME_ERRORS_REACHED
K300_S15 BEST_LREP SNR=10 frames=50000 errors=20 MAX_FRAMES_REACHED
K300_S15 BEST_LREP SNR=12 frames=50000 errors=0 MAX_FRAMES_REACHED
K300_S15 BEST_LREP SNR=14 frames=50000 errors=0 MAX_FRAMES_REACHED
K300_S15 BEST_LREP SNR=16 frames=50000 errors=0 MAX_FRAMES_REACHED
K300_S15 BEST_LREP SNR=18 frames=50000 errors=0 MAX_FRAMES_REACHED
K300_M255K207 NONE_L0 SNR=1.5 frames=1000 errors=969 TARGET_FRAME_ERRORS_REACHED
K300_M255K207 NONE_L0 SNR=3.5 frames=1945 errors=200 TARGET_FRAME_ERRORS_REACHED
K300_M255K207 NONE_L0 SNR=5.5 frames=50000 errors=0 MAX_FRAMES_REACHED
K300_M255K207 NONE_L0 SNR=7.5 frames=50000 errors=0 MAX_FRAMES_REACHED
K300_M255K207 NONE_L0 SNR=9.5 frames=50000 errors=0 MAX_FRAMES_REACHED
K300_M255K207 NONE_L0 SNR=11.5 frames=50000 errors=0 MAX_FRAMES_REACHED
K300_M255K207 NONE_L0 SNR=13.5 frames=50000 errors=0 MAX_FRAMES_REACHED
K300_M255K207 NONE_L0 SNR=15.5 frames=50000 errors=0 MAX_FRAMES_REACHED
K300_M255K207 NONE_L0 SNR=17.5 frames=50000 errors=0 MAX_FRAMES_REACHED
K300_M255K207 NONE_LREP SNR=1 frames=1000 errors=1000 TARGET_FRAME_ERRORS_REACHED
K300_M255K207 NONE_LREP SNR=3 frames=1000 errors=996 TARGET_FRAME_ERRORS_REACHED
K300_M255K207 NONE_LREP SNR=5 frames=1000 errors=917 TARGET_FRAME_ERRORS_REACHED
K300_M255K207 NONE_LREP SNR=7 frames=1000 errors=793 TARGET_FRAME_ERRORS_REACHED
K300_M255K207 NONE_LREP SNR=9 frames=1000 errors=770 TARGET_FRAME_ERRORS_REACHED
K300_M255K207 NONE_LREP SNR=11 frames=1000 errors=777 TARGET_FRAME_ERRORS_REACHED
K300_M255K207 NONE_LREP SNR=13 frames=1000 errors=778 TARGET_FRAME_ERRORS_REACHED
K300_M255K207 NONE_LREP SNR=15 frames=1000 errors=784 TARGET_FRAME_ERRORS_REACHED
K300_M255K207 NONE_LREP SNR=17 frames=1000 errors=799 TARGET_FRAME_ERRORS_REACHED
K300_M255K207 BEST_LREP SNR=0.5 frames=1000 errors=1000 TARGET_FRAME_ERRORS_REACHED
K300_M255K207 BEST_LREP SNR=2.5 frames=1000 errors=991 TARGET_FRAME_ERRORS_REACHED
K300_M255K207 BEST_LREP SNR=4.5 frames=1000 errors=425 TARGET_FRAME_ERRORS_REACHED
K300_M255K207 BEST_LREP SNR=6.5 frames=38740 errors=200 TARGET_FRAME_ERRORS_REACHED
K300_M255K207 BEST_LREP SNR=8.5 frames=50000 errors=0 MAX_FRAMES_REACHED
K300_M255K207 BEST_LREP SNR=10.5 frames=50000 errors=0 MAX_FRAMES_REACHED
K300_M255K207 BEST_LREP SNR=12.5 frames=50000 errors=0 MAX_FRAMES_REACHED
K300_M255K207 BEST_LREP SNR=14.5 frames=50000 errors=0 MAX_FRAMES_REACHED
K300_M255K207 BEST_LREP SNR=16.5 frames=50000 errors=0 MAX_FRAMES_REACHED
K300_M511K421 NONE_L0 SNR=0 frames=1000 errors=1000 TARGET_FRAME_ERRORS_REACHED
K300_M511K421 NONE_L0 SNR=2 frames=1000 errors=879 TARGET_FRAME_ERRORS_REACHED
K300_M511K421 NONE_L0 SNR=4 frames=18819 errors=200 TARGET_FRAME_ERRORS_REACHED
K300_M511K421 NONE_L0 SNR=6 frames=50000 errors=0 MAX_FRAMES_REACHED
K300_M511K421 NONE_L0 SNR=8 frames=50000 errors=0 MAX_FRAMES_REACHED
K300_M511K421 NONE_L0 SNR=10 frames=50000 errors=0 MAX_FRAMES_REACHED
K300_M511K421 NONE_L0 SNR=12 frames=50000 errors=0 MAX_FRAMES_REACHED
K300_M511K421 NONE_L0 SNR=14 frames=50000 errors=0 MAX_FRAMES_REACHED
K300_M511K421 NONE_L0 SNR=16 frames=50000 errors=0 MAX_FRAMES_REACHED
K300_M511K421 NONE_L0 SNR=18 frames=50000 errors=0 MAX_FRAMES_REACHED
K300_M511K421 NONE_LREP SNR=1.5 frames=1000 errors=1000 TARGET_FRAME_ERRORS_REACHED
K300_M511K421 NONE_LREP SNR=3.5 frames=1000 errors=954 TARGET_FRAME_ERRORS_REACHED
K300_M511K421 NONE_LREP SNR=5.5 frames=1022 errors=200 TARGET_FRAME_ERRORS_REACHED
K300_M511K421 NONE_LREP SNR=7.5 frames=50000 errors=26 MAX_FRAMES_REACHED
K300_M511K421 NONE_LREP SNR=9.5 frames=50000 errors=0 MAX_FRAMES_REACHED
K300_M511K421 NONE_LREP SNR=11.5 frames=50000 errors=0 MAX_FRAMES_REACHED
K300_M511K421 NONE_LREP SNR=13.5 frames=50000 errors=0 MAX_FRAMES_REACHED
K300_M511K421 NONE_LREP SNR=15.5 frames=50000 errors=0 MAX_FRAMES_REACHED
K300_M511K421 NONE_LREP SNR=17.5 frames=50000 errors=0 MAX_FRAMES_REACHED
K300_M511K421 BEST_LREP SNR=1 frames=1000 errors=1000 TARGET_FRAME_ERRORS_REACHED
K300_M511K421 BEST_LREP SNR=3 frames=1000 errors=990 TARGET_FRAME_ERRORS_REACHED
K300_M511K421 BEST_LREP SNR=5 frames=1000 errors=374 TARGET_FRAME_ERRORS_REACHED
K300_M511K421 BEST_LREP SNR=7 frames=50000 errors=188 MAX_FRAMES_REACHED
K300_M511K421 BEST_LREP SNR=9 frames=50000 errors=0 MAX_FRAMES_REACHED
K300_M511K421 BEST_LREP SNR=11 frames=50000 errors=0 MAX_FRAMES_REACHED
K300_M511K421 BEST_LREP SNR=13 frames=50000 errors=0 MAX_FRAMES_REACHED
K300_M511K421 BEST_LREP SNR=15 frames=50000 errors=0 MAX_FRAMES_REACHED
K300_M511K421 BEST_LREP SNR=17 frames=50000 errors=0 MAX_FRAMES_REACHED
K300_M511K385 NONE_L0 SNR=0.5 frames=1000 errors=998 TARGET_FRAME_ERRORS_REACHED
K300_M511K385 NONE_L0 SNR=2.5 frames=1000 errors=257 TARGET_FRAME_ERRORS_REACHED
K300_M511K385 NONE_L0 SNR=4.5 frames=50000 errors=1 MAX_FRAMES_REACHED
K300_M511K385 NONE_L0 SNR=6.5 frames=50000 errors=0 MAX_FRAMES_REACHED
K300_M511K385 NONE_L0 SNR=8.5 frames=50000 errors=0 MAX_FRAMES_REACHED
K300_M511K385 NONE_L0 SNR=10.5 frames=50000 errors=0 MAX_FRAMES_REACHED
K300_M511K385 NONE_L0 SNR=12.5 frames=50000 errors=0 MAX_FRAMES_REACHED
K300_M511K385 NONE_L0 SNR=14.5 frames=50000 errors=0 MAX_FRAMES_REACHED
K300_M511K385 NONE_L0 SNR=16.5 frames=50000 errors=0 MAX_FRAMES_REACHED
K300_M511K385 NONE_LREP SNR=0 frames=1000 errors=1000 TARGET_FRAME_ERRORS_REACHED
K300_M511K385 NONE_LREP SNR=2 frames=1000 errors=996 TARGET_FRAME_ERRORS_REACHED
K300_M511K385 NONE_LREP SNR=4 frames=1000 errors=250 TARGET_FRAME_ERRORS_REACHED
K300_M511K385 NONE_LREP SNR=6 frames=50000 errors=3 MAX_FRAMES_REACHED
K300_M511K385 NONE_LREP SNR=8 frames=50000 errors=0 MAX_FRAMES_REACHED
K300_M511K385 NONE_LREP SNR=10 frames=50000 errors=0 MAX_FRAMES_REACHED
K300_M511K385 NONE_LREP SNR=12 frames=50000 errors=0 MAX_FRAMES_REACHED
K300_M511K385 NONE_LREP SNR=14 frames=50000 errors=0 MAX_FRAMES_REACHED
K300_M511K385 NONE_LREP SNR=16 frames=50000 errors=0 MAX_FRAMES_REACHED
K300_M511K385 NONE_LREP SNR=18 frames=50000 errors=0 MAX_FRAMES_REACHED
K300_M511K385 BEST_LREP SNR=1.5 frames=1000 errors=1000 TARGET_FRAME_ERRORS_REACHED
K300_M511K385 BEST_LREP SNR=3.5 frames=1000 errors=582 TARGET_FRAME_ERRORS_REACHED
K300_M511K385 BEST_LREP SNR=5.5 frames=50000 errors=65 MAX_FRAMES_REACHED
K300_M511K385 BEST_LREP SNR=7.5 frames=50000 errors=0 MAX_FRAMES_REACHED
K300_M511K385 BEST_LREP SNR=9.5 frames=50000 errors=0 MAX_FRAMES_REACHED
K300_M511K385 BEST_LREP SNR=11.5 frames=50000 errors=0 MAX_FRAMES_REACHED
K300_M511K385 BEST_LREP SNR=13.5 frames=50000 errors=0 MAX_FRAMES_REACHED
K300_M511K385 BEST_LREP SNR=15.5 frames=50000 errors=0 MAX_FRAMES_REACHED
K300_M511K385 BEST_LREP SNR=17.5 frames=50000 errors=0 MAX_FRAMES_REACHED
PASS_STAGE16_BURST_INTERLEAVING_COMPARISON_RUNNER
