K200_S15 NONE_LREP SNR=0.5 frames=1000 errors=1000 TARGET_FRAME_ERRORS_REACHED
K200_S15 NONE_LREP SNR=2.5 frames=1000 errors=996 TARGET_FRAME_ERRORS_REACHED
K200_S15 NONE_LREP SNR=4.5 frames=1000 errors=984 TARGET_FRAME_ERRORS_REACHED
K200_S15 NONE_LREP SNR=6.5 frames=1000 errors=987 TARGET_FRAME_ERRORS_REACHED
K200_S15 NONE_LREP SNR=8.5 frames=1000 errors=983 TARGET_FRAME_ERRORS_REACHED
K200_S15 NONE_LREP SNR=10.5 frames=1000 errors=981 TARGET_FRAME_ERRORS_REACHED
K200_S15 NONE_LREP SNR=12.5 frames=1000 errors=983 TARGET_FRAME_ERRORS_REACHED
K200_S15 NONE_LREP SNR=14.5 frames=1000 errors=989 TARGET_FRAME_ERRORS_REACHED
K200_S15 NONE_LREP SNR=16.5 frames=1000 errors=978 TARGET_FRAME_ERRORS_REACHED
K200_S15 BEST_LREP SNR=0 frames=1000 errors=1000 TARGET_FRAME_ERRORS_REACHED
K200_S15 BEST_LREP SNR=2 frames=1000 errors=995 TARGET_FRAME_ERRORS_REACHED
K200_S15 BEST_LREP SNR=4 frames=1000 errors=768 TARGET_FRAME_ERRORS_REACHED
K200_S15 BEST_LREP SNR=6 frames=1000 errors=232 TARGET_FRAME_ERRORS_REACHED
K200_S15 BEST_LREP SNR=8 frames=9797 errors=200 TARGET_FRAME_ERRORS_REACHED
K200_S15 BEST_LREP SNR=10 frames=50000 errors=14 MAX_FRAMES_REACHED
K200_S15 BEST_LREP SNR=12 frames=50000 errors=0 MAX_FRAMES_REACHED
K200_S15 BEST_LREP SNR=14 frames=50000 errors=0 MAX_FRAMES_REACHED
K200_S15 BEST_LREP SNR=16 frames=50000 errors=0 MAX_FRAMES_REACHED
K200_S15 BEST_LREP SNR=18 frames=50000 errors=0 MAX_FRAMES_REACHED
K200_M255K207 NONE_LREP SNR=1.5 frames=1000 errors=1000 TARGET_FRAME_ERRORS_REACHED
K200_M255K207 NONE_LREP SNR=3.5 frames=1000 errors=994 TARGET_FRAME_ERRORS_REACHED
K200_M255K207 NONE_LREP SNR=5.5 frames=1000 errors=930 TARGET_FRAME_ERRORS_REACHED
K200_M255K207 NONE_LREP SNR=7.5 frames=1000 errors=844 TARGET_FRAME_ERRORS_REACHED
K200_M255K207 NONE_LREP SNR=9.5 frames=1000 errors=840 TARGET_FRAME_ERRORS_REACHED
K200_M255K207 NONE_LREP SNR=11.5 frames=1000 errors=831 TARGET_FRAME_ERRORS_REACHED
K200_M255K207 NONE_LREP SNR=13.5 frames=1000 errors=830 TARGET_FRAME_ERRORS_REACHED
K200_M255K207 NONE_LREP SNR=15.5 frames=1000 errors=849 TARGET_FRAME_ERRORS_REACHED
K200_M255K207 NONE_LREP SNR=17.5 frames=1000 errors=842 TARGET_FRAME_ERRORS_REACHED
K200_M255K207 BEST_LREP SNR=1 frames=1000 errors=1000 TARGET_FRAME_ERRORS_REACHED
K200_M255K207 BEST_LREP SNR=3 frames=1000 errors=1000 TARGET_FRAME_ERRORS_REACHED
K200_M255K207 BEST_LREP SNR=5 frames=1000 errors=1000 TARGET_FRAME_ERRORS_REACHED
K200_M255K207 BEST_LREP SNR=7 frames=1000 errors=1000 TARGET_FRAME_ERRORS_REACHED
K200_M255K207 BEST_LREP SNR=9 frames=1000 errors=1000 TARGET_FRAME_ERRORS_REACHED
K200_M255K207 BEST_LREP SNR=11 frames=1000 errors=1000 TARGET_FRAME_ERRORS_REACHED
K200_M255K207 BEST_LREP SNR=13 frames=1000 errors=1000 TARGET_FRAME_ERRORS_REACHED
K200_M255K207 BEST_LREP SNR=15 frames=1000 errors=1000 TARGET_FRAME_ERRORS_REACHED
K200_M255K207 BEST_LREP SNR=17 frames=1000 errors=1000 TARGET_FRAME_ERRORS_REACHED
K200_M511K421 NONE_LREP SNR=0.5 frames=1000 errors=1000 TARGET_FRAME_ERRORS_REACHED
K200_M511K421 NONE_LREP SNR=2.5 frames=1000 errors=989 TARGET_FRAME_ERRORS_REACHED
K200_M511K421 NONE_LREP SNR=4.5 frames=1000 errors=434 TARGET_FRAME_ERRORS_REACHED
K200_M511K421 NONE_LREP SNR=6.5 frames=28656 errors=200 TARGET_FRAME_ERRORS_REACHED
K200_M511K421 NONE_LREP SNR=8.5 frames=50000 errors=0 MAX_FRAMES_REACHED
K200_M511K421 NONE_LREP SNR=10.5 frames=50000 errors=0 MAX_FRAMES_REACHED
K200_M511K421 NONE_LREP SNR=12.5 frames=50000 errors=0 MAX_FRAMES_REACHED
K200_M511K421 NONE_LREP SNR=14.5 frames=50000 errors=0 MAX_FRAMES_REACHED
K200_M511K421 NONE_LREP SNR=16.5 frames=50000 errors=0 MAX_FRAMES_REACHED
K200_M511K421 BEST_LREP SNR=0 frames=1000 errors=1000 TARGET_FRAME_ERRORS_REACHED
K200_M511K421 BEST_LREP SNR=2 frames=1000 errors=995 TARGET_FRAME_ERRORS_REACHED
K200_M511K421 BEST_LREP SNR=4 frames=1000 errors=658 TARGET_FRAME_ERRORS_REACHED
K200_M511K421 BEST_LREP SNR=6 frames=6661 errors=200 TARGET_FRAME_ERRORS_REACHED
K200_M511K421 BEST_LREP SNR=8 frames=50000 errors=2 MAX_FRAMES_REACHED
K200_M511K421 BEST_LREP SNR=10 frames=50000 errors=0 MAX_FRAMES_REACHED
K200_M511K421 BEST_LREP SNR=12 frames=50000 errors=0 MAX_FRAMES_REACHED
K200_M511K421 BEST_LREP SNR=14 frames=50000 errors=0 MAX_FRAMES_REACHED
K200_M511K421 BEST_LREP SNR=16 frames=50000 errors=0 MAX_FRAMES_REACHED
K200_M511K421 BEST_LREP SNR=18 frames=50000 errors=0 MAX_FRAMES_REACHED
K200_M511K385 NONE_LREP SNR=1.5 frames=1000 errors=983 TARGET_FRAME_ERRORS_REACHED
K200_M511K385 NONE_LREP SNR=3.5 frames=1000 errors=294 TARGET_FRAME_ERRORS_REACHED
K200_M511K385 NONE_LREP SNR=5.5 frames=50000 errors=11 MAX_FRAMES_REACHED
K200_M511K385 NONE_LREP SNR=7.5 frames=50000 errors=0 MAX_FRAMES_REACHED
K200_M511K385 NONE_LREP SNR=9.5 frames=50000 errors=0 MAX_FRAMES_REACHED
K200_M511K385 NONE_LREP SNR=11.5 frames=50000 errors=0 MAX_FRAMES_REACHED
K200_M511K385 NONE_LREP SNR=13.5 frames=50000 errors=0 MAX_FRAMES_REACHED
K200_M511K385 NONE_LREP SNR=15.5 frames=50000 errors=0 MAX_FRAMES_REACHED
K200_M511K385 NONE_LREP SNR=17.5 frames=50000 errors=0 MAX_FRAMES_REACHED
K200_M511K385 BEST_LREP SNR=1 frames=1000 errors=998 TARGET_FRAME_ERRORS_REACHED
K200_M511K385 BEST_LREP SNR=3 frames=1000 errors=561 TARGET_FRAME_ERRORS_REACHED
K200_M511K385 BEST_LREP SNR=5 frames=50000 errors=145 MAX_FRAMES_REACHED
K200_M511K385 BEST_LREP SNR=7 frames=50000 errors=0 MAX_FRAMES_REACHED
K200_M511K385 BEST_LREP SNR=9 frames=50000 errors=0 MAX_FRAMES_REACHED
K200_M511K385 BEST_LREP SNR=11 frames=50000 errors=0 MAX_FRAMES_REACHED
K200_M511K385 BEST_LREP SNR=13 frames=50000 errors=0 MAX_FRAMES_REACHED
K200_M511K385 BEST_LREP SNR=15 frames=50000 errors=0 MAX_FRAMES_REACHED
K200_M511K385 BEST_LREP SNR=17 frames=50000 errors=0 MAX_FRAMES_REACHED
PASS_STAGE16_BURST_INTERLEAVING_COMPARISON_RUNNER
