K200_S15 NONE_LREP SNR=0 frames=1000 errors=1000 TARGET_FRAME_ERRORS_REACHED
K200_S15 NONE_LREP SNR=2 frames=1000 errors=999 TARGET_FRAME_ERRORS_REACHED
K200_S15 NONE_LREP SNR=4 frames=1000 errors=991 TARGET_FRAME_ERRORS_REACHED
K200_S15 NONE_LREP SNR=6 frames=1000 errors=987 TARGET_FRAME_ERRORS_REACHED
K200_S15 NONE_LREP SNR=8 frames=1000 errors=990 TARGET_FRAME_ERRORS_REACHED
K200_S15 NONE_LREP SNR=10 frames=1000 errors=980 TARGET_FRAME_ERRORS_REACHED
K200_S15 NONE_LREP SNR=12 frames=1000 errors=986 TARGET_FRAME_ERRORS_REACHED
K200_S15 NONE_LREP SNR=14 frames=1000 errors=986 TARGET_FRAME_ERRORS_REACHED
K200_S15 NONE_LREP SNR=16 frames=1000 errors=983 TARGET_FRAME_ERRORS_REACHED
K200_S15 NONE_LREP SNR=18 frames=1000 errors=986 TARGET_FRAME_ERRORS_REACHED
K200_S15 BEST_LREP SNR=1.5 frames=1000 errors=999 TARGET_FRAME_ERRORS_REACHED
K200_S15 BEST_LREP SNR=3.5 frames=1000 errors=882 TARGET_FRAME_ERRORS_REACHED
K200_S15 BEST_LREP SNR=5.5 frames=1000 errors=328 TARGET_FRAME_ERRORS_REACHED
K200_S15 BEST_LREP SNR=7.5 frames=4565 errors=200 TARGET_FRAME_ERRORS_REACHED
K200_S15 BEST_LREP SNR=9.5 frames=50000 errors=77 MAX_FRAMES_REACHED
K200_S15 BEST_LREP SNR=11.5 frames=50000 errors=0 MAX_FRAMES_REACHED
K200_S15 BEST_LREP SNR=13.5 frames=50000 errors=0 MAX_FRAMES_REACHED
K200_S15 BEST_LREP SNR=15.5 frames=50000 errors=0 MAX_FRAMES_REACHED
K200_S15 BEST_LREP SNR=17.5 frames=50000 errors=0 MAX_FRAMES_REACHED
K200_M255K207 NONE_LREP SNR=1 frames=1000 errors=1000 TARGET_FRAME_ERRORS_REACHED
K200_M255K207 NONE_LREP SNR=3 frames=1000 errors=999 TARGET_FRAME_ERRORS_REACHED
K200_M255K207 NONE_LREP SNR=5 frames=1000 errors=941 TARGET_FRAME_ERRORS_REACHED
K200_M255K207 NONE_LREP SNR=7 frames=1000 errors=857 TARGET_FRAME_ERRORS_REACHED
K200_M255K207 NONE_LREP SNR=9 frames=1000 errors=807 TARGET_FRAME_ERRORS_REACHED
K200_M255K207 NONE_LREP SNR=11 frames=1000 errors=811 TARGET_FRAME_ERRORS_REACHED
K200_M255K207 NONE_LREP SNR=13 frames=1000 errors=839 TARGET_FRAME_ERRORS_REACHED
K200_M255K207 NONE_LREP SNR=15 frames=1000 errors=814 TARGET_FRAME_ERRORS_REACHED
K200_M255K207 NONE_LREP SNR=17 frames=1000 errors=836 TARGET_FRAME_ERRORS_REACHED
K200_M255K207 BEST_LREP SNR=0.5 frames=1000 errors=1000 TARGET_FRAME_ERRORS_REACHED
K200_M255K207 BEST_LREP SNR=2.5 frames=1000 errors=1000 TARGET_FRAME_ERRORS_REACHED
K200_M255K207 BEST_LREP SNR=4.5 frames=1000 errors=1000 TARGET_FRAME_ERRORS_REACHED
K200_M255K207 BEST_LREP SNR=6.5 frames=1000 errors=1000 TARGET_FRAME_ERRORS_REACHED
K200_M255K207 BEST_LREP SNR=8.5 frames=1000 errors=1000 TARGET_FRAME_ERRORS_REACHED
K200_M255K207 BEST_LREP SNR=10.5 frames=1000 errors=1000 TARGET_FRAME_ERRORS_REACHED
K200_M255K207 BEST_LREP SNR=12.5 frames=1000 errors=1000 TARGET_FRAME_ERRORS_REACHED
K200_M255K207 BEST_LREP SNR=14.5 frames=1000 errors=1000 TARGET_FRAME_ERRORS_REACHED
K200_M255K207 BEST_LREP SNR=16.5 frames=1000 errors=1000 TARGET_FRAME_ERRORS_REACHED
K200_M511K421 NONE_LREP SNR=0 frames=1000 errors=1000 TARGET_FRAME_ERRORS_REACHED
K200_M511K421 NONE_LREP SNR=2 frames=1000 errors=997 TARGET_FRAME_ERRORS_REACHED
K200_M511K421 NONE_LREP SNR=4 frames=1000 errors=656 TARGET_FRAME_ERRORS_REACHED
K200_M511K421 NONE_LREP SNR=6 frames=6548 errors=200 TARGET_FRAME_ERRORS_REACHED
K200_M511K421 NONE_LREP SNR=8 frames=50000 errors=2 MAX_FRAMES_REACHED
K200_M511K421 NONE_LREP SNR=10 frames=50000 errors=0 MAX_FRAMES_REACHED
K200_M511K421 NONE_LREP SNR=12 frames=50000 errors=0 MAX_FRAMES_REACHED
K200_M511K421 NONE_LREP SNR=14 frames=50000 errors=0 MAX_FRAMES_REACHED
K200_M511K421 NONE_LREP SNR=16 frames=50000 errors=0 MAX_FRAMES_REACHED
K200_M511K421 NONE_LREP SNR=18 frames=50000 errors=0 MAX_FRAMES_REACHED
K200_M511K421 BEST_LREP SNR=1.5 frames=1000 errors=999 TARGET_FRAME_ERRORS_REACHED
K200_M511K421 BEST_LREP SNR=3.5 frames=1000 errors=838 TARGET_FRAME_ERRORS_REACHED
K200_M511K421 BEST_LREP SNR=5.5 frames=2130 errors=200 TARGET_FRAME_ERRORS_REACHED
K200_M511K421 BEST_LREP SNR=7.5 frames=50000 errors=9 MAX_FRAMES_REACHED
K200_M511K421 BEST_LREP SNR=9.5 frames=50000 errors=0 MAX_FRAMES_REACHED
K200_M511K421 BEST_LREP SNR=11.5 frames=50000 errors=0 MAX_FRAMES_REACHED
K200_M511K421 BEST_LREP SNR=13.5 frames=50000 errors=0 MAX_FRAMES_REACHED
K200_M511K421 BEST_LREP SNR=15.5 frames=50000 errors=0 MAX_FRAMES_REACHED
K200_M511K421 BEST_LREP SNR=17.5 frames=50000 errors=0 MAX_FRAMES_REACHED
K200_M511K385 NONE_LREP SNR=1 frames=1000 errors=997 TARGET_FRAME_ERRORS_REACHED
K200_M511K385 NONE_LREP SNR=3 frames=1000 errors=564 TARGET_FRAME_ERRORS_REACHED
K200_M511K385 NONE_LREP SNR=5 frames=50000 errors=175 MAX_FRAMES_REACHED
K200_M511K385 NONE_LREP SNR=7 frames=50000 errors=0 MAX_FRAMES_REACHED
K200_M511K385 NONE_LREP SNR=9 frames=50000 errors=0 MAX_FRAMES_REACHED
K200_M511K385 NONE_LREP SNR=11 frames=50000 errors=0 MAX_FRAMES_REACHED
K200_M511K385 NONE_LREP SNR=13 frames=50000 errors=0 MAX_FRAMES_REACHED
K200_M511K385 NONE_LREP SNR=15 frames=50000 errors=0 MAX_FRAMES_REACHED
K200_M511K385 NONE_LREP SNR=17 frames=50000 errors=0 MAX_FRAMES_REACHED
K200_M511K385 BEST_LREP SNR=0.5 frames=1000 errors=1000 TARGET_FRAME_ERRORS_REACHED
K200_M511K385 BEST_LREP SNR=2.5 frames=1000 errors=809 TARGET_FRAME_ERRORS_REACHED
K200_M511K385 BEST_LREP SNR=4.5 frames=8858 errors=200 TARGET_FRAME_ERRORS_REACHED
K200_M511K385 BEST_LREP SNR=6.5 frames=50000 errors=0 MAX_FRAMES_REACHED
K200_M511K385 BEST_LREP SNR=8.5 frames=50000 errors=0 MAX_FRAMES_REACHED
K200_M511K385 BEST_LREP SNR=10.5 frames=50000 errors=0 MAX_FRAMES_REACHED
K200_M511K385 BEST_LREP SNR=12.5 frames=50000 errors=0 MAX_FRAMES_REACHED
K200_M511K385 BEST_LREP SNR=14.5 frames=50000 errors=0 MAX_FRAMES_REACHED
K200_M511K385 BEST_LREP SNR=16.5 frames=50000 errors=0 MAX_FRAMES_REACHED
PASS_STAGE16_BURST_INTERLEAVING_COMPARISON_RUNNER
