K200_S15 NONE_LREP SNR=1.5 frames=1000 errors=1000 TARGET_FRAME_ERRORS_REACHED
K200_S15 NONE_LREP SNR=3.5 frames=1000 errors=989 TARGET_FRAME_ERRORS_REACHED
K200_S15 NONE_LREP SNR=5.5 frames=1000 errors=989 TARGET_FRAME_ERRORS_REACHED
K200_S15 NONE_LREP SNR=7.5 frames=1000 errors=983 TARGET_FRAME_ERRORS_REACHED
K200_S15 NONE_LREP SNR=9.5 frames=1000 errors=982 TARGET_FRAME_ERRORS_REACHED
K200_S15 NONE_LREP SNR=11.5 frames=1000 errors=986 TARGET_FRAME_ERRORS_REACHED
K200_S15 NONE_LREP SNR=13.5 frames=1000 errors=978 TARGET_FRAME_ERRORS_REACHED
K200_S15 NONE_LREP SNR=15.5 frames=1000 errors=988 TARGET_FRAME_ERRORS_REACHED
K200_S15 NONE_LREP SNR=17.5 frames=1000 errors=981 TARGET_FRAME_ERRORS_REACHED
K200_S15 BEST_LREP SNR=1 frames=1000 errors=1000 TARGET_FRAME_ERRORS_REACHED
K200_S15 BEST_LREP SNR=3 frames=1000 errors=939 TARGET_FRAME_ERRORS_REACHED
K200_S15 BEST_LREP SNR=5 frames=1000 errors=500 TARGET_FRAME_ERRORS_REACHED
K200_S15 BEST_LREP SNR=7 frames=2536 errors=200 TARGET_FRAME_ERRORS_REACHED
K200_S15 BEST_LREP SNR=9 frames=50000 errors=192 MAX_FRAMES_REACHED
K200_S15 BEST_LREP SNR=11 frames=50000 errors=3 MAX_FRAMES_REACHED
K200_S15 BEST_LREP SNR=13 frames=50000 errors=0 MAX_FRAMES_REACHED
K200_S15 BEST_LREP SNR=15 frames=50000 errors=0 MAX_FRAMES_REACHED
K200_S15 BEST_LREP SNR=17 frames=50000 errors=0 MAX_FRAMES_REACHED
K200_M255K207 NONE_LREP SNR=0.5 frames=1000 errors=1000 TARGET_FRAME_ERRORS_REACHED
K200_M255K207 NONE_LREP SNR=2.5 frames=1000 errors=1000 TARGET_FRAME_ERRORS_REACHED
K200_M255K207 NONE_LREP SNR=4.5 frames=1000 errors=979 TARGET_FRAME_ERRORS_REACHED
K200_M255K207 NONE_LREP SNR=6.5 frames=1000 errors=880 TARGET_FRAME_ERRORS_REACHED
K200_M255K207 NONE_LREP SNR=8.5 frames=1000 errors=840 TARGET_FRAME_ERRORS_REACHED
K200_M255K207 NONE_LREP SNR=10.5 frames=1000 errors=840 TARGET_FRAME_ERRORS_REACHED
K200_M255K207 NONE_LREP SNR=12.5 frames=1000 errors=838 TARGET_FRAME_ERRORS_REACHED
K200_M255K207 NONE_LREP SNR=14.5 frames=1000 errors=836 TARGET_FRAME_ERRORS_REACHED
K200_M255K207 NONE_LREP SNR=16.5 frames=1000 errors=826 TARGET_FRAME_ERRORS_REACHED
K200_M255K207 BEST_LREP SNR=0 frames=1000 errors=1000 TARGET_FRAME_ERRORS_REACHED
K200_M255K207 BEST_LREP SNR=2 frames=1000 errors=1000 TARGET_FRAME_ERRORS_REACHED
K200_M255K207 BEST_LREP SNR=4 frames=1000 errors=1000 TARGET_FRAME_ERRORS_REACHED
K200_M255K207 BEST_LREP SNR=6 frames=1000 errors=1000 TARGET_FRAME_ERRORS_REACHED
K200_M255K207 BEST_LREP SNR=8 frames=1000 errors=1000 TARGET_FRAME_ERRORS_REACHED
K200_M255K207 BEST_LREP SNR=10 frames=1000 errors=1000 TARGET_FRAME_ERRORS_REACHED
K200_M255K207 BEST_LREP SNR=12 frames=1000 errors=1000 TARGET_FRAME_ERRORS_REACHED
K200_M255K207 BEST_LREP SNR=14 frames=1000 errors=1000 TARGET_FRAME_ERRORS_REACHED
K200_M255K207 BEST_LREP SNR=16 frames=1000 errors=1000 TARGET_FRAME_ERRORS_REACHED
K200_M255K207 BEST_LREP SNR=18 frames=1000 errors=1000 TARGET_FRAME_ERRORS_REACHED
K200_M511K421 NONE_LREP SNR=1.5 frames=1000 errors=1000 TARGET_FRAME_ERRORS_REACHED
K200_M511K421 NONE_LREP SNR=3.5 frames=1000 errors=831 TARGET_FRAME_ERRORS_REACHED
K200_M511K421 NONE_LREP SNR=5.5 frames=2085 errors=200 TARGET_FRAME_ERRORS_REACHED
K200_M511K421 NONE_LREP SNR=7.5 frames=50000 errors=7 MAX_FRAMES_REACHED
K200_M511K421 NONE_LREP SNR=9.5 frames=50000 errors=0 MAX_FRAMES_REACHED
K200_M511K421 NONE_LREP SNR=11.5 frames=50000 errors=0 MAX_FRAMES_REACHED
K200_M511K421 NONE_LREP SNR=13.5 frames=50000 errors=0 MAX_FRAMES_REACHED
K200_M511K421 NONE_LREP SNR=15.5 frames=50000 errors=0 MAX_FRAMES_REACHED
K200_M511K421 NONE_LREP SNR=17.5 frames=50000 errors=0 MAX_FRAMES_REACHED
K200_M511K421 BEST_LREP SNR=1 frames=1000 errors=999 TARGET_FRAME_ERRORS_REACHED
K200_M511K421 BEST_LREP SNR=3 frames=1000 errors=941 TARGET_FRAME_ERRORS_REACHED
K200_M511K421 BEST_LREP SNR=5 frames=1000 errors=220 TARGET_FRAME_ERRORS_REACHED
K200_M511K421 BEST_LREP SNR=7 frames=50000 errors=90 MAX_FRAMES_REACHED
K200_M511K421 BEST_LREP SNR=9 frames=50000 errors=0 MAX_FRAMES_REACHED
K200_M511K421 BEST_LREP SNR=11 frames=50000 errors=0 MAX_FRAMES_REACHED
K200_M511K421 BEST_LREP SNR=13 frames=50000 errors=0 MAX_FRAMES_REACHED
K200_M511K421 BEST_LREP SNR=15 frames=50000 errors=0 MAX_FRAMES_REACHED
K200_M511K421 BEST_LREP SNR=17 frames=50000 errors=0 MAX_FRAMES_REACHED
K200_M511K385 NONE_LREP SNR=0.5 frames=1000 errors=999 TARGET_FRAME_ERRORS_REACHED
K200_M511K385 NONE_LREP SNR=2.5 frames=1000 errors=813 TARGET_FRAME_ERRORS_REACHED
K200_M511K385 NONE_LREP SNR=4.5 frames=8685 errors=200 TARGET_FRAME_ERRORS_REACHED
K200_M511K385 NONE_LREP SNR=6.5 frames=50000 errors=0 MAX_FRAMES_REACHED
K200_M511K385 NONE_LREP SNR=8.5 frames=50000 errors=0 MAX_FRAMES_REACHED
K200_M511K385 NONE_LREP SNR=10.5 frames=50000 errors=0 MAX_FRAMES_REACHED
K200_M511K385 NONE_LREP SNR=12.5 frames=50000 errors=0 MAX_FRAMES_REACHED
K200_M511K385 NONE_LREP SNR=14.5 frames=50000 errors=0 MAX_FRAMES_REACHED
K200_M511K385 NONE_LREP SNR=16.5 frames=50000 errors=0 MAX_FRAMES_REACHED
K200_M511K385 BEST_LREP SNR=0 frames=1000 errors=999 TARGET_FRAME_ERRORS_REACHED
K200_M511K385 BEST_LREP SNR=2 frames=1000 errors=954 TARGET_FRAME_ERRORS_REACHED
K200_M511K385 BEST_LREP SNR=4 frames=1889 errors=200 TARGET_FRAME_ERRORS_REACHED
K200_M511K385 BEST_LREP SNR=6 frames=50000 errors=1 MAX_FRAMES_REACHED
K200_M511K385 BEST_LREP SNR=8 frames=50000 errors=0 MAX_FRAMES_REACHED
K200_M511K385 BEST_LREP SNR=10 frames=50000 errors=0 MAX_FRAMES_REACHED
K200_M511K385 BEST_LREP SNR=12 frames=50000 errors=0 MAX_FRAMES_REACHED
K200_M511K385 BEST_LREP SNR=14 frames=50000 errors=0 MAX_FRAMES_REACHED
K200_M511K385 BEST_LREP SNR=16 frames=50000 errors=0 MAX_FRAMES_REACHED
K200_M511K385 BEST_LREP SNR=18 frames=50000 errors=0 MAX_FRAMES_REACHED
PASS_STAGE16_BURST_INTERLEAVING_COMPARISON_RUNNER
