-- Configuring done (0.1s)
-- Generating done (0.1s)
-- Build files have been written to: C:/Users/V3169/Desktop/Project/SCL_Channel_Coding_Design/Task/BCH/simulation/build/S2/stage06_awgn_formal
[ 15%] Built target stage06_block_core
[ 61%] Built target stage06_segmented_core
[ 84%] Built target stage06_support
[ 92%] Building CXX object CMakeFiles/stage06_awgn_formal_runner.dir/stage06_awgn_formal_runner.cpp.obj
[100%] Linking CXX executable stage06_awgn_formal_runner.exe
[100%] Built target stage06_awgn_formal_runner
UpdateCTestConfiguration  from :C:/Users/V3169/Desktop/Project/SCL_Channel_Coding_Design/Task/BCH/simulation/build/S2/stage06_awgn_formal/DartConfiguration.tcl
Test project C:/Users/V3169/Desktop/Project/SCL_Channel_Coding_Design/Task/BCH/simulation/build/S2/stage06_awgn_formal
Constructing a list of tests
Done constructing a list of tests
Updating test list for fixtures
Added 0 tests to meet fixture requirements
Checking test dependency graph...
Checking test dependency graph end
test 1
    Start 1: stage06_awgn_formal_cli_validation

1: Test command: C:\Users\V3169\Desktop\Project\SCL_Channel_Coding_Design\Task\BCH\simulation\build\S2\stage06_awgn_formal\stage06_awgn_formal_runner.exe
1: Working Directory: C:/Users/V3169/Desktop/Project/SCL_Channel_Coding_Design/Task/BCH/simulation/build/S2/stage06_awgn_formal
1: Test timeout computed to be: 10000000
1: BLOCKED_STAGE06_AWGN_FORMAL_RUNNER: usage: stage06_awgn_formal_runner POINTS_CSV OUTPUT_DIR MASTER_SEED CONFIG_HASH GIT_COMMIT
1/1 Test #1: stage06_awgn_formal_cli_validation ...   Passed    0.03 sec

100% tests passed out of 1

Total Test time (real) =   0.04 sec
K200_S15 point 0 frames 5000 errors 2876 TARGET_FRAME_ERRORS_REACHED
K200_S15 point 1 frames 5000 errors 1257 TARGET_FRAME_ERRORS_REACHED
K200_S15 point 2 frames 5000 errors 345 TARGET_FRAME_ERRORS_REACHED
K200_S15 point 3 frames 16624 errors 200 TARGET_FRAME_ERRORS_REACHED
K200_S15 point 4 frames 50000 errors 64 MAX_FRAMES_REACHED
K200_M255K207 point 0 frames 5000 errors 2867 TARGET_FRAME_ERRORS_REACHED
K200_M255K207 point 1 frames 5000 errors 1330 TARGET_FRAME_ERRORS_REACHED
K200_M255K207 point 2 frames 5000 errors 358 TARGET_FRAME_ERRORS_REACHED
K200_M255K207 point 3 frames 19156 errors 200 TARGET_FRAME_ERRORS_REACHED
K200_M255K207 point 4 frames 50000 errors 23 MAX_FRAMES_REACHED
K200_M511K421 point 0 frames 5000 errors 4191 TARGET_FRAME_ERRORS_REACHED
K200_M511K421 point 1 frames 5000 errors 2142 TARGET_FRAME_ERRORS_REACHED
K200_M511K421 point 2 frames 5000 errors 482 TARGET_FRAME_ERRORS_REACHED
K200_M511K421 point 3 frames 30340 errors 200 TARGET_FRAME_ERRORS_REACHED
K200_M511K421 point 4 frames 50000 errors 8 MAX_FRAMES_REACHED
K200_M511K385 point 0 frames 5000 errors 4852 TARGET_FRAME_ERRORS_REACHED
K200_M511K385 point 1 frames 5000 errors 3802 TARGET_FRAME_ERRORS_REACHED
K200_M511K385 point 2 frames 5000 errors 1550 TARGET_FRAME_ERRORS_REACHED
K200_M511K385 point 3 frames 5094 errors 200 TARGET_FRAME_ERRORS_REACHED
K200_M511K385 point 4 frames 50000 errors 78 MAX_FRAMES_REACHED
K300_S15 point 0 frames 5000 errors 2516 TARGET_FRAME_ERRORS_REACHED
K300_S15 point 1 frames 5000 errors 890 TARGET_FRAME_ERRORS_REACHED
K300_S15 point 2 frames 5037 errors 200 TARGET_FRAME_ERRORS_REACHED
K300_S15 point 3 frames 39399 errors 200 TARGET_FRAME_ERRORS_REACHED
K300_S15 point 4 frames 50000 errors 25 MAX_FRAMES_REACHED
K300_M255K207 point 0 frames 5000 errors 3611 TARGET_FRAME_ERRORS_REACHED
K300_M255K207 point 1 frames 5000 errors 1476 TARGET_FRAME_ERRORS_REACHED
K300_M255K207 point 2 frames 5000 errors 237 TARGET_FRAME_ERRORS_REACHED
K300_M255K207 point 3 frames 50000 errors 159 MAX_FRAMES_REACHED
K300_M255K207 point 4 frames 50000 errors 7 MAX_FRAMES_REACHED
K300_M511K421 point 0 frames 5000 errors 1850 TARGET_FRAME_ERRORS_REACHED
K300_M511K421 point 1 frames 5000 errors 736 TARGET_FRAME_ERRORS_REACHED
K300_M511K421 point 2 frames 5000 errors 241 TARGET_FRAME_ERRORS_REACHED
K300_M511K421 point 3 frames 24731 errors 200 TARGET_FRAME_ERRORS_REACHED
K300_M511K421 point 4 frames 50000 errors 96 MAX_FRAMES_REACHED
K300_M511K385 point 0 frames 5000 errors 4530 TARGET_FRAME_ERRORS_REACHED
K300_M511K385 point 1 frames 5000 errors 2367 TARGET_FRAME_ERRORS_REACHED
K300_M511K385 point 2 frames 5000 errors 361 TARGET_FRAME_ERRORS_REACHED
K300_M511K385 point 3 frames 50000 errors 120 MAX_FRAMES_REACHED
K300_M511K385 point 4 frames 50000 errors 0 MAX_FRAMES_REACHED
PASS_STAGE06_AWGN_FORMAL_RUNNER
PASS_STAGE06_AWGN_FORMAL_PLOT
PASS_STAGE06_AWGN_FORMAL
PASS_BCH_S2_AWGN_STAGE01_TO_STAGE06
