K200_S15 point 0 frames 5000 errors 2876 TARGET_FRAME_ERRORS_REACHED
K200_S15 point 1 frames 5000 errors 1257 TARGET_FRAME_ERRORS_REACHED
K200_S15 point 2 frames 5000 errors 345 TARGET_FRAME_ERRORS_REACHED
K200_S15 point 3 frames 16624 errors 200 TARGET_FRAME_ERRORS_REACHED
K200_S15 point 4 frames 50000 errors 64 MAX_FRAMES_REACHED
K200_M255K207 point 0 frames 5000 errors 2867 TARGET_FRAME_ERRORS_REACHED
K200_M255K207 point 1 frames 5000 errors 1330 TARGET_FRAME_ERRORS_REACHED
K200_M255K207 point 2 frames 5000 errors 358 TARGET_FRAME_ERRORS_REACHED
K200_M255K207 point 3 frames 19156 errors 200 TARGET_FRAME_ERRORS_REACHED
K200_M255K207 point 4 frames 50000 errors 23 MAX_FRAMES_REACHED
K200_M511K421 point 0 frames 5000 errors 4191 TARGET_FRAME_ERRORS_REACHED
K200_M511K421 point 1 frames 5000 errors 2142 TARGET_FRAME_ERRORS_REACHED
K200_M511K421 point 2 frames 5000 errors 482 TARGET_FRAME_ERRORS_REACHED
K200_M511K421 point 3 frames 30340 errors 200 TARGET_FRAME_ERRORS_REACHED
K200_M511K421 point 4 frames 50000 errors 8 MAX_FRAMES_REACHED
K200_M511K385 point 0 frames 5000 errors 4852 TARGET_FRAME_ERRORS_REACHED
K200_M511K385 point 1 frames 5000 errors 3802 TARGET_FRAME_ERRORS_REACHED
K200_M511K385 point 2 frames 5000 errors 1550 TARGET_FRAME_ERRORS_REACHED
K200_M511K385 point 3 frames 5094 errors 200 TARGET_FRAME_ERRORS_REACHED
K200_M511K385 point 4 frames 50000 errors 78 MAX_FRAMES_REACHED
K300_S15 point 0 frames 5000 errors 2516 TARGET_FRAME_ERRORS_REACHED
K300_S15 point 1 frames 5000 errors 890 TARGET_FRAME_ERRORS_REACHED
K300_S15 point 2 frames 5037 errors 200 TARGET_FRAME_ERRORS_REACHED
K300_S15 point 3 frames 39399 errors 200 TARGET_FRAME_ERRORS_REACHED
K300_S15 point 4 frames 50000 errors 25 MAX_FRAMES_REACHED
K300_M255K207 point 0 frames 5000 errors 3611 TARGET_FRAME_ERRORS_REACHED
K300_M255K207 point 1 frames 5000 errors 1476 TARGET_FRAME_ERRORS_REACHED
K300_M255K207 point 2 frames 5000 errors 237 TARGET_FRAME_ERRORS_REACHED
K300_M255K207 point 3 frames 50000 errors 159 MAX_FRAMES_REACHED
K300_M255K207 point 4 frames 50000 errors 7 MAX_FRAMES_REACHED
K300_M511K421 point 0 frames 5000 errors 1850 TARGET_FRAME_ERRORS_REACHED
K300_M511K421 point 1 frames 5000 errors 736 TARGET_FRAME_ERRORS_REACHED
K300_M511K421 point 2 frames 5000 errors 241 TARGET_FRAME_ERRORS_REACHED
K300_M511K421 point 3 frames 24731 errors 200 TARGET_FRAME_ERRORS_REACHED
K300_M511K421 point 4 frames 50000 errors 96 MAX_FRAMES_REACHED
K300_M511K385 point 0 frames 5000 errors 4530 TARGET_FRAME_ERRORS_REACHED
K300_M511K385 point 1 frames 5000 errors 2367 TARGET_FRAME_ERRORS_REACHED
K300_M511K385 point 2 frames 5000 errors 361 TARGET_FRAME_ERRORS_REACHED
K300_M511K385 point 3 frames 50000 errors 120 MAX_FRAMES_REACHED
K300_M511K385 point 4 frames 50000 errors 0 MAX_FRAMES_REACHED
PASS_STAGE06_AWGN_FORMAL_RUNNER
