RATIO K200_S15 p0 frames 18400 errors 200
RATIO K200_S15 p1 frames 5000 errors 4124
RATIO K200_S15 p2 frames 5000 errors 4961
RATIO K200_S15 p3 frames 5000 errors 4999
RATIO K200_S15 p4 frames 5000 errors 5000
RATIO K200_S15 p5 frames 5000 errors 5000
RATIO K200_S15 p6 frames 5000 errors 5000
RATIO K200_S15 p7 frames 5000 errors 5000
SNR K200_S15 p0 frames 5000 errors 5000
SNR K200_S15 p1 frames 5000 errors 5000
SNR K200_S15 p2 frames 5000 errors 5000
SNR K200_S15 p3 frames 5000 errors 5000
SNR K200_S15 p4 frames 5000 errors 5000
RATIO K200_M255K207 p0 frames 50000 errors 0
RATIO K200_M255K207 p1 frames 50000 errors 97
RATIO K200_M255K207 p2 frames 5000 errors 2003
RATIO K200_M255K207 p3 frames 5000 errors 4311
RATIO K200_M255K207 p4 frames 5000 errors 4559
RATIO K200_M255K207 p5 frames 5000 errors 4628
RATIO K200_M255K207 p6 frames 5000 errors 4750
RATIO K200_M255K207 p7 frames 5000 errors 4992
SNR K200_M255K207 p0 frames 5000 errors 4979
SNR K200_M255K207 p1 frames 5000 errors 4889
SNR K200_M255K207 p2 frames 5000 errors 4715
SNR K200_M255K207 p3 frames 5000 errors 4590
SNR K200_M255K207 p4 frames 5000 errors 4469
RATIO K200_M511K421 p0 frames 50000 errors 0
RATIO K200_M511K421 p1 frames 50000 errors 1
RATIO K200_M511K421 p2 frames 5000 errors 654
RATIO K200_M511K421 p3 frames 5000 errors 3263
RATIO K200_M511K421 p4 frames 5000 errors 4058
RATIO K200_M511K421 p5 frames 5000 errors 4292
RATIO K200_M511K421 p6 frames 5000 errors 4399
RATIO K200_M511K421 p7 frames 5000 errors 4597
SNR K200_M511K421 p0 frames 5000 errors 4983
SNR K200_M511K421 p1 frames 5000 errors 4874
SNR K200_M511K421 p2 frames 5000 errors 4547
SNR K200_M511K421 p3 frames 5000 errors 4128
SNR K200_M511K421 p4 frames 5000 errors 3787
RATIO K200_M511K385 p0 frames 50000 errors 0
RATIO K200_M511K385 p1 frames 50000 errors 0
RATIO K200_M511K385 p2 frames 15900 errors 200
RATIO K200_M511K385 p3 frames 5000 errors 2058
RATIO K200_M511K385 p4 frames 5000 errors 3734
RATIO K200_M511K385 p5 frames 5000 errors 4251
RATIO K200_M511K385 p6 frames 5000 errors 4416
RATIO K200_M511K385 p7 frames 5000 errors 4478
SNR K200_M511K385 p0 frames 5000 errors 4990
SNR K200_M511K385 p1 frames 5000 errors 4875
SNR K200_M511K385 p2 frames 5000 errors 4446
SNR K200_M511K385 p3 frames 5000 errors 3719
SNR K200_M511K385 p4 frames 5000 errors 3056
RATIO K300_S15 p0 frames 41300 errors 200
RATIO K300_S15 p1 frames 5000 errors 4666
RATIO K300_S15 p2 frames 5000 errors 4999
RATIO K300_S15 p3 frames 5000 errors 5000
RATIO K300_S15 p4 frames 5000 errors 5000
RATIO K300_S15 p5 frames 5000 errors 5000
RATIO K300_S15 p6 frames 5000 errors 5000
RATIO K300_S15 p7 frames 5000 errors 5000
SNR K300_S15 p0 frames 5000 errors 5000
SNR K300_S15 p1 frames 5000 errors 5000
SNR K300_S15 p2 frames 5000 errors 5000
SNR K300_S15 p3 frames 5000 errors 5000
SNR K300_S15 p4 frames 5000 errors 5000
RATIO K300_M255K207 p0 frames 50000 errors 0
RATIO K300_M255K207 p1 frames 5000 errors 221
RATIO K300_M255K207 p2 frames 5000 errors 3939
RATIO K300_M255K207 p3 frames 5000 errors 4417
RATIO K300_M255K207 p4 frames 5000 errors 4598
RATIO K300_M255K207 p5 frames 5000 errors 4799
RATIO K300_M255K207 p6 frames 5000 errors 4962
RATIO K300_M255K207 p7 frames 5000 errors 5000
SNR K300_M255K207 p0 frames 5000 errors 4953
SNR K300_M255K207 p1 frames 5000 errors 4852
SNR K300_M255K207 p2 frames 5000 errors 4736
SNR K300_M255K207 p3 frames 5000 errors 4619
SNR K300_M255K207 p4 frames 5000 errors 4531
RATIO K300_M511K421 p0 frames 50000 errors 0
RATIO K300_M511K421 p1 frames 50000 errors 2
RATIO K300_M511K421 p2 frames 5000 errors 2088
RATIO K300_M511K421 p3 frames 5000 errors 4240
RATIO K300_M511K421 p4 frames 5000 errors 4429
RATIO K300_M511K421 p5 frames 5000 errors 4474
RATIO K300_M511K421 p6 frames 5000 errors 4651
RATIO K300_M511K421 p7 frames 5000 errors 4850
SNR K300_M511K421 p0 frames 5000 errors 4987
SNR K300_M511K421 p1 frames 5000 errors 4905
SNR K300_M511K421 p2 frames 5000 errors 4672
SNR K300_M511K421 p3 frames 5000 errors 4423
SNR K300_M511K421 p4 frames 5000 errors 4259
RATIO K300_M511K385 p0 frames 50000 errors 0
RATIO K300_M511K385 p1 frames 50000 errors 0
RATIO K300_M511K385 p2 frames 5000 errors 320
RATIO K300_M511K385 p3 frames 5000 errors 3580
RATIO K300_M511K385 p4 frames 5000 errors 4279
RATIO K300_M511K385 p5 frames 5000 errors 4347
RATIO K300_M511K385 p6 frames 5000 errors 4432
RATIO K300_M511K385 p7 frames 5000 errors 4604
SNR K300_M511K385 p0 frames 5000 errors 4991
SNR K300_M511K385 p1 frames 5000 errors 4901
SNR K300_M511K385 p2 frames 5000 errors 4626
SNR K300_M511K385 p3 frames 5000 errors 4202
SNR K300_M511K385 p4 frames 5000 errors 3965
PASS_STAGE12_BLOCKAGE_FORMAL_RUNNER
