K200_S15 point 0 frames 1000 errors 1000 TARGET_FRAME_ERRORS_REACHED
K200_S15 point 1 frames 1000 errors 998 TARGET_FRAME_ERRORS_REACHED
K200_S15 point 2 frames 1000 errors 995 TARGET_FRAME_ERRORS_REACHED
K200_S15 point 3 frames 1000 errors 986 TARGET_FRAME_ERRORS_REACHED
K200_S15 point 4 frames 1000 errors 941 TARGET_FRAME_ERRORS_REACHED
K200_S15 point 5 frames 1000 errors 867 TARGET_FRAME_ERRORS_REACHED
K200_S15 point 6 frames 1000 errors 715 TARGET_FRAME_ERRORS_REACHED
K200_S15 point 7 frames 1000 errors 554 TARGET_FRAME_ERRORS_REACHED
K200_S15 point 8 frames 1000 errors 369 TARGET_FRAME_ERRORS_REACHED
K200_S15 point 9 frames 1000 errors 232 TARGET_FRAME_ERRORS_REACHED
K200_S15 point 10 frames 1600 errors 209 TARGET_FRAME_ERRORS_REACHED
K200_S15 point 11 frames 3100 errors 200 TARGET_FRAME_ERRORS_REACHED
K200_S15 point 12 frames 7100 errors 201 TARGET_FRAME_ERRORS_REACHED
K200_S15 point 13 frames 19500 errors 204 TARGET_FRAME_ERRORS_REACHED
K200_S15 point 14 frames 50000 errors 181 MAX_FRAMES_REACHED
K200_S15 point 15 frames 50000 errors 68 MAX_FRAMES_REACHED
K200_S15 point 16 frames 50000 errors 32 MAX_FRAMES_REACHED
K200_M255K207 point 0 frames 1000 errors 1000 TARGET_FRAME_ERRORS_REACHED
K200_M255K207 point 1 frames 1000 errors 1000 TARGET_FRAME_ERRORS_REACHED
K200_M255K207 point 2 frames 1000 errors 997 TARGET_FRAME_ERRORS_REACHED
K200_M255K207 point 3 frames 1000 errors 980 TARGET_FRAME_ERRORS_REACHED
K200_M255K207 point 4 frames 1000 errors 927 TARGET_FRAME_ERRORS_REACHED
K200_M255K207 point 5 frames 1000 errors 808 TARGET_FRAME_ERRORS_REACHED
K200_M255K207 point 6 frames 1000 errors 540 TARGET_FRAME_ERRORS_REACHED
K200_M255K207 point 7 frames 1000 errors 310 TARGET_FRAME_ERRORS_REACHED
K200_M255K207 point 8 frames 1600 errors 200 TARGET_FRAME_ERRORS_REACHED
K200_M255K207 point 9 frames 6300 errors 200 TARGET_FRAME_ERRORS_REACHED
K200_M255K207 point 10 frames 36900 errors 200 TARGET_FRAME_ERRORS_REACHED
K200_M255K207 point 11 frames 50000 errors 31 MAX_FRAMES_REACHED
K200_M255K207 point 12 frames 50000 errors 2 MAX_FRAMES_REACHED
K200_M255K207 point 13 frames 50000 errors 0 MAX_FRAMES_REACHED
K200_M255K207 point 14 frames 50000 errors 0 MAX_FRAMES_REACHED
K200_M255K207 point 15 frames 50000 errors 0 MAX_FRAMES_REACHED
K200_M255K207 point 16 frames 50000 errors 0 MAX_FRAMES_REACHED
K200_M511K421 point 0 frames 1000 errors 999 TARGET_FRAME_ERRORS_REACHED
K200_M511K421 point 1 frames 1000 errors 998 TARGET_FRAME_ERRORS_REACHED
K200_M511K421 point 2 frames 1000 errors 981 TARGET_FRAME_ERRORS_REACHED
K200_M511K421 point 3 frames 1000 errors 924 TARGET_FRAME_ERRORS_REACHED
K200_M511K421 point 4 frames 1000 errors 768 TARGET_FRAME_ERRORS_REACHED
K200_M511K421 point 5 frames 1000 errors 458 TARGET_FRAME_ERRORS_REACHED
K200_M511K421 point 6 frames 1000 errors 231 TARGET_FRAME_ERRORS_REACHED
K200_M511K421 point 7 frames 3600 errors 201 TARGET_FRAME_ERRORS_REACHED
K200_M511K421 point 8 frames 19900 errors 201 TARGET_FRAME_ERRORS_REACHED
K200_M511K421 point 9 frames 50000 errors 33 MAX_FRAMES_REACHED
K200_M511K421 point 10 frames 50000 errors 0 MAX_FRAMES_REACHED
K200_M511K421 point 11 frames 50000 errors 0 MAX_FRAMES_REACHED
K200_M511K421 point 12 frames 50000 errors 0 MAX_FRAMES_REACHED
K200_M511K421 point 13 frames 50000 errors 0 MAX_FRAMES_REACHED
K200_M511K421 point 14 frames 50000 errors 0 MAX_FRAMES_REACHED
K200_M511K421 point 15 frames 50000 errors 0 MAX_FRAMES_REACHED
K200_M511K421 point 16 frames 50000 errors 0 MAX_FRAMES_REACHED
K200_M511K385 point 0 frames 1000 errors 1000 TARGET_FRAME_ERRORS_REACHED
K200_M511K385 point 1 frames 1000 errors 990 TARGET_FRAME_ERRORS_REACHED
K200_M511K385 point 2 frames 1000 errors 939 TARGET_FRAME_ERRORS_REACHED
K200_M511K385 point 3 frames 1000 errors 782 TARGET_FRAME_ERRORS_REACHED
K200_M511K385 point 4 frames 1000 errors 479 TARGET_FRAME_ERRORS_REACHED
K200_M511K385 point 5 frames 1100 errors 217 TARGET_FRAME_ERRORS_REACHED
K200_M511K385 point 6 frames 4100 errors 200 TARGET_FRAME_ERRORS_REACHED
K200_M511K385 point 7 frames 28000 errors 200 TARGET_FRAME_ERRORS_REACHED
K200_M511K385 point 8 frames 50000 errors 21 MAX_FRAMES_REACHED
K200_M511K385 point 9 frames 50000 errors 0 MAX_FRAMES_REACHED
K200_M511K385 point 10 frames 50000 errors 0 MAX_FRAMES_REACHED
K200_M511K385 point 11 frames 50000 errors 0 MAX_FRAMES_REACHED
K200_M511K385 point 12 frames 50000 errors 0 MAX_FRAMES_REACHED
K200_M511K385 point 13 frames 50000 errors 0 MAX_FRAMES_REACHED
K200_M511K385 point 14 frames 50000 errors 0 MAX_FRAMES_REACHED
K200_M511K385 point 15 frames 50000 errors 0 MAX_FRAMES_REACHED
K200_M511K385 point 16 frames 50000 errors 0 MAX_FRAMES_REACHED
K300_S15 point 0 frames 1000 errors 1000 TARGET_FRAME_ERRORS_REACHED
K300_S15 point 1 frames 1000 errors 1000 TARGET_FRAME_ERRORS_REACHED
K300_S15 point 2 frames 1000 errors 1000 TARGET_FRAME_ERRORS_REACHED
K300_S15 point 3 frames 1000 errors 999 TARGET_FRAME_ERRORS_REACHED
K300_S15 point 4 frames 1000 errors 984 TARGET_FRAME_ERRORS_REACHED
K300_S15 point 5 frames 1000 errors 942 TARGET_FRAME_ERRORS_REACHED
K300_S15 point 6 frames 1000 errors 875 TARGET_FRAME_ERRORS_REACHED
K300_S15 point 7 frames 1000 errors 696 TARGET_FRAME_ERRORS_REACHED
K300_S15 point 8 frames 1000 errors 500 TARGET_FRAME_ERRORS_REACHED
K300_S15 point 9 frames 1000 errors 310 TARGET_FRAME_ERRORS_REACHED
K300_S15 point 10 frames 1200 errors 212 TARGET_FRAME_ERRORS_REACHED
K300_S15 point 11 frames 2300 errors 201 TARGET_FRAME_ERRORS_REACHED
K300_S15 point 12 frames 5100 errors 205 TARGET_FRAME_ERRORS_REACHED
K300_S15 point 13 frames 12600 errors 200 TARGET_FRAME_ERRORS_REACHED
K300_S15 point 14 frames 33000 errors 200 TARGET_FRAME_ERRORS_REACHED
K300_S15 point 15 frames 50000 errors 78 MAX_FRAMES_REACHED
K300_S15 point 16 frames 50000 errors 30 MAX_FRAMES_REACHED
K300_M255K207 point 0 frames 1000 errors 1000 TARGET_FRAME_ERRORS_REACHED
K300_M255K207 point 1 frames 1000 errors 1000 TARGET_FRAME_ERRORS_REACHED
K300_M255K207 point 2 frames 1000 errors 999 TARGET_FRAME_ERRORS_REACHED
K300_M255K207 point 3 frames 1000 errors 992 TARGET_FRAME_ERRORS_REACHED
K300_M255K207 point 4 frames 1000 errors 961 TARGET_FRAME_ERRORS_REACHED
K300_M255K207 point 5 frames 1000 errors 832 TARGET_FRAME_ERRORS_REACHED
K300_M255K207 point 6 frames 1000 errors 568 TARGET_FRAME_ERRORS_REACHED
K300_M255K207 point 7 frames 1000 errors 328 TARGET_FRAME_ERRORS_REACHED
K300_M255K207 point 8 frames 1800 errors 200 TARGET_FRAME_ERRORS_REACHED
K300_M255K207 point 9 frames 6800 errors 201 TARGET_FRAME_ERRORS_REACHED
K300_M255K207 point 10 frames 38800 errors 200 TARGET_FRAME_ERRORS_REACHED
K300_M255K207 point 11 frames 50000 errors 35 MAX_FRAMES_REACHED
K300_M255K207 point 12 frames 50000 errors 2 MAX_FRAMES_REACHED
K300_M255K207 point 13 frames 50000 errors 1 MAX_FRAMES_REACHED
K300_M255K207 point 14 frames 50000 errors 0 MAX_FRAMES_REACHED
K300_M255K207 point 15 frames 50000 errors 0 MAX_FRAMES_REACHED
K300_M255K207 point 16 frames 50000 errors 0 MAX_FRAMES_REACHED
K300_M511K421 point 0 frames 1000 errors 1000 TARGET_FRAME_ERRORS_REACHED
K300_M511K421 point 1 frames 1000 errors 1000 TARGET_FRAME_ERRORS_REACHED
K300_M511K421 point 2 frames 1000 errors 1000 TARGET_FRAME_ERRORS_REACHED
K300_M511K421 point 3 frames 1000 errors 994 TARGET_FRAME_ERRORS_REACHED
K300_M511K421 point 4 frames 1000 errors 956 TARGET_FRAME_ERRORS_REACHED
K300_M511K421 point 5 frames 1000 errors 834 TARGET_FRAME_ERRORS_REACHED
K300_M511K421 point 6 frames 1000 errors 559 TARGET_FRAME_ERRORS_REACHED
K300_M511K421 point 7 frames 1000 errors 265 TARGET_FRAME_ERRORS_REACHED
K300_M511K421 point 8 frames 3200 errors 204 TARGET_FRAME_ERRORS_REACHED
K300_M511K421 point 9 frames 21200 errors 200 TARGET_FRAME_ERRORS_REACHED
K300_M511K421 point 10 frames 50000 errors 34 MAX_FRAMES_REACHED
K300_M511K421 point 11 frames 50000 errors 3 MAX_FRAMES_REACHED
K300_M511K421 point 12 frames 50000 errors 0 MAX_FRAMES_REACHED
K300_M511K421 point 13 frames 50000 errors 0 MAX_FRAMES_REACHED
K300_M511K421 point 14 frames 50000 errors 0 MAX_FRAMES_REACHED
K300_M511K421 point 15 frames 50000 errors 0 MAX_FRAMES_REACHED
K300_M511K421 point 16 frames 50000 errors 0 MAX_FRAMES_REACHED
K300_M511K385 point 0 frames 1000 errors 1000 TARGET_FRAME_ERRORS_REACHED
K300_M511K385 point 1 frames 1000 errors 1000 TARGET_FRAME_ERRORS_REACHED
K300_M511K385 point 2 frames 1000 errors 999 TARGET_FRAME_ERRORS_REACHED
K300_M511K385 point 3 frames 1000 errors 972 TARGET_FRAME_ERRORS_REACHED
K300_M511K385 point 4 frames 1000 errors 857 TARGET_FRAME_ERRORS_REACHED
K300_M511K385 point 5 frames 1000 errors 577 TARGET_FRAME_ERRORS_REACHED
K300_M511K385 point 6 frames 1000 errors 251 TARGET_FRAME_ERRORS_REACHED
K300_M511K385 point 7 frames 3500 errors 203 TARGET_FRAME_ERRORS_REACHED
K300_M511K385 point 8 frames 39700 errors 201 TARGET_FRAME_ERRORS_REACHED
K300_M511K385 point 9 frames 50000 errors 19 MAX_FRAMES_REACHED
K300_M511K385 point 10 frames 50000 errors 1 MAX_FRAMES_REACHED
K300_M511K385 point 11 frames 50000 errors 0 MAX_FRAMES_REACHED
K300_M511K385 point 12 frames 50000 errors 0 MAX_FRAMES_REACHED
K300_M511K385 point 13 frames 50000 errors 0 MAX_FRAMES_REACHED
K300_M511K385 point 14 frames 50000 errors 0 MAX_FRAMES_REACHED
K300_M511K385 point 15 frames 50000 errors 0 MAX_FRAMES_REACHED
K300_M511K385 point 16 frames 50000 errors 0 MAX_FRAMES_REACHED
PASS_STAGE10_CFO_FORMAL_RUNNER
