K200_S15 snrIndex 0 snrDb 0 frames 1000 errors 1000 TARGET_FRAME_ERRORS_REACHED
K200_S15 snrIndex 1 snrDb 0.5 frames 1000 errors 1000 TARGET_FRAME_ERRORS_REACHED
K200_S15 snrIndex 2 snrDb 1 frames 1000 errors 1000 TARGET_FRAME_ERRORS_REACHED
K200_S15 snrIndex 3 snrDb 1.5 frames 1000 errors 1000 TARGET_FRAME_ERRORS_REACHED
K200_S15 snrIndex 4 snrDb 2 frames 1000 errors 1000 TARGET_FRAME_ERRORS_REACHED
K200_S15 snrIndex 5 snrDb 2.5 frames 1000 errors 1000 TARGET_FRAME_ERRORS_REACHED
K200_S15 snrIndex 6 snrDb 3 frames 1000 errors 1000 TARGET_FRAME_ERRORS_REACHED
K200_S15 snrIndex 7 snrDb 3.5 frames 1000 errors 997 TARGET_FRAME_ERRORS_REACHED
K200_S15 snrIndex 8 snrDb 4 frames 1000 errors 981 TARGET_FRAME_ERRORS_REACHED
K200_S15 snrIndex 9 snrDb 4.5 frames 1000 errors 955 TARGET_FRAME_ERRORS_REACHED
K200_S15 snrIndex 10 snrDb 5 frames 1000 errors 860 TARGET_FRAME_ERRORS_REACHED
K200_S15 snrIndex 11 snrDb 5.5 frames 1000 errors 746 TARGET_FRAME_ERRORS_REACHED
K200_S15 snrIndex 12 snrDb 6 frames 1000 errors 586 TARGET_FRAME_ERRORS_REACHED
K200_S15 snrIndex 13 snrDb 6.5 frames 1000 errors 398 TARGET_FRAME_ERRORS_REACHED
K200_S15 snrIndex 14 snrDb 7 frames 1000 errors 237 TARGET_FRAME_ERRORS_REACHED
K200_S15 snrIndex 15 snrDb 7.5 frames 1539 errors 200 TARGET_FRAME_ERRORS_REACHED
K200_S15 snrIndex 16 snrDb 8 frames 3224 errors 200 TARGET_FRAME_ERRORS_REACHED
K200_S15 snrIndex 17 snrDb 8.5 frames 7089 errors 200 TARGET_FRAME_ERRORS_REACHED
K200_S15 snrIndex 18 snrDb 9 frames 20501 errors 200 TARGET_FRAME_ERRORS_REACHED
K200_S15 snrIndex 19 snrDb 9.5 frames 50000 errors 172 MAX_FRAMES_REACHED
K200_S15 snrIndex 20 snrDb 10 frames 50000 errors 57 MAX_FRAMES_REACHED
K200_S15 snrIndex 21 snrDb 10.5 frames 50000 errors 17 MAX_FRAMES_REACHED
K200_S15 snrIndex 22 snrDb 11 frames 50000 errors 4 MAX_FRAMES_REACHED
K200_S15 snrIndex 23 snrDb 11.5 frames 50000 errors 1 MAX_FRAMES_REACHED
K200_S15 snrIndex 24 snrDb 12 frames 50000 errors 1 MAX_FRAMES_REACHED
K200_S15 snrIndex 25 snrDb 12.5 frames 50000 errors 0 MAX_FRAMES_REACHED
K200_S15 snrIndex 26 snrDb 13 frames 50000 errors 0 MAX_FRAMES_REACHED
K200_S15 snrIndex 27 snrDb 13.5 frames 50000 errors 0 MAX_FRAMES_REACHED
K200_S15 snrIndex 28 snrDb 14 frames 50000 errors 0 MAX_FRAMES_REACHED
K200_S15 snrIndex 29 snrDb 14.5 frames 50000 errors 0 MAX_FRAMES_REACHED
K200_S15 snrIndex 30 snrDb 15 frames 50000 errors 0 MAX_FRAMES_REACHED
K200_S15 snrIndex 31 snrDb 15.5 frames 50000 errors 0 MAX_FRAMES_REACHED
K200_S15 snrIndex 32 snrDb 16 frames 50000 errors 0 MAX_FRAMES_REACHED
K200_S15 snrIndex 33 snrDb 16.5 frames 50000 errors 0 MAX_FRAMES_REACHED
K200_S15 snrIndex 34 snrDb 17 frames 50000 errors 0 MAX_FRAMES_REACHED
K200_S15 snrIndex 35 snrDb 17.5 frames 50000 errors 0 MAX_FRAMES_REACHED
K200_S15 snrIndex 36 snrDb 18 frames 50000 errors 0 MAX_FRAMES_REACHED
K200_M255K207 snrIndex 0 snrDb 0 frames 1000 errors 1000 TARGET_FRAME_ERRORS_REACHED
K200_M255K207 snrIndex 1 snrDb 0.5 frames 1000 errors 1000 TARGET_FRAME_ERRORS_REACHED
K200_M255K207 snrIndex 2 snrDb 1 frames 1000 errors 1000 TARGET_FRAME_ERRORS_REACHED
K200_M255K207 snrIndex 3 snrDb 1.5 frames 1000 errors 1000 TARGET_FRAME_ERRORS_REACHED
K200_M255K207 snrIndex 4 snrDb 2 frames 1000 errors 1000 TARGET_FRAME_ERRORS_REACHED
K200_M255K207 snrIndex 5 snrDb 2.5 frames 1000 errors 1000 TARGET_FRAME_ERRORS_REACHED
K200_M255K207 snrIndex 6 snrDb 3 frames 1000 errors 1000 TARGET_FRAME_ERRORS_REACHED
K200_M255K207 snrIndex 7 snrDb 3.5 frames 1000 errors 997 TARGET_FRAME_ERRORS_REACHED
K200_M255K207 snrIndex 8 snrDb 4 frames 1000 errors 993 TARGET_FRAME_ERRORS_REACHED
K200_M255K207 snrIndex 9 snrDb 4.5 frames 1000 errors 962 TARGET_FRAME_ERRORS_REACHED
K200_M255K207 snrIndex 10 snrDb 5 frames 1000 errors 829 TARGET_FRAME_ERRORS_REACHED
K200_M255K207 snrIndex 11 snrDb 5.5 frames 1000 errors 580 TARGET_FRAME_ERRORS_REACHED
K200_M255K207 snrIndex 12 snrDb 6 frames 1000 errors 367 TARGET_FRAME_ERRORS_REACHED
K200_M255K207 snrIndex 13 snrDb 6.5 frames 1464 errors 200 TARGET_FRAME_ERRORS_REACHED
K200_M255K207 snrIndex 14 snrDb 7 frames 5041 errors 200 TARGET_FRAME_ERRORS_REACHED
K200_M255K207 snrIndex 15 snrDb 7.5 frames 28585 errors 200 TARGET_FRAME_ERRORS_REACHED
K200_M255K207 snrIndex 16 snrDb 8 frames 50000 errors 60 MAX_FRAMES_REACHED
K200_M255K207 snrIndex 17 snrDb 8.5 frames 50000 errors 3 MAX_FRAMES_REACHED
K200_M255K207 snrIndex 18 snrDb 9 frames 50000 errors 0 MAX_FRAMES_REACHED
K200_M255K207 snrIndex 19 snrDb 9.5 frames 50000 errors 0 MAX_FRAMES_REACHED
K200_M255K207 snrIndex 20 snrDb 10 frames 50000 errors 0 MAX_FRAMES_REACHED
K200_M255K207 snrIndex 21 snrDb 10.5 frames 50000 errors 0 MAX_FRAMES_REACHED
K200_M255K207 snrIndex 22 snrDb 11 frames 50000 errors 0 MAX_FRAMES_REACHED
K200_M255K207 snrIndex 23 snrDb 11.5 frames 50000 errors 0 MAX_FRAMES_REACHED
K200_M255K207 snrIndex 24 snrDb 12 frames 50000 errors 0 MAX_FRAMES_REACHED
K200_M255K207 snrIndex 25 snrDb 12.5 frames 50000 errors 0 MAX_FRAMES_REACHED
K200_M255K207 snrIndex 26 snrDb 13 frames 50000 errors 0 MAX_FRAMES_REACHED
K200_M255K207 snrIndex 27 snrDb 13.5 frames 50000 errors 0 MAX_FRAMES_REACHED
K200_M255K207 snrIndex 28 snrDb 14 frames 50000 errors 0 MAX_FRAMES_REACHED
K200_M255K207 snrIndex 29 snrDb 14.5 frames 50000 errors 0 MAX_FRAMES_REACHED
K200_M255K207 snrIndex 30 snrDb 15 frames 50000 errors 0 MAX_FRAMES_REACHED
K200_M255K207 snrIndex 31 snrDb 15.5 frames 50000 errors 0 MAX_FRAMES_REACHED
K200_M255K207 snrIndex 32 snrDb 16 frames 50000 errors 0 MAX_FRAMES_REACHED
K200_M255K207 snrIndex 33 snrDb 16.5 frames 50000 errors 0 MAX_FRAMES_REACHED
K200_M255K207 snrIndex 34 snrDb 17 frames 50000 errors 0 MAX_FRAMES_REACHED
K200_M255K207 snrIndex 35 snrDb 17.5 frames 50000 errors 0 MAX_FRAMES_REACHED
K200_M255K207 snrIndex 36 snrDb 18 frames 50000 errors 0 MAX_FRAMES_REACHED
K200_M511K421 snrIndex 0 snrDb 0 frames 1000 errors 1000 TARGET_FRAME_ERRORS_REACHED
K200_M511K421 snrIndex 1 snrDb 0.5 frames 1000 errors 1000 TARGET_FRAME_ERRORS_REACHED
K200_M511K421 snrIndex 2 snrDb 1 frames 1000 errors 1000 TARGET_FRAME_ERRORS_REACHED
K200_M511K421 snrIndex 3 snrDb 1.5 frames 1000 errors 1000 TARGET_FRAME_ERRORS_REACHED
K200_M511K421 snrIndex 4 snrDb 2 frames 1000 errors 1000 TARGET_FRAME_ERRORS_REACHED
K200_M511K421 snrIndex 5 snrDb 2.5 frames 1000 errors 1000 TARGET_FRAME_ERRORS_REACHED
K200_M511K421 snrIndex 6 snrDb 3 frames 1000 errors 997 TARGET_FRAME_ERRORS_REACHED
K200_M511K421 snrIndex 7 snrDb 3.5 frames 1000 errors 986 TARGET_FRAME_ERRORS_REACHED
K200_M511K421 snrIndex 8 snrDb 4 frames 1000 errors 950 TARGET_FRAME_ERRORS_REACHED
K200_M511K421 snrIndex 9 snrDb 4.5 frames 1000 errors 813 TARGET_FRAME_ERRORS_REACHED
K200_M511K421 snrIndex 10 snrDb 5 frames 1000 errors 562 TARGET_FRAME_ERRORS_REACHED
K200_M511K421 snrIndex 11 snrDb 5.5 frames 1000 errors 243 TARGET_FRAME_ERRORS_REACHED
K200_M511K421 snrIndex 12 snrDb 6 frames 2540 errors 200 TARGET_FRAME_ERRORS_REACHED
K200_M511K421 snrIndex 13 snrDb 6.5 frames 17578 errors 200 TARGET_FRAME_ERRORS_REACHED
K200_M511K421 snrIndex 14 snrDb 7 frames 50000 errors 49 MAX_FRAMES_REACHED
K200_M511K421 snrIndex 15 snrDb 7.5 frames 50000 errors 3 MAX_FRAMES_REACHED
K200_M511K421 snrIndex 16 snrDb 8 frames 50000 errors 0 MAX_FRAMES_REACHED
K200_M511K421 snrIndex 17 snrDb 8.5 frames 50000 errors 0 MAX_FRAMES_REACHED
K200_M511K421 snrIndex 18 snrDb 9 frames 50000 errors 0 MAX_FRAMES_REACHED
K200_M511K421 snrIndex 19 snrDb 9.5 frames 50000 errors 0 MAX_FRAMES_REACHED
K200_M511K421 snrIndex 20 snrDb 10 frames 50000 errors 0 MAX_FRAMES_REACHED
K200_M511K421 snrIndex 21 snrDb 10.5 frames 50000 errors 0 MAX_FRAMES_REACHED
K200_M511K421 snrIndex 22 snrDb 11 frames 50000 errors 0 MAX_FRAMES_REACHED
K200_M511K421 snrIndex 23 snrDb 11.5 frames 50000 errors 0 MAX_FRAMES_REACHED
K200_M511K421 snrIndex 24 snrDb 12 frames 50000 errors 0 MAX_FRAMES_REACHED
K200_M511K421 snrIndex 25 snrDb 12.5 frames 50000 errors 0 MAX_FRAMES_REACHED
K200_M511K421 snrIndex 26 snrDb 13 frames 50000 errors 0 MAX_FRAMES_REACHED
K200_M511K421 snrIndex 27 snrDb 13.5 frames 50000 errors 0 MAX_FRAMES_REACHED
K200_M511K421 snrIndex 28 snrDb 14 frames 50000 errors 0 MAX_FRAMES_REACHED
K200_M511K421 snrIndex 29 snrDb 14.5 frames 50000 errors 0 MAX_FRAMES_REACHED
K200_M511K421 snrIndex 30 snrDb 15 frames 50000 errors 0 MAX_FRAMES_REACHED
K200_M511K421 snrIndex 31 snrDb 15.5 frames 50000 errors 0 MAX_FRAMES_REACHED
K200_M511K421 snrIndex 32 snrDb 16 frames 50000 errors 0 MAX_FRAMES_REACHED
K200_M511K421 snrIndex 33 snrDb 16.5 frames 50000 errors 0 MAX_FRAMES_REACHED
K200_M511K421 snrIndex 34 snrDb 17 frames 50000 errors 0 MAX_FRAMES_REACHED
K200_M511K421 snrIndex 35 snrDb 17.5 frames 50000 errors 0 MAX_FRAMES_REACHED
K200_M511K421 snrIndex 36 snrDb 18 frames 50000 errors 0 MAX_FRAMES_REACHED
K200_M511K385 snrIndex 0 snrDb 0 frames 1000 errors 1000 TARGET_FRAME_ERRORS_REACHED
K200_M511K385 snrIndex 1 snrDb 0.5 frames 1000 errors 1000 TARGET_FRAME_ERRORS_REACHED
K200_M511K385 snrIndex 2 snrDb 1 frames 1000 errors 1000 TARGET_FRAME_ERRORS_REACHED
K200_M511K385 snrIndex 3 snrDb 1.5 frames 1000 errors 1000 TARGET_FRAME_ERRORS_REACHED
K200_M511K385 snrIndex 4 snrDb 2 frames 1000 errors 1000 TARGET_FRAME_ERRORS_REACHED
K200_M511K385 snrIndex 5 snrDb 2.5 frames 1000 errors 1000 TARGET_FRAME_ERRORS_REACHED
K200_M511K385 snrIndex 6 snrDb 3 frames 1000 errors 989 TARGET_FRAME_ERRORS_REACHED
K200_M511K385 snrIndex 7 snrDb 3.5 frames 1000 errors 962 TARGET_FRAME_ERRORS_REACHED
K200_M511K385 snrIndex 8 snrDb 4 frames 1000 errors 823 TARGET_FRAME_ERRORS_REACHED
K200_M511K385 snrIndex 9 snrDb 4.5 frames 1000 errors 561 TARGET_FRAME_ERRORS_REACHED
K200_M511K385 snrIndex 10 snrDb 5 frames 1000 errors 235 TARGET_FRAME_ERRORS_REACHED
K200_M511K385 snrIndex 11 snrDb 5.5 frames 2963 errors 200 TARGET_FRAME_ERRORS_REACHED
K200_M511K385 snrIndex 12 snrDb 6 frames 23451 errors 200 TARGET_FRAME_ERRORS_REACHED
K200_M511K385 snrIndex 13 snrDb 6.5 frames 50000 errors 42 MAX_FRAMES_REACHED
K200_M511K385 snrIndex 14 snrDb 7 frames 50000 errors 0 MAX_FRAMES_REACHED
K200_M511K385 snrIndex 15 snrDb 7.5 frames 50000 errors 0 MAX_FRAMES_REACHED
K200_M511K385 snrIndex 16 snrDb 8 frames 50000 errors 0 MAX_FRAMES_REACHED
K200_M511K385 snrIndex 17 snrDb 8.5 frames 50000 errors 0 MAX_FRAMES_REACHED
K200_M511K385 snrIndex 18 snrDb 9 frames 50000 errors 0 MAX_FRAMES_REACHED
K200_M511K385 snrIndex 19 snrDb 9.5 frames 50000 errors 0 MAX_FRAMES_REACHED
K200_M511K385 snrIndex 20 snrDb 10 frames 50000 errors 0 MAX_FRAMES_REACHED
K200_M511K385 snrIndex 21 snrDb 10.5 frames 50000 errors 0 MAX_FRAMES_REACHED
K200_M511K385 snrIndex 22 snrDb 11 frames 50000 errors 0 MAX_FRAMES_REACHED
K200_M511K385 snrIndex 23 snrDb 11.5 frames 50000 errors 0 MAX_FRAMES_REACHED
K200_M511K385 snrIndex 24 snrDb 12 frames 50000 errors 0 MAX_FRAMES_REACHED
K200_M511K385 snrIndex 25 snrDb 12.5 frames 50000 errors 0 MAX_FRAMES_REACHED
K200_M511K385 snrIndex 26 snrDb 13 frames 50000 errors 0 MAX_FRAMES_REACHED
K200_M511K385 snrIndex 27 snrDb 13.5 frames 50000 errors 0 MAX_FRAMES_REACHED
K200_M511K385 snrIndex 28 snrDb 14 frames 50000 errors 0 MAX_FRAMES_REACHED
K200_M511K385 snrIndex 29 snrDb 14.5 frames 50000 errors 0 MAX_FRAMES_REACHED
K200_M511K385 snrIndex 30 snrDb 15 frames 50000 errors 0 MAX_FRAMES_REACHED
K200_M511K385 snrIndex 31 snrDb 15.5 frames 50000 errors 0 MAX_FRAMES_REACHED
K200_M511K385 snrIndex 32 snrDb 16 frames 50000 errors 0 MAX_FRAMES_REACHED
K200_M511K385 snrIndex 33 snrDb 16.5 frames 50000 errors 0 MAX_FRAMES_REACHED
K200_M511K385 snrIndex 34 snrDb 17 frames 50000 errors 0 MAX_FRAMES_REACHED
K200_M511K385 snrIndex 35 snrDb 17.5 frames 50000 errors 0 MAX_FRAMES_REACHED
K200_M511K385 snrIndex 36 snrDb 18 frames 50000 errors 0 MAX_FRAMES_REACHED
K300_S15 snrIndex 0 snrDb 0 frames 1000 errors 1000 TARGET_FRAME_ERRORS_REACHED
K300_S15 snrIndex 1 snrDb 0.5 frames 1000 errors 1000 TARGET_FRAME_ERRORS_REACHED
K300_S15 snrIndex 2 snrDb 1 frames 1000 errors 1000 TARGET_FRAME_ERRORS_REACHED
K300_S15 snrIndex 3 snrDb 1.5 frames 1000 errors 1000 TARGET_FRAME_ERRORS_REACHED
K300_S15 snrIndex 4 snrDb 2 frames 1000 errors 1000 TARGET_FRAME_ERRORS_REACHED
K300_S15 snrIndex 5 snrDb 2.5 frames 1000 errors 1000 TARGET_FRAME_ERRORS_REACHED
K300_S15 snrIndex 6 snrDb 3 frames 1000 errors 1000 TARGET_FRAME_ERRORS_REACHED
K300_S15 snrIndex 7 snrDb 3.5 frames 1000 errors 1000 TARGET_FRAME_ERRORS_REACHED
K300_S15 snrIndex 8 snrDb 4 frames 1000 errors 1000 TARGET_FRAME_ERRORS_REACHED
K300_S15 snrIndex 9 snrDb 4.5 frames 1000 errors 990 TARGET_FRAME_ERRORS_REACHED
K300_S15 snrIndex 10 snrDb 5 frames 1000 errors 947 TARGET_FRAME_ERRORS_REACHED
K300_S15 snrIndex 11 snrDb 5.5 frames 1000 errors 872 TARGET_FRAME_ERRORS_REACHED
K300_S15 snrIndex 12 snrDb 6 frames 1000 errors 717 TARGET_FRAME_ERRORS_REACHED
K300_S15 snrIndex 13 snrDb 6.5 frames 1000 errors 522 TARGET_FRAME_ERRORS_REACHED
K300_S15 snrIndex 14 snrDb 7 frames 1000 errors 308 TARGET_FRAME_ERRORS_REACHED
K300_S15 snrIndex 15 snrDb 7.5 frames 1089 errors 200 TARGET_FRAME_ERRORS_REACHED
K300_S15 snrIndex 16 snrDb 8 frames 2353 errors 200 TARGET_FRAME_ERRORS_REACHED
K300_S15 snrIndex 17 snrDb 8.5 frames 4573 errors 200 TARGET_FRAME_ERRORS_REACHED
K300_S15 snrIndex 18 snrDb 9 frames 13793 errors 200 TARGET_FRAME_ERRORS_REACHED
K300_S15 snrIndex 19 snrDb 9.5 frames 36385 errors 200 TARGET_FRAME_ERRORS_REACHED
K300_S15 snrIndex 20 snrDb 10 frames 50000 errors 86 MAX_FRAMES_REACHED
K300_S15 snrIndex 21 snrDb 10.5 frames 50000 errors 27 MAX_FRAMES_REACHED
K300_S15 snrIndex 22 snrDb 11 frames 50000 errors 5 MAX_FRAMES_REACHED
K300_S15 snrIndex 23 snrDb 11.5 frames 50000 errors 2 MAX_FRAMES_REACHED
K300_S15 snrIndex 24 snrDb 12 frames 50000 errors 1 MAX_FRAMES_REACHED
K300_S15 snrIndex 25 snrDb 12.5 frames 50000 errors 0 MAX_FRAMES_REACHED
K300_S15 snrIndex 26 snrDb 13 frames 50000 errors 0 MAX_FRAMES_REACHED
K300_S15 snrIndex 27 snrDb 13.5 frames 50000 errors 0 MAX_FRAMES_REACHED
K300_S15 snrIndex 28 snrDb 14 frames 50000 errors 0 MAX_FRAMES_REACHED
K300_S15 snrIndex 29 snrDb 14.5 frames 50000 errors 0 MAX_FRAMES_REACHED
K300_S15 snrIndex 30 snrDb 15 frames 50000 errors 0 MAX_FRAMES_REACHED
K300_S15 snrIndex 31 snrDb 15.5 frames 50000 errors 0 MAX_FRAMES_REACHED
K300_S15 snrIndex 32 snrDb 16 frames 50000 errors 0 MAX_FRAMES_REACHED
K300_S15 snrIndex 33 snrDb 16.5 frames 50000 errors 0 MAX_FRAMES_REACHED
K300_S15 snrIndex 34 snrDb 17 frames 50000 errors 0 MAX_FRAMES_REACHED
K300_S15 snrIndex 35 snrDb 17.5 frames 50000 errors 0 MAX_FRAMES_REACHED
K300_S15 snrIndex 36 snrDb 18 frames 50000 errors 0 MAX_FRAMES_REACHED
K300_M255K207 snrIndex 0 snrDb 0 frames 1000 errors 1000 TARGET_FRAME_ERRORS_REACHED
K300_M255K207 snrIndex 1 snrDb 0.5 frames 1000 errors 1000 TARGET_FRAME_ERRORS_REACHED
K300_M255K207 snrIndex 2 snrDb 1 frames 1000 errors 1000 TARGET_FRAME_ERRORS_REACHED
K300_M255K207 snrIndex 3 snrDb 1.5 frames 1000 errors 1000 TARGET_FRAME_ERRORS_REACHED
K300_M255K207 snrIndex 4 snrDb 2 frames 1000 errors 1000 TARGET_FRAME_ERRORS_REACHED
K300_M255K207 snrIndex 5 snrDb 2.5 frames 1000 errors 1000 TARGET_FRAME_ERRORS_REACHED
K300_M255K207 snrIndex 6 snrDb 3 frames 1000 errors 1000 TARGET_FRAME_ERRORS_REACHED
K300_M255K207 snrIndex 7 snrDb 3.5 frames 1000 errors 1000 TARGET_FRAME_ERRORS_REACHED
K300_M255K207 snrIndex 8 snrDb 4 frames 1000 errors 996 TARGET_FRAME_ERRORS_REACHED
K300_M255K207 snrIndex 9 snrDb 4.5 frames 1000 errors 973 TARGET_FRAME_ERRORS_REACHED
K300_M255K207 snrIndex 10 snrDb 5 frames 1000 errors 875 TARGET_FRAME_ERRORS_REACHED
K300_M255K207 snrIndex 11 snrDb 5.5 frames 1000 errors 622 TARGET_FRAME_ERRORS_REACHED
K300_M255K207 snrIndex 12 snrDb 6 frames 1000 errors 306 TARGET_FRAME_ERRORS_REACHED
K300_M255K207 snrIndex 13 snrDb 6.5 frames 1749 errors 200 TARGET_FRAME_ERRORS_REACHED
K300_M255K207 snrIndex 14 snrDb 7 frames 7334 errors 200 TARGET_FRAME_ERRORS_REACHED
K300_M255K207 snrIndex 15 snrDb 7.5 frames 44537 errors 200 TARGET_FRAME_ERRORS_REACHED
K300_M255K207 snrIndex 16 snrDb 8 frames 50000 errors 25 MAX_FRAMES_REACHED
K300_M255K207 snrIndex 17 snrDb 8.5 frames 50000 errors 1 MAX_FRAMES_REACHED
K300_M255K207 snrIndex 18 snrDb 9 frames 50000 errors 0 MAX_FRAMES_REACHED
K300_M255K207 snrIndex 19 snrDb 9.5 frames 50000 errors 0 MAX_FRAMES_REACHED
K300_M255K207 snrIndex 20 snrDb 10 frames 50000 errors 0 MAX_FRAMES_REACHED
K300_M255K207 snrIndex 21 snrDb 10.5 frames 50000 errors 0 MAX_FRAMES_REACHED
K300_M255K207 snrIndex 22 snrDb 11 frames 50000 errors 0 MAX_FRAMES_REACHED
K300_M255K207 snrIndex 23 snrDb 11.5 frames 50000 errors 0 MAX_FRAMES_REACHED
K300_M255K207 snrIndex 24 snrDb 12 frames 50000 errors 0 MAX_FRAMES_REACHED
K300_M255K207 snrIndex 25 snrDb 12.5 frames 50000 errors 0 MAX_FRAMES_REACHED
K300_M255K207 snrIndex 26 snrDb 13 frames 50000 errors 0 MAX_FRAMES_REACHED
K300_M255K207 snrIndex 27 snrDb 13.5 frames 50000 errors 0 MAX_FRAMES_REACHED
K300_M255K207 snrIndex 28 snrDb 14 frames 50000 errors 0 MAX_FRAMES_REACHED
K300_M255K207 snrIndex 29 snrDb 14.5 frames 50000 errors 0 MAX_FRAMES_REACHED
K300_M255K207 snrIndex 30 snrDb 15 frames 50000 errors 0 MAX_FRAMES_REACHED
K300_M255K207 snrIndex 31 snrDb 15.5 frames 50000 errors 0 MAX_FRAMES_REACHED
K300_M255K207 snrIndex 32 snrDb 16 frames 50000 errors 0 MAX_FRAMES_REACHED
K300_M255K207 snrIndex 33 snrDb 16.5 frames 50000 errors 0 MAX_FRAMES_REACHED
K300_M255K207 snrIndex 34 snrDb 17 frames 50000 errors 0 MAX_FRAMES_REACHED
K300_M255K207 snrIndex 35 snrDb 17.5 frames 50000 errors 0 MAX_FRAMES_REACHED
K300_M255K207 snrIndex 36 snrDb 18 frames 50000 errors 0 MAX_FRAMES_REACHED
K300_M511K421 snrIndex 0 snrDb 0 frames 1000 errors 1000 TARGET_FRAME_ERRORS_REACHED
K300_M511K421 snrIndex 1 snrDb 0.5 frames 1000 errors 1000 TARGET_FRAME_ERRORS_REACHED
K300_M511K421 snrIndex 2 snrDb 1 frames 1000 errors 1000 TARGET_FRAME_ERRORS_REACHED
K300_M511K421 snrIndex 3 snrDb 1.5 frames 1000 errors 1000 TARGET_FRAME_ERRORS_REACHED
K300_M511K421 snrIndex 4 snrDb 2 frames 1000 errors 1000 TARGET_FRAME_ERRORS_REACHED
K300_M511K421 snrIndex 5 snrDb 2.5 frames 1000 errors 1000 TARGET_FRAME_ERRORS_REACHED
K300_M511K421 snrIndex 6 snrDb 3 frames 1000 errors 1000 TARGET_FRAME_ERRORS_REACHED
K300_M511K421 snrIndex 7 snrDb 3.5 frames 1000 errors 1000 TARGET_FRAME_ERRORS_REACHED
K300_M511K421 snrIndex 8 snrDb 4 frames 1000 errors 994 TARGET_FRAME_ERRORS_REACHED
K300_M511K421 snrIndex 9 snrDb 4.5 frames 1000 errors 974 TARGET_FRAME_ERRORS_REACHED
K300_M511K421 snrIndex 10 snrDb 5 frames 1000 errors 865 TARGET_FRAME_ERRORS_REACHED
K300_M511K421 snrIndex 11 snrDb 5.5 frames 1000 errors 587 TARGET_FRAME_ERRORS_REACHED
K300_M511K421 snrIndex 12 snrDb 6 frames 1000 errors 292 TARGET_FRAME_ERRORS_REACHED
K300_M511K421 snrIndex 13 snrDb 6.5 frames 2566 errors 200 TARGET_FRAME_ERRORS_REACHED
K300_M511K421 snrIndex 14 snrDb 7 frames 16214 errors 200 TARGET_FRAME_ERRORS_REACHED
K300_M511K421 snrIndex 15 snrDb 7.5 frames 50000 errors 47 MAX_FRAMES_REACHED
K300_M511K421 snrIndex 16 snrDb 8 frames 50000 errors 5 MAX_FRAMES_REACHED
K300_M511K421 snrIndex 17 snrDb 8.5 frames 50000 errors 0 MAX_FRAMES_REACHED
K300_M511K421 snrIndex 18 snrDb 9 frames 50000 errors 0 MAX_FRAMES_REACHED
K300_M511K421 snrIndex 19 snrDb 9.5 frames 50000 errors 0 MAX_FRAMES_REACHED
K300_M511K421 snrIndex 20 snrDb 10 frames 50000 errors 0 MAX_FRAMES_REACHED
K300_M511K421 snrIndex 21 snrDb 10.5 frames 50000 errors 0 MAX_FRAMES_REACHED
K300_M511K421 snrIndex 22 snrDb 11 frames 50000 errors 0 MAX_FRAMES_REACHED
K300_M511K421 snrIndex 23 snrDb 11.5 frames 50000 errors 0 MAX_FRAMES_REACHED
K300_M511K421 snrIndex 24 snrDb 12 frames 50000 errors 0 MAX_FRAMES_REACHED
K300_M511K421 snrIndex 25 snrDb 12.5 frames 50000 errors 0 MAX_FRAMES_REACHED
K300_M511K421 snrIndex 26 snrDb 13 frames 50000 errors 0 MAX_FRAMES_REACHED
K300_M511K421 snrIndex 27 snrDb 13.5 frames 50000 errors 0 MAX_FRAMES_REACHED
K300_M511K421 snrIndex 28 snrDb 14 frames 50000 errors 0 MAX_FRAMES_REACHED
K300_M511K421 snrIndex 29 snrDb 14.5 frames 50000 errors 0 MAX_FRAMES_REACHED
K300_M511K421 snrIndex 30 snrDb 15 frames 50000 errors 0 MAX_FRAMES_REACHED
K300_M511K421 snrIndex 31 snrDb 15.5 frames 50000 errors 0 MAX_FRAMES_REACHED
K300_M511K421 snrIndex 32 snrDb 16 frames 50000 errors 0 MAX_FRAMES_REACHED
K300_M511K421 snrIndex 33 snrDb 16.5 frames 50000 errors 0 MAX_FRAMES_REACHED
K300_M511K421 snrIndex 34 snrDb 17 frames 50000 errors 0 MAX_FRAMES_REACHED
K300_M511K421 snrIndex 35 snrDb 17.5 frames 50000 errors 0 MAX_FRAMES_REACHED
K300_M511K421 snrIndex 36 snrDb 18 frames 50000 errors 0 MAX_FRAMES_REACHED
K300_M511K385 snrIndex 0 snrDb 0 frames 1000 errors 1000 TARGET_FRAME_ERRORS_REACHED
K300_M511K385 snrIndex 1 snrDb 0.5 frames 1000 errors 1000 TARGET_FRAME_ERRORS_REACHED
K300_M511K385 snrIndex 2 snrDb 1 frames 1000 errors 1000 TARGET_FRAME_ERRORS_REACHED
K300_M511K385 snrIndex 3 snrDb 1.5 frames 1000 errors 1000 TARGET_FRAME_ERRORS_REACHED
K300_M511K385 snrIndex 4 snrDb 2 frames 1000 errors 1000 TARGET_FRAME_ERRORS_REACHED
K300_M511K385 snrIndex 5 snrDb 2.5 frames 1000 errors 1000 TARGET_FRAME_ERRORS_REACHED
K300_M511K385 snrIndex 6 snrDb 3 frames 1000 errors 1000 TARGET_FRAME_ERRORS_REACHED
K300_M511K385 snrIndex 7 snrDb 3.5 frames 1000 errors 997 TARGET_FRAME_ERRORS_REACHED
K300_M511K385 snrIndex 8 snrDb 4 frames 1000 errors 986 TARGET_FRAME_ERRORS_REACHED
K300_M511K385 snrIndex 9 snrDb 4.5 frames 1000 errors 900 TARGET_FRAME_ERRORS_REACHED
K300_M511K385 snrIndex 10 snrDb 5 frames 1000 errors 611 TARGET_FRAME_ERRORS_REACHED
K300_M511K385 snrIndex 11 snrDb 5.5 frames 1000 errors 298 TARGET_FRAME_ERRORS_REACHED
K300_M511K385 snrIndex 12 snrDb 6 frames 2805 errors 200 TARGET_FRAME_ERRORS_REACHED
K300_M511K385 snrIndex 13 snrDb 6.5 frames 22773 errors 200 TARGET_FRAME_ERRORS_REACHED
K300_M511K385 snrIndex 14 snrDb 7 frames 50000 errors 31 MAX_FRAMES_REACHED
K300_M511K385 snrIndex 15 snrDb 7.5 frames 50000 errors 1 MAX_FRAMES_REACHED
K300_M511K385 snrIndex 16 snrDb 8 frames 50000 errors 0 MAX_FRAMES_REACHED
K300_M511K385 snrIndex 17 snrDb 8.5 frames 50000 errors 0 MAX_FRAMES_REACHED
K300_M511K385 snrIndex 18 snrDb 9 frames 50000 errors 0 MAX_FRAMES_REACHED
K300_M511K385 snrIndex 19 snrDb 9.5 frames 50000 errors 0 MAX_FRAMES_REACHED
K300_M511K385 snrIndex 20 snrDb 10 frames 50000 errors 0 MAX_FRAMES_REACHED
K300_M511K385 snrIndex 21 snrDb 10.5 frames 50000 errors 0 MAX_FRAMES_REACHED
K300_M511K385 snrIndex 22 snrDb 11 frames 50000 errors 0 MAX_FRAMES_REACHED
K300_M511K385 snrIndex 23 snrDb 11.5 frames 50000 errors 0 MAX_FRAMES_REACHED
K300_M511K385 snrIndex 24 snrDb 12 frames 50000 errors 0 MAX_FRAMES_REACHED
K300_M511K385 snrIndex 25 snrDb 12.5 frames 50000 errors 0 MAX_FRAMES_REACHED
K300_M511K385 snrIndex 26 snrDb 13 frames 50000 errors 0 MAX_FRAMES_REACHED
K300_M511K385 snrIndex 27 snrDb 13.5 frames 50000 errors 0 MAX_FRAMES_REACHED
K300_M511K385 snrIndex 28 snrDb 14 frames 50000 errors 0 MAX_FRAMES_REACHED
K300_M511K385 snrIndex 29 snrDb 14.5 frames 50000 errors 0 MAX_FRAMES_REACHED
K300_M511K385 snrIndex 30 snrDb 15 frames 50000 errors 0 MAX_FRAMES_REACHED
K300_M511K385 snrIndex 31 snrDb 15.5 frames 50000 errors 0 MAX_FRAMES_REACHED
K300_M511K385 snrIndex 32 snrDb 16 frames 50000 errors 0 MAX_FRAMES_REACHED
K300_M511K385 snrIndex 33 snrDb 16.5 frames 50000 errors 0 MAX_FRAMES_REACHED
K300_M511K385 snrIndex 34 snrDb 17 frames 50000 errors 0 MAX_FRAMES_REACHED
K300_M511K385 snrIndex 35 snrDb 17.5 frames 50000 errors 0 MAX_FRAMES_REACHED
K300_M511K385 snrIndex 36 snrDb 18 frames 50000 errors 0 MAX_FRAMES_REACHED
PASS_STAGE07_AWGN_DENSE_FORMAL_RUNNER
